#-----------------------------------------------------------
# Vivado v2025.1 (64-bit)
# SW Build 6140274 on Wed May 21 22:58:25 MDT 2025
# IP Build 6138677 on Thu May 22 03:10:11 MDT 2025
# SharedData Build 6139179 on Tue May 20 17:58:58 MDT 2025
# Start of session at: Mon Mar  9 00:22:54 2026
# Process ID         : 946388
# Current directory  : /home/srn6/pprojs/risc-v
# Command line       : vivado
# Log file           : /home/srn6/pprojs/risc-v/vivado.log
# Journal file       : /home/srn6/pprojs/risc-v/vivado.jou
# Running On         : gelib-4e-37.ews.illinois.edu
# Platform           : RedHatEnterprise
# Operating System   : Red Hat Enterprise Linux 9.7 (Plow)
# Processor Detail   : Intel(R) Xeon(R) W-1350 @ 3.30GHz
# CPU Frequency      : 4183.015 MHz
# CPU Physical cores : 6
# CPU Logical cores  : 12
# Host memory        : 16208 MB
# Swap memory        : 4294 MB
# Total Virtual      : 20503 MB
# Available Virtual  : 17724 MB
#-----------------------------------------------------------
start_gui
WARNING: [Board 49-26] cannot add Board Part xilinx.com:zcu208ld:part0:2.0 available at /software/xilinx-2025.1/2025.1/data/xhub/boards/XilinxBoardStore/boards/Xilinx/zcu208ld/production/2.0/board.xml as part xczu58dr-fsvg1517-2-i specified in board_part file is either invalid or not available
WARNING: [Board 49-26] cannot add Board Part xilinx.com:zcu216ld:part0:2.0 available at /software/xilinx-2025.1/2025.1/data/xhub/boards/XilinxBoardStore/boards/Xilinx/zcu216ld/production/2.0/board.xml as part xczu59dr-ffvf1760-2-i specified in board_part file is either invalid or not available
WARNING: [Board 49-26] cannot add Board Part xilinx.com:zcu670ld:part0:1.0 available at /software/xilinx-2025.1/2025.1/data/xhub/boards/XilinxBoardStore/boards/Xilinx/zcu670ld/1.0/board.xml as part xczu57dr-fsve1156-2-i specified in board_part file is either invalid or not available
open_project /home/srn6/pprojs/risc-v/risc-v/risc-v.xpr
INFO: [Project 1-313] Project file moved from '/home/rohankr2/projects/risc-v/risc-v' since last save.
Scanning sources...
Finished scanning sources
WARNING: [Board 49-26] cannot add Board Part xilinx.com:zcu208ld:part0:2.0 available at /software/xilinx-2025.1/2025.1/data/xhub/boards/XilinxBoardStore/boards/Xilinx/zcu208ld/production/2.0/board.xml as part xczu58dr-fsvg1517-2-i specified in board_part file is either invalid or not available
WARNING: [Board 49-26] cannot add Board Part xilinx.com:zcu216ld:part0:2.0 available at /software/xilinx-2025.1/2025.1/data/xhub/boards/XilinxBoardStore/boards/Xilinx/zcu216ld/production/2.0/board.xml as part xczu59dr-ffvf1760-2-i specified in board_part file is either invalid or not available
WARNING: [Board 49-26] cannot add Board Part xilinx.com:zcu670ld:part0:1.0 available at /software/xilinx-2025.1/2025.1/data/xhub/boards/XilinxBoardStore/boards/Xilinx/zcu670ld/1.0/board.xml as part xczu57dr-fsve1156-2-i specified in board_part file is either invalid or not available
WARNING: [Project 1-5713] Board part '' set for the project  is not found. BoardPart property will be unset. Please select board from latest repo build 
INFO: [IP_Flow 19-234] Refreshing IP repositories
INFO: [IP_Flow 19-1704] No user IP repositories specified
INFO: [IP_Flow 19-2313] Loaded Vivado IP repository '/software/xilinx-2025.1/2025.1/Vivado/data/ip'.
WARNING: [filemgmt 56-199] Attempt to get parsing info during refresh. "On-the-fly" syntax checking information may be incorrect. [/home/srn6/pprojs/risc-v/risc-v/risc-v.srcs/sources_1/new/rv_pipe_pkg.sv:]
WARNING: [filemgmt 56-199] Attempt to get parsing info during refresh. "On-the-fly" syntax checking information may be incorrect. [/home/srn6/pprojs/risc-v/risc-v/risc-v.srcs/sources_1/new/fetch_stage.sv:]
WARNING: [filemgmt 56-199] Attempt to get parsing info during refresh. "On-the-fly" syntax checking information may be incorrect. [/home/srn6/pprojs/risc-v/risc-v/risc-v.srcs/sources_1/new/top.sv:]
WARNING: [filemgmt 56-199] Attempt to get parsing info during refresh. "On-the-fly" syntax checking information may be incorrect. [/home/srn6/pprojs/risc-v/risc-v/risc-v.srcs/sources_1/new/top.sv:]
WARNING: [filemgmt 56-199] Attempt to get parsing info during refresh. "On-the-fly" syntax checking information may be incorrect. [/home/srn6/pprojs/risc-v/risc-v/risc-v.srcs/sources_1/new/top.sv:]
WARNING: [filemgmt 56-199] Attempt to get parsing info during refresh. "On-the-fly" syntax checking information may be incorrect. [/home/srn6/pprojs/risc-v/risc-v/risc-v.srcs/sources_1/new/rv_pipe_pkg.sv:]
WARNING: [filemgmt 56-199] Attempt to get parsing info during refresh. "On-the-fly" syntax checking information may be incorrect. [/home/srn6/pprojs/risc-v/risc-v/risc-v.srcs/sources_1/new/fetch_stage.sv:]
WARNING: [filemgmt 56-199] Attempt to get parsing info during refresh. "On-the-fly" syntax checking information may be incorrect. [/home/srn6/pprojs/risc-v/risc-v/risc-v.srcs/sources_1/new/top.sv:]
WARNING: [filemgmt 56-199] Attempt to get parsing info during refresh. "On-the-fly" syntax checking information may be incorrect. [/home/srn6/pprojs/risc-v/risc-v/risc-v.srcs/sources_1/new/fetch_stage.sv:]
WARNING: [filemgmt 56-199] Attempt to get parsing info during refresh. "On-the-fly" syntax checking information may be incorrect. [/home/srn6/pprojs/risc-v/risc-v/risc-v.srcs/sources_1/new/fetch_stage.sv:]
WARNING: [filemgmt 56-199] Attempt to get parsing info during refresh. "On-the-fly" syntax checking information may be incorrect. [/home/srn6/pprojs/risc-v/risc-v/risc-v.srcs/sources_1/new/rv_pipe_pkg.sv:]
WARNING: [filemgmt 56-199] Attempt to get parsing info during refresh. "On-the-fly" syntax checking information may be incorrect. [/home/srn6/pprojs/risc-v/risc-v/risc-v.srcs/sources_1/new/fetch_stage.sv:]
WARNING: [filemgmt 56-199] Attempt to get parsing info during refresh. "On-the-fly" syntax checking information may be incorrect. [/home/srn6/pprojs/risc-v/risc-v/risc-v.srcs/sources_1/new/top.sv:]
WARNING: [filemgmt 56-199] Attempt to get parsing info during refresh. "On-the-fly" syntax checking information may be incorrect. [/home/srn6/pprojs/risc-v/risc-v/risc-v.srcs/sources_1/new/rv_pipe_pkg.sv:]
WARNING: [filemgmt 56-199] Attempt to get parsing info during refresh. "On-the-fly" syntax checking information may be incorrect. [/home/srn6/pprojs/risc-v/risc-v/risc-v.srcs/sources_1/new/rv_pipe_pkg.sv:]
WARNING: [filemgmt 56-199] Attempt to get parsing info during refresh. "On-the-fly" syntax checking information may be incorrect. [/home/srn6/pprojs/risc-v/risc-v/risc-v.srcs/sources_1/new/rv_pipe_pkg.sv:]
WARNING: [filemgmt 56-199] Attempt to get parsing info during refresh. "On-the-fly" syntax checking information may be incorrect. [/home/srn6/pprojs/risc-v/risc-v/risc-v.srcs/sources_1/new/fetch_stage.sv:]
WARNING: [filemgmt 56-199] Attempt to get parsing info during refresh. "On-the-fly" syntax checking information may be incorrect. [/home/srn6/pprojs/risc-v/risc-v/risc-v.srcs/sources_1/new/top.sv:]
WARNING: [filemgmt 56-199] Attempt to get parsing info during refresh. "On-the-fly" syntax checking information may be incorrect. [/home/srn6/pprojs/risc-v/risc-v/risc-v.srcs/sources_1/new/top.sv:]
WARNING: [filemgmt 56-199] Attempt to get parsing info during refresh. "On-the-fly" syntax checking information may be incorrect. [/home/srn6/pprojs/risc-v/risc-v/risc-v.srcs/sources_1/new/top.sv:]
reset_run synth_1
INFO: [Project 1-1161] Replacing file /home/srn6/pprojs/risc-v/risc-v/risc-v.srcs/utils_1/imports/synth_1/instruction_memory.dcp with file /home/srn6/pprojs/risc-v/risc-v/risc-v.runs/synth_1/top.dcp
launch_runs impl_1 -jobs 6
INFO: [Vivado 12-4149] The synthesis checkpoint for IP '/home/srn6/pprojs/risc-v/risc-v/risc-v.srcs/sources_1/ip/blk_mem_gen_1_1/blk_mem_gen_1.xci' is already up-to-date
INFO: [Vivado 12-4149] The synthesis checkpoint for IP '/home/srn6/pprojs/risc-v/risc-v/risc-v.srcs/sources_1/ip/blk_mem_gen_0_1/blk_mem_gen_0.xci' is already up-to-date
WARNING: [filemgmt 56-199] Attempt to get parsing info during refresh. "On-the-fly" syntax checking information may be incorrect. [/home/srn6/pprojs/risc-v/risc-v/risc-v.srcs/sources_1/new/rv_pipe_pkg.sv:]
WARNING: [filemgmt 56-199] Attempt to get parsing info during refresh. "On-the-fly" syntax checking information may be incorrect. [/home/srn6/pprojs/risc-v/risc-v/risc-v.srcs/sources_1/new/fetch_stage.sv:]
WARNING: [filemgmt 56-199] Attempt to get parsing info during refresh. "On-the-fly" syntax checking information may be incorrect. [/home/srn6/pprojs/risc-v/risc-v/risc-v.srcs/sources_1/new/top.sv:]
WARNING: [filemgmt 56-199] Attempt to get parsing info during refresh. "On-the-fly" syntax checking information may be incorrect. [/home/srn6/pprojs/risc-v/risc-v/risc-v.srcs/sources_1/new/rv_pipe_pkg.sv:]
WARNING: [filemgmt 56-199] Attempt to get parsing info during refresh. "On-the-fly" syntax checking information may be incorrect. [/home/srn6/pprojs/risc-v/risc-v/risc-v.srcs/sources_1/new/rv_pipe_pkg.sv:]
[Mon Mar  9 00:26:54 2026] Launched synth_1...
Run output will be captured here: /home/srn6/pprojs/risc-v/risc-v/risc-v.runs/synth_1/runme.log
[Mon Mar  9 00:26:54 2026] Launched impl_1...
Run output will be captured here: /home/srn6/pprojs/risc-v/risc-v/risc-v.runs/impl_1/runme.log
WARNING: [filemgmt 56-199] Attempt to get parsing info during refresh. "On-the-fly" syntax checking information may be incorrect. [/home/srn6/pprojs/risc-v/risc-v/risc-v.srcs/sources_1/new/rv_pipe_pkg.sv:]
WARNING: [filemgmt 56-199] Attempt to get parsing info during refresh. "On-the-fly" syntax checking information may be incorrect. [/home/srn6/pprojs/risc-v/risc-v/risc-v.srcs/sources_1/new/fetch_stage.sv:]
WARNING: [filemgmt 56-199] Attempt to get parsing info during refresh. "On-the-fly" syntax checking information may be incorrect. [/home/srn6/pprojs/risc-v/risc-v/risc-v.srcs/sources_1/new/top.sv:]
WARNING: [filemgmt 56-199] Attempt to get parsing info during refresh. "On-the-fly" syntax checking information may be incorrect. [/home/srn6/pprojs/risc-v/risc-v/risc-v.srcs/sources_1/new/fetch_stage.sv:]
WARNING: [filemgmt 56-199] Attempt to get parsing info during refresh. "On-the-fly" syntax checking information may be incorrect. [/home/srn6/pprojs/risc-v/risc-v/risc-v.srcs/sources_1/new/fetch_stage.sv:]
WARNING: [filemgmt 56-199] Attempt to get parsing info during refresh. "On-the-fly" syntax checking information may be incorrect. [/home/srn6/pprojs/risc-v/risc-v/risc-v.srcs/sources_1/new/rv_pipe_pkg.sv:]
WARNING: [filemgmt 56-199] Attempt to get parsing info during refresh. "On-the-fly" syntax checking information may be incorrect. [/home/srn6/pprojs/risc-v/risc-v/risc-v.srcs/sources_1/new/fetch_stage.sv:]
WARNING: [filemgmt 56-199] Attempt to get parsing info during refresh. "On-the-fly" syntax checking information may be incorrect. [/home/srn6/pprojs/risc-v/risc-v/risc-v.srcs/sources_1/new/top.sv:]
WARNING: [filemgmt 56-199] Attempt to get parsing info during refresh. "On-the-fly" syntax checking information may be incorrect. [/home/srn6/pprojs/risc-v/risc-v/risc-v.srcs/sources_1/new/top.sv:]
WARNING: [filemgmt 56-199] Attempt to get parsing info during refresh. "On-the-fly" syntax checking information may be incorrect. [/home/srn6/pprojs/risc-v/risc-v/risc-v.srcs/sources_1/new/top.sv:]
WARNING: [filemgmt 56-199] Attempt to get parsing info during refresh. "On-the-fly" syntax checking information may be incorrect. [/home/srn6/pprojs/risc-v/risc-v/risc-v.srcs/sources_1/new/rv_pipe_pkg.sv:]
WARNING: [filemgmt 56-199] Attempt to get parsing info during refresh. "On-the-fly" syntax checking information may be incorrect. [/home/srn6/pprojs/risc-v/risc-v/risc-v.srcs/sources_1/new/fetch_stage.sv:]
WARNING: [filemgmt 56-199] Attempt to get parsing info during refresh. "On-the-fly" syntax checking information may be incorrect. [/home/srn6/pprojs/risc-v/risc-v/risc-v.srcs/sources_1/new/top.sv:]
WARNING: [filemgmt 56-199] Attempt to get parsing info during refresh. "On-the-fly" syntax checking information may be incorrect. [/home/srn6/pprojs/risc-v/risc-v/risc-v.srcs/sources_1/new/fetch_stage.sv:]
WARNING: [filemgmt 56-199] Attempt to get parsing info during refresh. "On-the-fly" syntax checking information may be incorrect. [/home/srn6/pprojs/risc-v/risc-v/risc-v.srcs/sources_1/new/fetch_stage.sv:]
reset_run synth_1
launch_runs impl_1 -jobs 6
INFO: [Vivado 12-4149] The synthesis checkpoint for IP '/home/srn6/pprojs/risc-v/risc-v/risc-v.srcs/sources_1/ip/blk_mem_gen_1_1/blk_mem_gen_1.xci' is already up-to-date
INFO: [Vivado 12-4149] The synthesis checkpoint for IP '/home/srn6/pprojs/risc-v/risc-v/risc-v.srcs/sources_1/ip/blk_mem_gen_0_1/blk_mem_gen_0.xci' is already up-to-date
[Mon Mar  9 00:28:12 2026] Launched synth_1...
Run output will be captured here: /home/srn6/pprojs/risc-v/risc-v/risc-v.runs/synth_1/runme.log
[Mon Mar  9 00:28:12 2026] Launched impl_1...
Run output will be captured here: /home/srn6/pprojs/risc-v/risc-v/risc-v.runs/impl_1/runme.log
open_run impl_1
INFO: [Device 21-403] Loading part xc7s50csga324-1IL
INFO: [Common 17-41] Interrupt caught. Command should exit soon.
Netlist sorting complete. Time (s): cpu = 00:00:00 ; elapsed = 00:00:00.01 . Memory (MB): peak = 10718.301 ; gain = 0.000 ; free physical = 7818 ; free virtual = 15700
INFO: [Netlist 29-17] Analyzing 60 Unisim elements for replacement
INFO: [Netlist 29-28] Unisim Transformation completed in 0 CPU seconds
INFO: [Project 1-479] Netlist was created with Vivado 2025.1
INFO: [Common 17-344] 'open_run' was cancelled
open_run impl_1
Netlist sorting complete. Time (s): cpu = 00:00:00 ; elapsed = 00:00:00.01 . Memory (MB): peak = 10718.301 ; gain = 0.000 ; free physical = 7815 ; free virtual = 15697
INFO: [Netlist 29-17] Analyzing 60 Unisim elements for replacement
INFO: [Netlist 29-28] Unisim Transformation completed in 0 CPU seconds
INFO: [Project 1-479] Netlist was created with Vivado 2025.1
INFO: [Project 1-570] Preparing netlist for logic optimization
Read ShapeDB Complete: Time (s): cpu = 00:00:00 ; elapsed = 00:00:00 . Memory (MB): peak = 10771.207 ; gain = 0.000 ; free physical = 7756 ; free virtual = 15638
INFO: [Timing 38-478] Restoring timing data from binary archive.
INFO: [Timing 38-479] Binary timing data restore complete.
INFO: [Project 1-856] Restoring constraints from binary archive.
INFO: [Project 1-853] Binary constraint restore complete.
INFO: [Designutils 20-5722] Start Reading Physical Databases.
Reading placement.
Read Netlist Cache: Time (s): cpu = 00:00:00 ; elapsed = 00:00:00 . Memory (MB): peak = 11276.383 ; gain = 0.000 ; free physical = 7320 ; free virtual = 15202
Reading placer database...
Read Device Cache: Time (s): cpu = 00:00:00.01 ; elapsed = 00:00:00.01 . Memory (MB): peak = 11276.383 ; gain = 0.000 ; free physical = 7320 ; free virtual = 15202
Read PlaceDB: Time (s): cpu = 00:00:00.01 ; elapsed = 00:00:00.02 . Memory (MB): peak = 11276.383 ; gain = 0.000 ; free physical = 7320 ; free virtual = 15202
Read PulsedLatchDB: Time (s): cpu = 00:00:00 ; elapsed = 00:00:00 . Memory (MB): peak = 11276.383 ; gain = 0.000 ; free physical = 7320 ; free virtual = 15202
Reading routing.
Read RouteStorage: Time (s): cpu = 00:00:00.02 ; elapsed = 00:00:00 . Memory (MB): peak = 11276.383 ; gain = 0.000 ; free physical = 7320 ; free virtual = 15202
Read Physdb Files: Time (s): cpu = 00:00:00.04 ; elapsed = 00:00:00.05 . Memory (MB): peak = 11276.383 ; gain = 0.000 ; free physical = 7320 ; free virtual = 15202
Restored from archive | CPU: 0.050000 secs | Memory: 1.127556 MB |
Finished XDEF File Restore: Time (s): cpu = 00:00:00.04 ; elapsed = 00:00:00.05 . Memory (MB): peak = 11276.383 ; gain = 0.000 ; free physical = 7320 ; free virtual = 15202
Netlist sorting complete. Time (s): cpu = 00:00:00 ; elapsed = 00:00:00 . Memory (MB): peak = 11276.383 ; gain = 0.000 ; free physical = 7320 ; free virtual = 15202
INFO: [Project 1-111] Unisim Transformation Summary:
No Unisim elements were transformed.

open_run: Time (s): cpu = 00:00:10 ; elapsed = 00:00:08 . Memory (MB): peak = 11583.961 ; gain = 865.660 ; free physical = 6986 ; free virtual = 14872
CRITICAL WARNING: [Timing 38-282] The design failed to meet the timing requirements. Please see the timing summary report for details on the timing violations.
report_timing_summary -delay_type min_max -report_unconstrained -check_timing_verbose -max_paths 10 -input_pins -routable_nets -name timing_1
INFO: [Timing 38-91] UpdateTimingParams: Speed grade: -1IL, Delay Type: min_max.
INFO: [Timing 38-191] Multithreading enabled for timing update using a maximum of 8 CPUs
open_run synth_1 -name synth_1
Design is defaulting to impl run constrset: constrs_1
Design is defaulting to synth run part: xc7s50csga324-1IL
INFO: [Project 1-5699] Read binary netlist with skipMacroContent - 1
INFO: [Project 1-454] Reading design checkpoint '/home/srn6/pprojs/risc-v/risc-v/risc-v.gen/sources_1/ip/blk_mem_gen_0_1/blk_mem_gen_0.dcp' for cell 'u_fetch/instr_mem/i_mem'
Netlist sorting complete. Time (s): cpu = 00:00:00 ; elapsed = 00:00:00 . Memory (MB): peak = 11622.699 ; gain = 0.000 ; free physical = 6882 ; free virtual = 14770
INFO: [Netlist 29-17] Analyzing 64 Unisim elements for replacement
INFO: [Netlist 29-28] Unisim Transformation completed in 0 CPU seconds
INFO: [Project 1-479] Netlist was created with Vivado 2025.1
INFO: [Project 1-570] Preparing netlist for logic optimization
Parsing XDC File [/home/srn6/pprojs/risc-v/risc-v/risc-v.srcs/constrs_1/new/constraints.xdc]
Finished Parsing XDC File [/home/srn6/pprojs/risc-v/risc-v/risc-v.srcs/constrs_1/new/constraints.xdc]
INFO: [Opt 31-138] Pushed 0 inverter(s) to 0 load pin(s).
Netlist sorting complete. Time (s): cpu = 00:00:00 ; elapsed = 00:00:00 . Memory (MB): peak = 11739.547 ; gain = 0.000 ; free physical = 6817 ; free virtual = 14704
INFO: [Project 1-111] Unisim Transformation Summary:
No Unisim elements were transformed.

current_design impl_1
current_design synth_1
synth_design -rtl -rtl_skip_mlo -name rtl_1
Command: synth_design -rtl -rtl_skip_mlo -name rtl_1
Starting synth_design
Using part: xc7s50csga324-1IL
Top: top
INFO: [Synth 8-7079] Multithreading enabled for synth_design using a maximum of 7 processes.
INFO: [Synth 8-7078] Launching helper process for spawning children vivado processes
INFO: [Synth 8-7075] Helper process launched with PID 991101
---------------------------------------------------------------------------------
Starting RTL Elaboration : Time (s): cpu = 00:00:03 ; elapsed = 00:00:03 . Memory (MB): peak = 12219.875 ; gain = 377.766 ; free physical = 6014 ; free virtual = 13904
---------------------------------------------------------------------------------
INFO: [Synth 8-6157] synthesizing module 'top' [/home/srn6/pprojs/risc-v/risc-v/risc-v.srcs/sources_1/new/top.sv:3]
INFO: [Synth 8-6157] synthesizing module 'fetch_stage' [/home/srn6/pprojs/risc-v/risc-v/risc-v.srcs/sources_1/new/fetch_stage.sv:6]
INFO: [Synth 8-6157] synthesizing module 'instruction_memory' [/home/srn6/pprojs/risc-v/risc-v/risc-v.srcs/sources_1/new/instruction_memory.sv:22]
INFO: [Synth 8-6157] synthesizing module 'blk_mem_gen_0' [/home/srn6/pprojs/risc-v/.Xil/Vivado-946388-gelib-4e-37.ews.illinois.edu/realtime/blk_mem_gen_0_stub.v:6]
INFO: [Synth 8-6155] done synthesizing module 'blk_mem_gen_0' (0#1) [/home/srn6/pprojs/risc-v/.Xil/Vivado-946388-gelib-4e-37.ews.illinois.edu/realtime/blk_mem_gen_0_stub.v:6]
INFO: [Synth 8-6155] done synthesizing module 'instruction_memory' (0#1) [/home/srn6/pprojs/risc-v/risc-v/risc-v.srcs/sources_1/new/instruction_memory.sv:22]
INFO: [Synth 8-6155] done synthesizing module 'fetch_stage' (0#1) [/home/srn6/pprojs/risc-v/risc-v/risc-v.srcs/sources_1/new/fetch_stage.sv:6]
INFO: [Synth 8-6155] done synthesizing module 'top' (0#1) [/home/srn6/pprojs/risc-v/risc-v/risc-v.srcs/sources_1/new/top.sv:3]
---------------------------------------------------------------------------------
Finished RTL Elaboration : Time (s): cpu = 00:00:04 ; elapsed = 00:00:04 . Memory (MB): peak = 12294.844 ; gain = 452.734 ; free physical = 5923 ; free virtual = 13813
---------------------------------------------------------------------------------
---------------------------------------------------------------------------------
Start Handling Custom Attributes
---------------------------------------------------------------------------------
---------------------------------------------------------------------------------
Finished Handling Custom Attributes : Time (s): cpu = 00:00:04 ; elapsed = 00:00:04 . Memory (MB): peak = 12294.844 ; gain = 452.734 ; free physical = 5930 ; free virtual = 13820
---------------------------------------------------------------------------------
---------------------------------------------------------------------------------
Finished RTL Optimization Phase 1 : Time (s): cpu = 00:00:04 ; elapsed = 00:00:04 . Memory (MB): peak = 12294.844 ; gain = 452.734 ; free physical = 5930 ; free virtual = 13820
---------------------------------------------------------------------------------
INFO: [Project 1-454] Reading design checkpoint '/home/srn6/pprojs/risc-v/risc-v/risc-v.gen/sources_1/ip/blk_mem_gen_0_1/blk_mem_gen_0.dcp' for cell 'u_fetch/instr_mem/i_mem'
Netlist sorting complete. Time (s): cpu = 00:00:00.03 ; elapsed = 00:00:00.01 . Memory (MB): peak = 12304.852 ; gain = 0.000 ; free physical = 5949 ; free virtual = 13839
INFO: [Netlist 29-17] Analyzing 56 Unisim elements for replacement
INFO: [Netlist 29-28] Unisim Transformation completed in 0 CPU seconds
INFO: [Project 1-479] Netlist was created with Vivado 2025.1
INFO: [Project 1-570] Preparing netlist for logic optimization

Processing XDC Constraints
Initializing timing engine
Parsing XDC File [/home/srn6/pprojs/risc-v/risc-v/risc-v.srcs/constrs_1/new/constraints.xdc]
Finished Parsing XDC File [/home/srn6/pprojs/risc-v/risc-v/risc-v.srcs/constrs_1/new/constraints.xdc]
Completed Processing XDC Constraints

Netlist sorting complete. Time (s): cpu = 00:00:00 ; elapsed = 00:00:00 . Memory (MB): peak = 12367.297 ; gain = 0.000 ; free physical = 5947 ; free virtual = 13838
INFO: [Project 1-111] Unisim Transformation Summary:
No Unisim elements were transformed.

RTL Elaboration Complete:  : Time (s): cpu = 00:00:06 ; elapsed = 00:00:05 . Memory (MB): peak = 12391.344 ; gain = 549.234 ; free physical = 5936 ; free virtual = 13827
17 Infos, 0 Warnings, 0 Critical Warnings and 0 Errors encountered.
synth_design completed successfully
synth_design: Time (s): cpu = 00:00:06 ; elapsed = 00:00:05 . Memory (MB): peak = 12391.344 ; gain = 549.234 ; free physical = 5936 ; free virtual = 13827
INFO: [Common 17-2834] synth_design peak Physical Memory [PSS] (MB): overall = 3389.169; main = 3389.169; forked = 0.000
INFO: [Common 17-2834] synth_design peak Virtual Memory [VSS] (MB): overall = 12391.312; main = 12391.312; forked = 0.000
current_design synth_1
save_constraints
WARNING: [filemgmt 56-199] Attempt to get parsing info during refresh. "On-the-fly" syntax checking information may be incorrect. [/home/srn6/pprojs/risc-v/risc-v/risc-v.srcs/sources_1/new/rv_pipe_pkg.sv:]
WARNING: [filemgmt 56-199] Attempt to get parsing info during refresh. "On-the-fly" syntax checking information may be incorrect. [/home/srn6/pprojs/risc-v/risc-v/risc-v.srcs/sources_1/new/fetch_stage.sv:]
WARNING: [filemgmt 56-199] Attempt to get parsing info during refresh. "On-the-fly" syntax checking information may be incorrect. [/home/srn6/pprojs/risc-v/risc-v/risc-v.srcs/sources_1/new/top.sv:]
WARNING: [filemgmt 56-199] Attempt to get parsing info during refresh. "On-the-fly" syntax checking information may be incorrect. [/home/srn6/pprojs/risc-v/risc-v/risc-v.srcs/sources_1/new/rv_pipe_pkg.sv:]
WARNING: [filemgmt 56-199] Attempt to get parsing info during refresh. "On-the-fly" syntax checking information may be incorrect. [/home/srn6/pprojs/risc-v/risc-v/risc-v.srcs/sources_1/new/rv_pipe_pkg.sv:]
reset_run synth_1
INFO: [Project 1-1161] Replacing file /home/srn6/pprojs/risc-v/risc-v/risc-v.srcs/utils_1/imports/synth_1/instruction_memory.dcp with file /home/srn6/pprojs/risc-v/risc-v/risc-v.runs/synth_1/top.dcp
reset_run impl_1
WARNING: [filemgmt 56-199] Attempt to get parsing info during refresh. "On-the-fly" syntax checking information may be incorrect. [/home/srn6/pprojs/risc-v/risc-v/risc-v.srcs/sources_1/new/rv_pipe_pkg.sv:]
WARNING: [filemgmt 56-199] Attempt to get parsing info during refresh. "On-the-fly" syntax checking information may be incorrect. [/home/srn6/pprojs/risc-v/risc-v/risc-v.srcs/sources_1/new/fetch_stage.sv:]
WARNING: [filemgmt 56-199] Attempt to get parsing info during refresh. "On-the-fly" syntax checking information may be incorrect. [/home/srn6/pprojs/risc-v/risc-v/risc-v.srcs/sources_1/new/top.sv:]
WARNING: [filemgmt 56-199] Attempt to get parsing info during refresh. "On-the-fly" syntax checking information may be incorrect. [/home/srn6/pprojs/risc-v/risc-v/risc-v.srcs/sources_1/new/top.sv:]
WARNING: [filemgmt 56-199] Attempt to get parsing info during refresh. "On-the-fly" syntax checking information may be incorrect. [/home/srn6/pprojs/risc-v/risc-v/risc-v.srcs/sources_1/new/top.sv:]
WARNING: [filemgmt 56-199] Attempt to get parsing info during refresh. "On-the-fly" syntax checking information may be incorrect. [/home/srn6/pprojs/risc-v/risc-v/risc-v.srcs/sources_1/new/rv_pipe_pkg.sv:]
WARNING: [filemgmt 56-199] Attempt to get parsing info during refresh. "On-the-fly" syntax checking information may be incorrect. [/home/srn6/pprojs/risc-v/risc-v/risc-v.srcs/sources_1/new/fetch_stage.sv:]
WARNING: [filemgmt 56-199] Attempt to get parsing info during refresh. "On-the-fly" syntax checking information may be incorrect. [/home/srn6/pprojs/risc-v/risc-v/risc-v.srcs/sources_1/new/top.sv:]
WARNING: [filemgmt 56-199] Attempt to get parsing info during refresh. "On-the-fly" syntax checking information may be incorrect. [/home/srn6/pprojs/risc-v/risc-v/risc-v.srcs/sources_1/new/rv_pipe_pkg.sv:]
WARNING: [filemgmt 56-199] Attempt to get parsing info during refresh. "On-the-fly" syntax checking information may be incorrect. [/home/srn6/pprojs/risc-v/risc-v/risc-v.srcs/sources_1/new/rv_pipe_pkg.sv:]
WARNING: [filemgmt 56-199] Attempt to get parsing info during refresh. "On-the-fly" syntax checking information may be incorrect. [/home/srn6/pprojs/risc-v/risc-v/risc-v.srcs/sources_1/new/rv_pipe_pkg.sv:]
WARNING: [filemgmt 56-199] Attempt to get parsing info during refresh. "On-the-fly" syntax checking information may be incorrect. [/home/srn6/pprojs/risc-v/risc-v/risc-v.srcs/sources_1/new/fetch_stage.sv:]
WARNING: [filemgmt 56-199] Attempt to get parsing info during refresh. "On-the-fly" syntax checking information may be incorrect. [/home/srn6/pprojs/risc-v/risc-v/risc-v.srcs/sources_1/new/top.sv:]
WARNING: [filemgmt 56-199] Attempt to get parsing info during refresh. "On-the-fly" syntax checking information may be incorrect. [/home/srn6/pprojs/risc-v/risc-v/risc-v.srcs/sources_1/new/top.sv:]
WARNING: [filemgmt 56-199] Attempt to get parsing info during refresh. "On-the-fly" syntax checking information may be incorrect. [/home/srn6/pprojs/risc-v/risc-v/risc-v.srcs/sources_1/new/top.sv:]
launch_runs impl_1 -jobs 6
INFO: [Vivado 12-4149] The synthesis checkpoint for IP '/home/srn6/pprojs/risc-v/risc-v/risc-v.srcs/sources_1/ip/blk_mem_gen_1_1/blk_mem_gen_1.xci' is already up-to-date
INFO: [Vivado 12-4149] The synthesis checkpoint for IP '/home/srn6/pprojs/risc-v/risc-v/risc-v.srcs/sources_1/ip/blk_mem_gen_0_1/blk_mem_gen_0.xci' is already up-to-date
WARNING: [Project 1-478] Design 'synth_1' is stale and will not be used when launching 'impl_1'
[Mon Mar  9 00:43:30 2026] Launched synth_1...
Run output will be captured here: /home/srn6/pprojs/risc-v/risc-v/risc-v.runs/synth_1/runme.log
[Mon Mar  9 00:43:30 2026] Launched impl_1...
Run output will be captured here: /home/srn6/pprojs/risc-v/risc-v/risc-v.runs/impl_1/runme.log
current_design impl_1
report_timing_summary -delay_type min_max -report_unconstrained -check_timing_verbose -max_paths 10 -input_pins -routable_nets -name timing_2
INFO: [Timing 38-91] UpdateTimingParams: Speed grade: -1IL, Delay Type: min_max.
INFO: [Timing 38-191] Multithreading enabled for timing update using a maximum of 8 CPUs
WARNING: [filemgmt 56-199] Attempt to get parsing info during refresh. "On-the-fly" syntax checking information may be incorrect. [/home/srn6/pprojs/risc-v/risc-v/risc-v.srcs/sources_1/new/rv_pipe_pkg.sv:]
WARNING: [filemgmt 56-199] Attempt to get parsing info during refresh. "On-the-fly" syntax checking information may be incorrect. [/home/srn6/pprojs/risc-v/risc-v/risc-v.srcs/sources_1/new/fetch_stage.sv:]
WARNING: [filemgmt 56-199] Attempt to get parsing info during refresh. "On-the-fly" syntax checking information may be incorrect. [/home/srn6/pprojs/risc-v/risc-v/risc-v.srcs/sources_1/new/top.sv:]
WARNING: [filemgmt 56-199] Attempt to get parsing info during refresh. "On-the-fly" syntax checking information may be incorrect. [/home/srn6/pprojs/risc-v/risc-v/risc-v.srcs/sources_1/new/top.sv:]
WARNING: [filemgmt 56-199] Attempt to get parsing info during refresh. "On-the-fly" syntax checking information may be incorrect. [/home/srn6/pprojs/risc-v/risc-v/risc-v.srcs/sources_1/new/top.sv:]
WARNING: [filemgmt 56-199] Attempt to get parsing info during refresh. "On-the-fly" syntax checking information may be incorrect. [/home/srn6/pprojs/risc-v/risc-v/risc-v.srcs/sources_1/new/rv_pipe_pkg.sv:]
WARNING: [filemgmt 56-199] Attempt to get parsing info during refresh. "On-the-fly" syntax checking information may be incorrect. [/home/srn6/pprojs/risc-v/risc-v/risc-v.srcs/sources_1/new/fetch_stage.sv:]
WARNING: [filemgmt 56-199] Attempt to get parsing info during refresh. "On-the-fly" syntax checking information may be incorrect. [/home/srn6/pprojs/risc-v/risc-v/risc-v.srcs/sources_1/new/top.sv:]
WARNING: [filemgmt 56-199] Attempt to get parsing info during refresh. "On-the-fly" syntax checking information may be incorrect. [/home/srn6/pprojs/risc-v/risc-v/risc-v.srcs/sources_1/new/fetch_stage.sv:]
WARNING: [filemgmt 56-199] Attempt to get parsing info during refresh. "On-the-fly" syntax checking information may be incorrect. [/home/srn6/pprojs/risc-v/risc-v/risc-v.srcs/sources_1/new/fetch_stage.sv:]
WARNING: [filemgmt 56-199] Attempt to get parsing info during refresh. "On-the-fly" syntax checking information may be incorrect. [/home/srn6/pprojs/risc-v/risc-v/risc-v.srcs/sources_1/new/rv_pipe_pkg.sv:]
WARNING: [filemgmt 56-199] Attempt to get parsing info during refresh. "On-the-fly" syntax checking information may be incorrect. [/home/srn6/pprojs/risc-v/risc-v/risc-v.srcs/sources_1/new/fetch_stage.sv:]
WARNING: [filemgmt 56-199] Attempt to get parsing info during refresh. "On-the-fly" syntax checking information may be incorrect. [/home/srn6/pprojs/risc-v/risc-v/risc-v.srcs/sources_1/new/top.sv:]
WARNING: [filemgmt 56-199] Attempt to get parsing info during refresh. "On-the-fly" syntax checking information may be incorrect. [/home/srn6/pprojs/risc-v/risc-v/risc-v.srcs/sources_1/new/top.sv:]
WARNING: [filemgmt 56-199] Attempt to get parsing info during refresh. "On-the-fly" syntax checking information may be incorrect. [/home/srn6/pprojs/risc-v/risc-v/risc-v.srcs/sources_1/new/top.sv:]
WARNING: [filemgmt 56-199] Attempt to get parsing info during refresh. "On-the-fly" syntax checking information may be incorrect. [/home/srn6/pprojs/risc-v/risc-v/risc-v.srcs/sources_1/new/rv_pipe_pkg.sv:]
WARNING: [filemgmt 56-199] Attempt to get parsing info during refresh. "On-the-fly" syntax checking information may be incorrect. [/home/srn6/pprojs/risc-v/risc-v/risc-v.srcs/sources_1/new/fetch_stage.sv:]
WARNING: [filemgmt 56-199] Attempt to get parsing info during refresh. "On-the-fly" syntax checking information may be incorrect. [/home/srn6/pprojs/risc-v/risc-v/risc-v.srcs/sources_1/new/top.sv:]
WARNING: [filemgmt 56-199] Attempt to get parsing info during refresh. "On-the-fly" syntax checking information may be incorrect. [/home/srn6/pprojs/risc-v/risc-v/risc-v.srcs/sources_1/new/fetch_stage.sv:]
WARNING: [filemgmt 56-199] Attempt to get parsing info during refresh. "On-the-fly" syntax checking information may be incorrect. [/home/srn6/pprojs/risc-v/risc-v/risc-v.srcs/sources_1/new/fetch_stage.sv:]
reset_run synth_1
INFO: [Project 1-1161] Replacing file /home/srn6/pprojs/risc-v/risc-v/risc-v.srcs/utils_1/imports/synth_1/instruction_memory.dcp with file /home/srn6/pprojs/risc-v/risc-v/risc-v.runs/synth_1/top.dcp
launch_runs impl_1 -jobs 6
INFO: [Vivado 12-4149] The synthesis checkpoint for IP '/home/srn6/pprojs/risc-v/risc-v/risc-v.srcs/sources_1/ip/blk_mem_gen_1_1/blk_mem_gen_1.xci' is already up-to-date
INFO: [Vivado 12-4149] The synthesis checkpoint for IP '/home/srn6/pprojs/risc-v/risc-v/risc-v.srcs/sources_1/ip/blk_mem_gen_0_1/blk_mem_gen_0.xci' is already up-to-date
WARNING: [Project 1-478] Design 'synth_1' is stale and will not be used when launching 'impl_1'
[Mon Mar  9 00:56:22 2026] Launched synth_1...
Run output will be captured here: /home/srn6/pprojs/risc-v/risc-v/risc-v.runs/synth_1/runme.log
[Mon Mar  9 00:56:22 2026] Launched impl_1...
Run output will be captured here: /home/srn6/pprojs/risc-v/risc-v/risc-v.runs/impl_1/runme.log
WARNING: [filemgmt 56-199] Attempt to get parsing info during refresh. "On-the-fly" syntax checking information may be incorrect. [/home/srn6/pprojs/risc-v/risc-v/risc-v.srcs/sources_1/new/rv_pipe_pkg.sv:]
WARNING: [filemgmt 56-199] Attempt to get parsing info during refresh. "On-the-fly" syntax checking information may be incorrect. [/home/srn6/pprojs/risc-v/risc-v/risc-v.srcs/sources_1/new/fetch_stage.sv:]
WARNING: [filemgmt 56-199] Attempt to get parsing info during refresh. "On-the-fly" syntax checking information may be incorrect. [/home/srn6/pprojs/risc-v/risc-v/risc-v.srcs/sources_1/new/top.sv:]
WARNING: [filemgmt 56-199] Attempt to get parsing info during refresh. "On-the-fly" syntax checking information may be incorrect. [/home/srn6/pprojs/risc-v/risc-v/risc-v.srcs/sources_1/new/fetch_stage.sv:]
WARNING: [filemgmt 56-199] Attempt to get parsing info during refresh. "On-the-fly" syntax checking information may be incorrect. [/home/srn6/pprojs/risc-v/risc-v/risc-v.srcs/sources_1/new/fetch_stage.sv:]
WARNING: [filemgmt 56-199] Attempt to get parsing info during refresh. "On-the-fly" syntax checking information may be incorrect. [/home/srn6/pprojs/risc-v/risc-v/risc-v.srcs/sources_1/new/rv_pipe_pkg.sv:]
WARNING: [filemgmt 56-199] Attempt to get parsing info during refresh. "On-the-fly" syntax checking information may be incorrect. [/home/srn6/pprojs/risc-v/risc-v/risc-v.srcs/sources_1/new/fetch_stage.sv:]
WARNING: [filemgmt 56-199] Attempt to get parsing info during refresh. "On-the-fly" syntax checking information may be incorrect. [/home/srn6/pprojs/risc-v/risc-v/risc-v.srcs/sources_1/new/top.sv:]
WARNING: [filemgmt 56-199] Attempt to get parsing info during refresh. "On-the-fly" syntax checking information may be incorrect. [/home/srn6/pprojs/risc-v/risc-v/risc-v.srcs/sources_1/new/top.sv:]
WARNING: [filemgmt 56-199] Attempt to get parsing info during refresh. "On-the-fly" syntax checking information may be incorrect. [/home/srn6/pprojs/risc-v/risc-v/risc-v.srcs/sources_1/new/top.sv:]
WARNING: [filemgmt 56-199] Attempt to get parsing info during refresh. "On-the-fly" syntax checking information may be incorrect. [/home/srn6/pprojs/risc-v/risc-v/risc-v.srcs/sources_1/new/rv_pipe_pkg.sv:]
WARNING: [filemgmt 56-199] Attempt to get parsing info during refresh. "On-the-fly" syntax checking information may be incorrect. [/home/srn6/pprojs/risc-v/risc-v/risc-v.srcs/sources_1/new/fetch_stage.sv:]
WARNING: [filemgmt 56-199] Attempt to get parsing info during refresh. "On-the-fly" syntax checking information may be incorrect. [/home/srn6/pprojs/risc-v/risc-v/risc-v.srcs/sources_1/new/top.sv:]
WARNING: [filemgmt 56-199] Attempt to get parsing info during refresh. "On-the-fly" syntax checking information may be incorrect. [/home/srn6/pprojs/risc-v/risc-v/risc-v.srcs/sources_1/new/rv_pipe_pkg.sv:]
WARNING: [filemgmt 56-199] Attempt to get parsing info during refresh. "On-the-fly" syntax checking information may be incorrect. [/home/srn6/pprojs/risc-v/risc-v/risc-v.srcs/sources_1/new/rv_pipe_pkg.sv:]
WARNING: [filemgmt 56-199] Attempt to get parsing info during refresh. "On-the-fly" syntax checking information may be incorrect. [/home/srn6/pprojs/risc-v/risc-v/risc-v.srcs/sources_1/new/rv_pipe_pkg.sv:]
WARNING: [filemgmt 56-199] Attempt to get parsing info during refresh. "On-the-fly" syntax checking information may be incorrect. [/home/srn6/pprojs/risc-v/risc-v/risc-v.srcs/sources_1/new/fetch_stage.sv:]
WARNING: [filemgmt 56-199] Attempt to get parsing info during refresh. "On-the-fly" syntax checking information may be incorrect. [/home/srn6/pprojs/risc-v/risc-v/risc-v.srcs/sources_1/new/top.sv:]
WARNING: [filemgmt 56-199] Attempt to get parsing info during refresh. "On-the-fly" syntax checking information may be incorrect. [/home/srn6/pprojs/risc-v/risc-v/risc-v.srcs/sources_1/new/top.sv:]
WARNING: [filemgmt 56-199] Attempt to get parsing info during refresh. "On-the-fly" syntax checking information may be incorrect. [/home/srn6/pprojs/risc-v/risc-v/risc-v.srcs/sources_1/new/top.sv:]
reset_run synth_1
INFO: [Project 1-1161] Replacing file /home/srn6/pprojs/risc-v/risc-v/risc-v.srcs/utils_1/imports/synth_1/instruction_memory.dcp with file /home/srn6/pprojs/risc-v/risc-v/risc-v.runs/synth_1/top.dcp
WARNING: [filemgmt 56-199] Attempt to get parsing info during refresh. "On-the-fly" syntax checking information may be incorrect. [/home/srn6/pprojs/risc-v/risc-v/risc-v.srcs/sources_1/new/rv_pipe_pkg.sv:]
WARNING: [filemgmt 56-199] Attempt to get parsing info during refresh. "On-the-fly" syntax checking information may be incorrect. [/home/srn6/pprojs/risc-v/risc-v/risc-v.srcs/sources_1/new/fetch_stage.sv:]
WARNING: [filemgmt 56-199] Attempt to get parsing info during refresh. "On-the-fly" syntax checking information may be incorrect. [/home/srn6/pprojs/risc-v/risc-v/risc-v.srcs/sources_1/new/top.sv:]
WARNING: [filemgmt 56-199] Attempt to get parsing info during refresh. "On-the-fly" syntax checking information may be incorrect. [/home/srn6/pprojs/risc-v/risc-v/risc-v.srcs/sources_1/new/rv_pipe_pkg.sv:]
WARNING: [filemgmt 56-199] Attempt to get parsing info during refresh. "On-the-fly" syntax checking information may be incorrect. [/home/srn6/pprojs/risc-v/risc-v/risc-v.srcs/sources_1/new/rv_pipe_pkg.sv:]
WARNING: [filemgmt 56-199] Attempt to get parsing info during refresh. "On-the-fly" syntax checking information may be incorrect. [/home/srn6/pprojs/risc-v/risc-v/risc-v.srcs/sources_1/new/rv_pipe_pkg.sv:]
WARNING: [filemgmt 56-199] Attempt to get parsing info during refresh. "On-the-fly" syntax checking information may be incorrect. [/home/srn6/pprojs/risc-v/risc-v/risc-v.srcs/sources_1/new/fetch_stage.sv:]
WARNING: [filemgmt 56-199] Attempt to get parsing info during refresh. "On-the-fly" syntax checking information may be incorrect. [/home/srn6/pprojs/risc-v/risc-v/risc-v.srcs/sources_1/new/top.sv:]
WARNING: [filemgmt 56-199] Attempt to get parsing info during refresh. "On-the-fly" syntax checking information may be incorrect. [/home/srn6/pprojs/risc-v/risc-v/risc-v.srcs/sources_1/new/fetch_stage.sv:]
WARNING: [filemgmt 56-199] Attempt to get parsing info during refresh. "On-the-fly" syntax checking information may be incorrect. [/home/srn6/pprojs/risc-v/risc-v/risc-v.srcs/sources_1/new/fetch_stage.sv:]
launch_runs impl_1 -jobs 6
INFO: [Vivado 12-4149] The synthesis checkpoint for IP '/home/srn6/pprojs/risc-v/risc-v/risc-v.srcs/sources_1/ip/blk_mem_gen_1_1/blk_mem_gen_1.xci' is already up-to-date
INFO: [Vivado 12-4149] The synthesis checkpoint for IP '/home/srn6/pprojs/risc-v/risc-v/risc-v.srcs/sources_1/ip/blk_mem_gen_0_1/blk_mem_gen_0.xci' is already up-to-date
WARNING: [Project 1-478] Design 'synth_1' is stale and will not be used when launching 'impl_1'
[Mon Mar  9 01:11:46 2026] Launched synth_1...
Run output will be captured here: /home/srn6/pprojs/risc-v/risc-v/risc-v.runs/synth_1/runme.log
[Mon Mar  9 01:11:46 2026] Launched impl_1...
Run output will be captured here: /home/srn6/pprojs/risc-v/risc-v/risc-v.runs/impl_1/runme.log
report_timing_summary -delay_type min_max -report_unconstrained -check_timing_verbose -max_paths 10 -input_pins -routable_nets -name timing_3
INFO: [Timing 38-91] UpdateTimingParams: Speed grade: -1IL, Delay Type: min_max.
INFO: [Timing 38-191] Multithreading enabled for timing update using a maximum of 8 CPUs
current_design synth_1
current_design rtl_1
refresh_design
INFO: [Synth 8-7079] Multithreading enabled for synth_design using a maximum of 7 processes.
---------------------------------------------------------------------------------
Starting RTL Elaboration : Time (s): cpu = 00:00:03 ; elapsed = 00:00:03 . Memory (MB): peak = 12500.926 ; gain = 96.750 ; free physical = 5828 ; free virtual = 13722
---------------------------------------------------------------------------------
INFO: [Synth 8-6157] synthesizing module 'top' [/home/srn6/pprojs/risc-v/risc-v/risc-v.srcs/sources_1/new/top.sv:3]
INFO: [Synth 8-6157] synthesizing module 'fetch_stage' [/home/srn6/pprojs/risc-v/risc-v/risc-v.srcs/sources_1/new/fetch_stage.sv:6]
INFO: [Synth 8-6157] synthesizing module 'instruction_memory' [/home/srn6/pprojs/risc-v/risc-v/risc-v.srcs/sources_1/new/instruction_memory.sv:22]
INFO: [Synth 8-6157] synthesizing module 'blk_mem_gen_0' [/home/srn6/pprojs/risc-v/.Xil/Vivado-946388-gelib-4e-37.ews.illinois.edu/realtime/blk_mem_gen_0_stub.v:6]
INFO: [Synth 8-6155] done synthesizing module 'blk_mem_gen_0' (0#1) [/home/srn6/pprojs/risc-v/.Xil/Vivado-946388-gelib-4e-37.ews.illinois.edu/realtime/blk_mem_gen_0_stub.v:6]
INFO: [Synth 8-6155] done synthesizing module 'instruction_memory' (0#1) [/home/srn6/pprojs/risc-v/risc-v/risc-v.srcs/sources_1/new/instruction_memory.sv:22]
INFO: [Synth 8-6155] done synthesizing module 'fetch_stage' (0#1) [/home/srn6/pprojs/risc-v/risc-v/risc-v.srcs/sources_1/new/fetch_stage.sv:6]
INFO: [Synth 8-6155] done synthesizing module 'top' (0#1) [/home/srn6/pprojs/risc-v/risc-v/risc-v.srcs/sources_1/new/top.sv:3]
---------------------------------------------------------------------------------
Finished RTL Elaboration : Time (s): cpu = 00:00:04 ; elapsed = 00:00:04 . Memory (MB): peak = 12569.926 ; gain = 165.750 ; free physical = 5746 ; free virtual = 13639
---------------------------------------------------------------------------------
---------------------------------------------------------------------------------
Start Handling Custom Attributes
---------------------------------------------------------------------------------
---------------------------------------------------------------------------------
Finished Handling Custom Attributes : Time (s): cpu = 00:00:04 ; elapsed = 00:00:04 . Memory (MB): peak = 12569.926 ; gain = 165.750 ; free physical = 5751 ; free virtual = 13645
---------------------------------------------------------------------------------
---------------------------------------------------------------------------------
Finished RTL Optimization Phase 1 : Time (s): cpu = 00:00:04 ; elapsed = 00:00:04 . Memory (MB): peak = 12569.926 ; gain = 165.750 ; free physical = 5751 ; free virtual = 13645
---------------------------------------------------------------------------------
INFO: [Project 1-454] Reading design checkpoint '/home/srn6/pprojs/risc-v/risc-v/risc-v.gen/sources_1/ip/blk_mem_gen_0_1/blk_mem_gen_0.dcp' for cell 'u_fetch/instr_mem/i_mem'
Netlist sorting complete. Time (s): cpu = 00:00:00 ; elapsed = 00:00:00.01 . Memory (MB): peak = 12578.832 ; gain = 0.000 ; free physical = 5911 ; free virtual = 13804
INFO: [Netlist 29-17] Analyzing 56 Unisim elements for replacement
INFO: [Netlist 29-28] Unisim Transformation completed in 0 CPU seconds
INFO: [Project 1-479] Netlist was created with Vivado 2025.1
INFO: [Project 1-570] Preparing netlist for logic optimization

Processing XDC Constraints
Initializing timing engine
Parsing XDC File [/home/srn6/pprojs/risc-v/risc-v/risc-v.srcs/constrs_1/new/constraints.xdc]
Finished Parsing XDC File [/home/srn6/pprojs/risc-v/risc-v/risc-v.srcs/constrs_1/new/constraints.xdc]
Completed Processing XDC Constraints

refresh_design: Time (s): cpu = 00:00:07 ; elapsed = 00:00:05 . Memory (MB): peak = 12602.844 ; gain = 198.668 ; free physical = 5895 ; free virtual = 13793
current_design impl_1
report_timing_summary -delay_type min_max -report_unconstrained -check_timing_verbose -max_paths 10 -input_pins -routable_nets -name timing_4
INFO: [Timing 38-91] UpdateTimingParams: Speed grade: -1IL, Delay Type: min_max.
INFO: [Timing 38-191] Multithreading enabled for timing update using a maximum of 8 CPUs
report_timing_summary -delay_type min_max -report_unconstrained -check_timing_verbose -max_paths 10 -input_pins -routable_nets -name timing_1
INFO: [Timing 38-91] UpdateTimingParams: Speed grade: -1IL, Delay Type: min_max.
INFO: [Timing 38-191] Multithreading enabled for timing update using a maximum of 8 CPUs
refresh_design
Netlist sorting complete. Time (s): cpu = 00:00:00.01 ; elapsed = 00:00:00.01 . Memory (MB): peak = 12655.887 ; gain = 0.000 ; free physical = 5902 ; free virtual = 13795
INFO: [Netlist 29-17] Analyzing 61 Unisim elements for replacement
INFO: [Netlist 29-28] Unisim Transformation completed in 0 CPU seconds
INFO: [Project 1-479] Netlist was created with Vivado 2025.1
INFO: [Project 1-570] Preparing netlist for logic optimization
Read ShapeDB Complete: Time (s): cpu = 00:00:00 ; elapsed = 00:00:00 . Memory (MB): peak = 12655.887 ; gain = 0.000 ; free physical = 5902 ; free virtual = 13795
INFO: [Timing 38-478] Restoring timing data from binary archive.
INFO: [Timing 38-479] Binary timing data restore complete.
INFO: [Project 1-856] Restoring constraints from binary archive.
INFO: [Project 1-853] Binary constraint restore complete.
INFO: [Designutils 20-5722] Start Reading Physical Databases.
Reading placement.
Read Netlist Cache: Time (s): cpu = 00:00:00 ; elapsed = 00:00:00 . Memory (MB): peak = 12655.887 ; gain = 0.000 ; free physical = 5902 ; free virtual = 13795
Reading placer database...
Read Device Cache: Time (s): cpu = 00:00:00 ; elapsed = 00:00:00 . Memory (MB): peak = 12655.887 ; gain = 0.000 ; free physical = 5902 ; free virtual = 13795
Read PlaceDB: Time (s): cpu = 00:00:00.02 ; elapsed = 00:00:00.02 . Memory (MB): peak = 12655.887 ; gain = 0.000 ; free physical = 5902 ; free virtual = 13795
Read PulsedLatchDB: Time (s): cpu = 00:00:00 ; elapsed = 00:00:00 . Memory (MB): peak = 12655.887 ; gain = 0.000 ; free physical = 5902 ; free virtual = 13795
Reading routing.
Read RouteStorage: Time (s): cpu = 00:00:00.02 ; elapsed = 00:00:00.01 . Memory (MB): peak = 12655.887 ; gain = 0.000 ; free physical = 5902 ; free virtual = 13795
Read Physdb Files: Time (s): cpu = 00:00:00.04 ; elapsed = 00:00:00.04 . Memory (MB): peak = 12655.887 ; gain = 0.000 ; free physical = 5902 ; free virtual = 13795
Restored from archive | CPU: 0.040000 secs | Memory: 1.044594 MB |
Finished XDEF File Restore: Time (s): cpu = 00:00:00.04 ; elapsed = 00:00:00.04 . Memory (MB): peak = 12655.887 ; gain = 0.000 ; free physical = 5902 ; free virtual = 13795
report_timing_summary -delay_type min_max -report_unconstrained -check_timing_verbose -max_paths 10 -input_pins -routable_nets -name timing_1
INFO: [Timing 38-91] UpdateTimingParams: Speed grade: -1IL, Delay Type: min_max.
INFO: [Timing 38-191] Multithreading enabled for timing update using a maximum of 8 CPUs
