#-----------------------------------------------------------
# Vivado v2025.1 (64-bit)
# SW Build 6140274 on Wed May 21 22:58:25 MDT 2025
# IP Build 6138677 on Thu May 22 03:10:11 MDT 2025
# SharedData Build 6139179 on Tue May 20 17:58:58 MDT 2025
# Start of session at: Tue Mar 10 00:25:03 2026
# Process ID         : 20429
# Current directory  : /home/srn6/pprojs/risc-v
# Command line       : vivado
# Log file           : /home/srn6/pprojs/risc-v/vivado.log
# Journal file       : /home/srn6/pprojs/risc-v/vivado.jou
# Running On         : gelib-4e-36.ews.illinois.edu
# Platform           : RedHatEnterprise
# Operating System   : Red Hat Enterprise Linux 9.7 (Plow)
# Processor Detail   : Intel(R) Xeon(R) W-1350 @ 3.30GHz
# CPU Frequency      : 4183.644 MHz
# CPU Physical cores : 6
# CPU Logical cores  : 12
# Host memory        : 16208 MB
# Swap memory        : 4294 MB
# Total Virtual      : 20503 MB
# Available Virtual  : 17927 MB
#-----------------------------------------------------------
start_gui
WARNING: [Board 49-26] cannot add Board Part xilinx.com:zcu208ld:part0:2.0 available at /software/xilinx-2025.1/2025.1/data/xhub/boards/XilinxBoardStore/boards/Xilinx/zcu208ld/production/2.0/board.xml as part xczu58dr-fsvg1517-2-i specified in board_part file is either invalid or not available
WARNING: [Board 49-26] cannot add Board Part xilinx.com:zcu216ld:part0:2.0 available at /software/xilinx-2025.1/2025.1/data/xhub/boards/XilinxBoardStore/boards/Xilinx/zcu216ld/production/2.0/board.xml as part xczu59dr-ffvf1760-2-i specified in board_part file is either invalid or not available
WARNING: [Board 49-26] cannot add Board Part xilinx.com:zcu670ld:part0:1.0 available at /software/xilinx-2025.1/2025.1/data/xhub/boards/XilinxBoardStore/boards/Xilinx/zcu670ld/1.0/board.xml as part xczu57dr-fsve1156-2-i specified in board_part file is either invalid or not available
open_project /home/srn6/pprojs/risc-v/risc-v/risc-v.xpr
Scanning sources...
Finished scanning sources
WARNING: [Board 49-26] cannot add Board Part xilinx.com:zcu208ld:part0:2.0 available at /software/xilinx-2025.1/2025.1/data/xhub/boards/XilinxBoardStore/boards/Xilinx/zcu208ld/production/2.0/board.xml as part xczu58dr-fsvg1517-2-i specified in board_part file is either invalid or not available
WARNING: [Board 49-26] cannot add Board Part xilinx.com:zcu216ld:part0:2.0 available at /software/xilinx-2025.1/2025.1/data/xhub/boards/XilinxBoardStore/boards/Xilinx/zcu216ld/production/2.0/board.xml as part xczu59dr-ffvf1760-2-i specified in board_part file is either invalid or not available
WARNING: [Board 49-26] cannot add Board Part xilinx.com:zcu670ld:part0:1.0 available at /software/xilinx-2025.1/2025.1/data/xhub/boards/XilinxBoardStore/boards/Xilinx/zcu670ld/1.0/board.xml as part xczu57dr-fsve1156-2-i specified in board_part file is either invalid or not available
WARNING: [Project 1-5713] Board part '' set for the project  is not found. BoardPart property will be unset. Please select board from latest repo build 
INFO: [IP_Flow 19-234] Refreshing IP repositories
INFO: [IP_Flow 19-1704] No user IP repositories specified
INFO: [IP_Flow 19-2313] Loaded Vivado IP repository '/software/xilinx-2025.1/2025.1/Vivado/data/ip'.
open_project: Time (s): cpu = 00:00:09 ; elapsed = 00:00:07 . Memory (MB): peak = 10377.289 ; gain = 205.445 ; free physical = 8394 ; free virtual = 16033
WARNING: [filemgmt 56-199] Attempt to get parsing info during refresh. "On-the-fly" syntax checking information may be incorrect. [/home/srn6/pprojs/risc-v/risc-v/risc-v.srcs/sources_1/new/rv_pipe_pkg.sv:]
WARNING: [filemgmt 56-199] Attempt to get parsing info during refresh. "On-the-fly" syntax checking information may be incorrect. [/home/srn6/pprojs/risc-v/risc-v/risc-v.srcs/sources_1/new/top.sv:]
WARNING: [filemgmt 56-199] Attempt to get parsing info during refresh. "On-the-fly" syntax checking information may be incorrect. [/home/srn6/pprojs/risc-v/risc-v/risc-v.srcs/sources_1/new/rv_pipe_pkg.sv:]
WARNING: [filemgmt 56-199] Attempt to get parsing info during refresh. "On-the-fly" syntax checking information may be incorrect. [/home/srn6/pprojs/risc-v/risc-v/risc-v.srcs/sources_1/new/rv_pipe_pkg.sv:]
WARNING: [filemgmt 56-199] Attempt to get parsing info during refresh. "On-the-fly" syntax checking information may be incorrect. [/home/srn6/pprojs/risc-v/risc-v/risc-v.srcs/sources_1/new/rv_pipe_pkg.sv:]
WARNING: [filemgmt 56-199] Attempt to get parsing info during refresh. "On-the-fly" syntax checking information may be incorrect. [/home/srn6/pprojs/risc-v/risc-v/risc-v.srcs/sources_1/new/top.sv:]
WARNING: [filemgmt 56-199] Attempt to get parsing info during refresh. "On-the-fly" syntax checking information may be incorrect. [/home/srn6/pprojs/risc-v/risc-v/risc-v.srcs/sources_1/new/rv_pipe_pkg.sv:]
WARNING: [filemgmt 56-199] Attempt to get parsing info during refresh. "On-the-fly" syntax checking information may be incorrect. [/home/srn6/pprojs/risc-v/risc-v/risc-v.srcs/sources_1/new/rv_pipe_pkg.sv:]
reset_run synth_1
INFO: [Project 1-1161] Replacing file /home/srn6/pprojs/risc-v/risc-v/risc-v.srcs/utils_1/imports/synth_1/instruction_memory.dcp with file /home/srn6/pprojs/risc-v/risc-v/risc-v.runs/synth_1/top.dcp
WARNING: [filemgmt 56-199] Attempt to get parsing info during refresh. "On-the-fly" syntax checking information may be incorrect. [/home/srn6/pprojs/risc-v/risc-v/risc-v.srcs/sources_1/new/rv_pipe_pkg.sv:]
WARNING: [filemgmt 56-199] Attempt to get parsing info during refresh. "On-the-fly" syntax checking information may be incorrect. [/home/srn6/pprojs/risc-v/risc-v/risc-v.srcs/sources_1/new/top.sv:]
WARNING: [filemgmt 56-199] Attempt to get parsing info during refresh. "On-the-fly" syntax checking information may be incorrect. [/home/srn6/pprojs/risc-v/risc-v/risc-v.srcs/sources_1/new/top.sv:]
WARNING: [filemgmt 56-199] Attempt to get parsing info during refresh. "On-the-fly" syntax checking information may be incorrect. [/home/srn6/pprojs/risc-v/risc-v/risc-v.srcs/sources_1/new/top.sv:]
launch_runs impl_1 -jobs 6
INFO: [Vivado 12-4149] The synthesis checkpoint for IP '/home/srn6/pprojs/risc-v/risc-v/risc-v.srcs/sources_1/ip/blk_mem_gen_0_1/blk_mem_gen_0.xci' is already up-to-date
[Tue Mar 10 00:32:34 2026] Launched synth_1...
Run output will be captured here: /home/srn6/pprojs/risc-v/risc-v/risc-v.runs/synth_1/runme.log
[Tue Mar 10 00:32:34 2026] Launched impl_1...
Run output will be captured here: /home/srn6/pprojs/risc-v/risc-v/risc-v.runs/impl_1/runme.log
WARNING: [filemgmt 56-199] Attempt to get parsing info during refresh. "On-the-fly" syntax checking information may be incorrect. [/home/srn6/pprojs/risc-v/risc-v/risc-v.srcs/sources_1/new/rv_pipe_pkg.sv:]
WARNING: [filemgmt 56-199] Attempt to get parsing info during refresh. "On-the-fly" syntax checking information may be incorrect. [/home/srn6/pprojs/risc-v/risc-v/risc-v.srcs/sources_1/new/top.sv:]
WARNING: [filemgmt 56-199] Attempt to get parsing info during refresh. "On-the-fly" syntax checking information may be incorrect. [/home/srn6/pprojs/risc-v/risc-v/risc-v.srcs/sources_1/new/rv_pipe_pkg.sv:]
WARNING: [filemgmt 56-199] Attempt to get parsing info during refresh. "On-the-fly" syntax checking information may be incorrect. [/home/srn6/pprojs/risc-v/risc-v/risc-v.srcs/sources_1/new/rv_pipe_pkg.sv:]
reset_run synth_1
launch_runs impl_1 -jobs 6
INFO: [Vivado 12-4149] The synthesis checkpoint for IP '/home/srn6/pprojs/risc-v/risc-v/risc-v.srcs/sources_1/ip/blk_mem_gen_0_1/blk_mem_gen_0.xci' is already up-to-date
[Tue Mar 10 00:33:40 2026] Launched synth_1...
Run output will be captured here: /home/srn6/pprojs/risc-v/risc-v/risc-v.runs/synth_1/runme.log
[Tue Mar 10 00:33:40 2026] Launched impl_1...
Run output will be captured here: /home/srn6/pprojs/risc-v/risc-v/risc-v.runs/impl_1/runme.log
open_run impl_1
INFO: [Device 21-403] Loading part xc7s50csga324-1IL
Netlist sorting complete. Time (s): cpu = 00:00:00.02 ; elapsed = 00:00:00.02 . Memory (MB): peak = 10683.434 ; gain = 0.000 ; free physical = 5984 ; free virtual = 13705
INFO: [Netlist 29-17] Analyzing 142 Unisim elements for replacement
INFO: [Netlist 29-28] Unisim Transformation completed in 0 CPU seconds
INFO: [Project 1-479] Netlist was created with Vivado 2025.1
INFO: [Project 1-570] Preparing netlist for logic optimization
Read ShapeDB Complete: Time (s): cpu = 00:00:00 ; elapsed = 00:00:00.01 . Memory (MB): peak = 10744.277 ; gain = 0.000 ; free physical = 5917 ; free virtual = 13639
INFO: [Timing 38-478] Restoring timing data from binary archive.
INFO: [Timing 38-479] Binary timing data restore complete.
INFO: [Project 1-856] Restoring constraints from binary archive.
INFO: [Project 1-853] Binary constraint restore complete.
INFO: [Designutils 20-5722] Start Reading Physical Databases.
Reading placement.
Read Netlist Cache: Time (s): cpu = 00:00:00 ; elapsed = 00:00:00 . Memory (MB): peak = 11251.164 ; gain = 0.000 ; free physical = 5477 ; free virtual = 13198
Reading placer database...
Read Device Cache: Time (s): cpu = 00:00:00.01 ; elapsed = 00:00:00 . Memory (MB): peak = 11251.164 ; gain = 0.000 ; free physical = 5477 ; free virtual = 13198
Read PlaceDB: Time (s): cpu = 00:00:00.08 ; elapsed = 00:00:00.09 . Memory (MB): peak = 11251.164 ; gain = 0.000 ; free physical = 5477 ; free virtual = 13198
Read PulsedLatchDB: Time (s): cpu = 00:00:00 ; elapsed = 00:00:00 . Memory (MB): peak = 11251.164 ; gain = 0.000 ; free physical = 5477 ; free virtual = 13198
Reading routing.
Read RouteStorage: Time (s): cpu = 00:00:00.06 ; elapsed = 00:00:00.03 . Memory (MB): peak = 11251.164 ; gain = 0.000 ; free physical = 5477 ; free virtual = 13198
Read Physdb Files: Time (s): cpu = 00:00:00.15 ; elapsed = 00:00:00.13 . Memory (MB): peak = 11251.164 ; gain = 0.000 ; free physical = 5477 ; free virtual = 13198
Restored from archive | CPU: 0.150000 secs | Memory: 3.888298 MB |
Finished XDEF File Restore: Time (s): cpu = 00:00:00.15 ; elapsed = 00:00:00.13 . Memory (MB): peak = 11251.164 ; gain = 0.000 ; free physical = 5477 ; free virtual = 13198
Netlist sorting complete. Time (s): cpu = 00:00:00 ; elapsed = 00:00:00 . Memory (MB): peak = 11251.164 ; gain = 0.000 ; free physical = 5477 ; free virtual = 13198
INFO: [Project 1-111] Unisim Transformation Summary:
  A total of 14 instances were transformed.
  RAM32M => RAM32M (RAMD32(x6), RAMS32(x2)): 10 instances
  RAM32X1D => RAM32X1D (RAMD32(x2)): 4 instances

open_run: Time (s): cpu = 00:00:15 ; elapsed = 00:00:14 . Memory (MB): peak = 11581.391 ; gain = 1029.145 ; free physical = 5217 ; free virtual = 12943
CRITICAL WARNING: [Timing 38-282] The design failed to meet the timing requirements. Please see the timing summary report for details on the timing violations.
save_constraints
WARNING: [filemgmt 56-199] Attempt to get parsing info during refresh. "On-the-fly" syntax checking information may be incorrect. [/home/srn6/pprojs/risc-v/risc-v/risc-v.srcs/sources_1/new/rv_pipe_pkg.sv:]
WARNING: [filemgmt 56-199] Attempt to get parsing info during refresh. "On-the-fly" syntax checking information may be incorrect. [/home/srn6/pprojs/risc-v/risc-v/risc-v.srcs/sources_1/new/top.sv:]
WARNING: [filemgmt 56-199] Attempt to get parsing info during refresh. "On-the-fly" syntax checking information may be incorrect. [/home/srn6/pprojs/risc-v/risc-v/risc-v.srcs/sources_1/new/rv_pipe_pkg.sv:]
WARNING: [filemgmt 56-199] Attempt to get parsing info during refresh. "On-the-fly" syntax checking information may be incorrect. [/home/srn6/pprojs/risc-v/risc-v/risc-v.srcs/sources_1/new/rv_pipe_pkg.sv:]
reset_run synth_1
INFO: [Project 1-1161] Replacing file /home/srn6/pprojs/risc-v/risc-v/risc-v.srcs/utils_1/imports/synth_1/instruction_memory.dcp with file /home/srn6/pprojs/risc-v/risc-v/risc-v.runs/synth_1/top.dcp
reset_run impl_1
WARNING: [filemgmt 56-199] Attempt to get parsing info during refresh. "On-the-fly" syntax checking information may be incorrect. [/home/srn6/pprojs/risc-v/risc-v/risc-v.srcs/sources_1/new/rv_pipe_pkg.sv:]
WARNING: [filemgmt 56-199] Attempt to get parsing info during refresh. "On-the-fly" syntax checking information may be incorrect. [/home/srn6/pprojs/risc-v/risc-v/risc-v.srcs/sources_1/new/top.sv:]
WARNING: [filemgmt 56-199] Attempt to get parsing info during refresh. "On-the-fly" syntax checking information may be incorrect. [/home/srn6/pprojs/risc-v/risc-v/risc-v.srcs/sources_1/new/rv_pipe_pkg.sv:]
WARNING: [filemgmt 56-199] Attempt to get parsing info during refresh. "On-the-fly" syntax checking information may be incorrect. [/home/srn6/pprojs/risc-v/risc-v/risc-v.srcs/sources_1/new/rv_pipe_pkg.sv:]
launch_runs impl_1 -jobs 6
INFO: [Vivado 12-4149] The synthesis checkpoint for IP '/home/srn6/pprojs/risc-v/risc-v/risc-v.srcs/sources_1/ip/blk_mem_gen_0_1/blk_mem_gen_0.xci' is already up-to-date
[Tue Mar 10 00:45:56 2026] Launched synth_1...
Run output will be captured here: /home/srn6/pprojs/risc-v/risc-v/risc-v.runs/synth_1/runme.log
[Tue Mar 10 00:45:56 2026] Launched impl_1...
Run output will be captured here: /home/srn6/pprojs/risc-v/risc-v/risc-v.runs/impl_1/runme.log
refresh_design
Netlist sorting complete. Time (s): cpu = 00:00:00.04 ; elapsed = 00:00:00.02 . Memory (MB): peak = 11616.105 ; gain = 0.000 ; free physical = 5238 ; free virtual = 12966
INFO: [Netlist 29-17] Analyzing 142 Unisim elements for replacement
INFO: [Netlist 29-28] Unisim Transformation completed in 0 CPU seconds
INFO: [Project 1-479] Netlist was created with Vivado 2025.1
INFO: [Project 1-570] Preparing netlist for logic optimization
Read ShapeDB Complete: Time (s): cpu = 00:00:00.01 ; elapsed = 00:00:00.01 . Memory (MB): peak = 11616.105 ; gain = 0.000 ; free physical = 5241 ; free virtual = 12969
INFO: [Timing 38-478] Restoring timing data from binary archive.
INFO: [Common 17-41] Interrupt caught. Command should exit soon.
INFO: [Timing 38-479] Binary timing data restore complete.
INFO: [Project 1-856] Restoring constraints from binary archive.
INFO: [Project 1-853] Binary constraint restore complete.
INFO: [Designutils 20-5722] Start Reading Physical Databases.
Reading placement.
Read Netlist Cache: Time (s): cpu = 00:00:00 ; elapsed = 00:00:00 . Memory (MB): peak = 11616.105 ; gain = 0.000 ; free physical = 7289 ; free virtual = 15017
Reading placer database...
Read Device Cache: Time (s): cpu = 00:00:00 ; elapsed = 00:00:00 . Memory (MB): peak = 11616.105 ; gain = 0.000 ; free physical = 7289 ; free virtual = 15017
Read PlaceDB: Time (s): cpu = 00:00:00.08 ; elapsed = 00:00:00.07 . Memory (MB): peak = 11616.105 ; gain = 0.000 ; free physical = 7291 ; free virtual = 15019
Read PulsedLatchDB: Time (s): cpu = 00:00:00 ; elapsed = 00:00:00 . Memory (MB): peak = 11616.105 ; gain = 0.000 ; free physical = 7291 ; free virtual = 15019
Reading routing.
Restored from archive | CPU: 0.080000 secs | Memory: 2.516853 MB |
Finished XDEF File Restore: Time (s): cpu = 00:00:00.08 ; elapsed = 00:00:00.09 . Memory (MB): peak = 11616.105 ; gain = 0.000 ; free physical = 7291 ; free virtual = 15019
refresh_design: Time (s): cpu = 00:00:07 ; elapsed = 00:00:06 . Memory (MB): peak = 11616.105 ; gain = 0.000 ; free physical = 7291 ; free virtual = 15019
INFO: [Common 17-344] 'refresh_design' was cancelled
open_run impl_1
Netlist sorting complete. Time (s): cpu = 00:00:00.01 ; elapsed = 00:00:00.01 . Memory (MB): peak = 11616.105 ; gain = 0.000 ; free physical = 7293 ; free virtual = 15021
INFO: [Netlist 29-17] Analyzing 142 Unisim elements for replacement
INFO: [Netlist 29-28] Unisim Transformation completed in 0 CPU seconds
INFO: [Project 1-479] Netlist was created with Vivado 2025.1
INFO: [Project 1-570] Preparing netlist for logic optimization
Read ShapeDB Complete: Time (s): cpu = 00:00:00 ; elapsed = 00:00:00 . Memory (MB): peak = 11616.105 ; gain = 0.000 ; free physical = 7293 ; free virtual = 15021
INFO: [Timing 38-478] Restoring timing data from binary archive.
INFO: [Timing 38-479] Binary timing data restore complete.
INFO: [Project 1-856] Restoring constraints from binary archive.
INFO: [Project 1-853] Binary constraint restore complete.
INFO: [Designutils 20-5722] Start Reading Physical Databases.
Reading placement.
Read Netlist Cache: Time (s): cpu = 00:00:00 ; elapsed = 00:00:00 . Memory (MB): peak = 11616.105 ; gain = 0.000 ; free physical = 7296 ; free virtual = 15024
Reading placer database...
Read Device Cache: Time (s): cpu = 00:00:00 ; elapsed = 00:00:00.01 . Memory (MB): peak = 11616.105 ; gain = 0.000 ; free physical = 7296 ; free virtual = 15024
Read PlaceDB: Time (s): cpu = 00:00:00.07 ; elapsed = 00:00:00.07 . Memory (MB): peak = 11616.105 ; gain = 0.000 ; free physical = 7296 ; free virtual = 15024
Read PulsedLatchDB: Time (s): cpu = 00:00:00 ; elapsed = 00:00:00 . Memory (MB): peak = 11616.105 ; gain = 0.000 ; free physical = 7296 ; free virtual = 15024
Reading routing.
Read RouteStorage: Time (s): cpu = 00:00:00.06 ; elapsed = 00:00:00.02 . Memory (MB): peak = 11616.105 ; gain = 0.000 ; free physical = 7296 ; free virtual = 15024
Read Physdb Files: Time (s): cpu = 00:00:00.14 ; elapsed = 00:00:00.11 . Memory (MB): peak = 11616.105 ; gain = 0.000 ; free physical = 7296 ; free virtual = 15024
Restored from archive | CPU: 0.140000 secs | Memory: 3.877441 MB |
Finished XDEF File Restore: Time (s): cpu = 00:00:00.14 ; elapsed = 00:00:00.11 . Memory (MB): peak = 11616.105 ; gain = 0.000 ; free physical = 7296 ; free virtual = 15024
Netlist sorting complete. Time (s): cpu = 00:00:00 ; elapsed = 00:00:00 . Memory (MB): peak = 11616.105 ; gain = 0.000 ; free physical = 7296 ; free virtual = 15024
INFO: [Project 1-111] Unisim Transformation Summary:
  A total of 14 instances were transformed.
  RAM32M => RAM32M (RAMD32(x6), RAMS32(x2)): 10 instances
  RAM32X1D => RAM32X1D (RAMD32(x2)): 4 instances

open_run: Time (s): cpu = 00:00:07 ; elapsed = 00:00:06 . Memory (MB): peak = 11622.078 ; gain = 5.973 ; free physical = 7276 ; free virtual = 15008
report_timing_summary -delay_type min_max -report_unconstrained -check_timing_verbose -max_paths 10 -input_pins -routable_nets -name timing_1
INFO: [Timing 38-91] UpdateTimingParams: Speed grade: -1IL, Delay Type: min_max.
INFO: [Timing 38-191] Multithreading enabled for timing update using a maximum of 8 CPUs
