
*** Running vivado
    with args -log top.vdi -applog -m64 -product Vivado -messageDb vivado.pb -mode batch -source top.tcl -notrace


****** Vivado v2025.1 (64-bit)
  **** SW Build 6140274 on Wed May 21 22:58:25 MDT 2025
  **** IP Build 6138677 on Thu May 22 03:10:11 MDT 2025
  **** SharedData Build 6139179 on Tue May 20 17:58:58 MDT 2025
  **** Start of session at: Thu Apr  2 00:29:54 2026
    ** Copyright 1986-2022 Xilinx, Inc. All Rights Reserved.
    ** Copyright 2022-2025 Advanced Micro Devices, Inc. All Rights Reserved.

source top.tcl -notrace
Command: link_design -top top -part xc7s50csga324-1IL
Design is defaulting to srcset: sources_1
Design is defaulting to constrset: constrs_1
INFO: [Device 21-403] Loading part xc7s50csga324-1IL
INFO: [Project 1-5699] Read binary netlist with skipMacroContent - 1
INFO: [Project 1-454] Reading design checkpoint '/home/leopm2/risc-v/risc-v/risc-v.gen/sources_1/ip/blk_mem_gen_0_1/blk_mem_gen_0.dcp' for cell 'u_fetch/instr_mem/i_mem'
INFO: [Project 1-454] Reading design checkpoint '/home/leopm2/risc-v/risc-v/risc-v.gen/sources_1/ip/blk_mem_gen_1_1/blk_mem_gen_1.dcp' for cell 'u_memory/main_mem/main_mem_block'
Netlist sorting complete. Time (s): cpu = 00:00:00.02 ; elapsed = 00:00:00.01 . Memory (MB): peak = 2010.461 ; gain = 0.000 ; free physical = 1388 ; free virtual = 11901
INFO: [Netlist 29-17] Analyzing 152 Unisim elements for replacement
INFO: [Netlist 29-28] Unisim Transformation completed in 0 CPU seconds
INFO: [Project 1-479] Netlist was created with Vivado 2025.1
INFO: [Project 1-570] Preparing netlist for logic optimization
Parsing XDC File [/home/leopm2/risc-v/risc-v/risc-v.srcs/constrs_1/new/constraints.xdc]
Finished Parsing XDC File [/home/leopm2/risc-v/risc-v/risc-v.srcs/constrs_1/new/constraints.xdc]
INFO: [Opt 31-138] Pushed 0 inverter(s) to 0 load pin(s).
Netlist sorting complete. Time (s): cpu = 00:00:00 ; elapsed = 00:00:00 . Memory (MB): peak = 2197.035 ; gain = 0.000 ; free physical = 1292 ; free virtual = 11804
INFO: [Project 1-111] Unisim Transformation Summary:
No Unisim elements were transformed.

10 Infos, 0 Warnings, 0 Critical Warnings and 0 Errors encountered.
link_design completed successfully
Command: opt_design
Attempting to get a license for feature 'Implementation' and/or device 'xc7s50'
INFO: [Common 17-349] Got license for feature 'Implementation' and/or device 'xc7s50'
Running DRC as a precondition to command opt_design

Starting DRC Task
INFO: [DRC 23-27] Running DRC with 8 threads
INFO: [Project 1-461] DRC finished with 0 Errors
INFO: [Project 1-462] Please refer to the DRC report (report_drc) for more information.

Time (s): cpu = 00:00:00.97 ; elapsed = 00:00:00.38 . Memory (MB): peak = 2314.973 ; gain = 117.902 ; free physical = 1170 ; free virtual = 11682

Starting Cache Timing Information Task
INFO: [Timing 38-35] Done setting XDC timing constraints.
Ending Cache Timing Information Task | Checksum: 26bb8a4e1

Time (s): cpu = 00:00:04 ; elapsed = 00:00:04 . Memory (MB): peak = 2639.871 ; gain = 324.898 ; free physical = 905 ; free virtual = 11417

Starting Logic Optimization Task

Phase 1 Initialization

Phase 1.1 Core Generation And Design Setup
Phase 1.1 Core Generation And Design Setup | Checksum: 26bb8a4e1

Time (s): cpu = 00:00:00 ; elapsed = 00:00:00 . Memory (MB): peak = 3004.762 ; gain = 0.000 ; free physical = 596 ; free virtual = 11108

Phase 1.2 Setup Constraints And Sort Netlist
Phase 1.2 Setup Constraints And Sort Netlist | Checksum: 26bb8a4e1

Time (s): cpu = 00:00:00 ; elapsed = 00:00:00 . Memory (MB): peak = 3004.762 ; gain = 0.000 ; free physical = 595 ; free virtual = 11108
Phase 1 Initialization | Checksum: 26bb8a4e1

Time (s): cpu = 00:00:00 ; elapsed = 00:00:00 . Memory (MB): peak = 3004.762 ; gain = 0.000 ; free physical = 595 ; free virtual = 11108

Phase 2 Timer Update And Timing Data Collection

Phase 2.1 Timer Update
Phase 2.1 Timer Update | Checksum: 26bb8a4e1

Time (s): cpu = 00:00:00.06 ; elapsed = 00:00:00.02 . Memory (MB): peak = 3004.762 ; gain = 0.000 ; free physical = 595 ; free virtual = 11108

Phase 2.2 Timing Data Collection
Phase 2.2 Timing Data Collection | Checksum: 26bb8a4e1

Time (s): cpu = 00:00:00.06 ; elapsed = 00:00:00.03 . Memory (MB): peak = 3004.762 ; gain = 0.000 ; free physical = 591 ; free virtual = 11104
Phase 2 Timer Update And Timing Data Collection | Checksum: 26bb8a4e1

Time (s): cpu = 00:00:00.06 ; elapsed = 00:00:00.03 . Memory (MB): peak = 3004.762 ; gain = 0.000 ; free physical = 591 ; free virtual = 11104

Phase 3 Retarget
INFO: [Opt 31-1851] Number of loadless carry chains removed were: 0
INFO: [Opt 31-1834] Total Chains To Be Transformed Were: 0 AND Number of Transformed insts Created are: 0
INFO: [Opt 31-1566] Pulled 1 inverters resulting in an inversion of 36 pins
INFO: [Opt 31-138] Pushed 1 inverter(s) to 5 load pin(s).
INFO: [Opt 31-49] Retargeted 0 cell(s).
Phase 3 Retarget | Checksum: 28801c6b5

Time (s): cpu = 00:00:00.22 ; elapsed = 00:00:00.07 . Memory (MB): peak = 3004.762 ; gain = 0.000 ; free physical = 591 ; free virtual = 11104
Retarget | Checksum: 28801c6b5
INFO: [Opt 31-389] Phase Retarget created 28 cells and removed 39 cells

Phase 4 Constant propagation
INFO: [Opt 31-138] Pushed 0 inverter(s) to 0 load pin(s).
Phase 4 Constant propagation | Checksum: 29bb1a76c

Time (s): cpu = 00:00:00.23 ; elapsed = 00:00:00.09 . Memory (MB): peak = 3004.762 ; gain = 0.000 ; free physical = 591 ; free virtual = 11103
Constant propagation | Checksum: 29bb1a76c
INFO: [Opt 31-389] Phase Constant propagation created 0 cells and removed 65 cells

Phase 5 Sweep
INFO: [Constraints 18-11670] Building netlist checker database with flags, 0x8
Done building netlist checker database: Time (s): cpu = 00:00:00 ; elapsed = 00:00:00 . Memory (MB): peak = 3004.762 ; gain = 0.000 ; free physical = 591 ; free virtual = 11103
INFO: [Constraints 18-11670] Building netlist checker database with flags, 0x8
Done building netlist checker database: Time (s): cpu = 00:00:00 ; elapsed = 00:00:00 . Memory (MB): peak = 3004.762 ; gain = 0.000 ; free physical = 591 ; free virtual = 11103
Phase 5 Sweep | Checksum: 2d9fa409f

Time (s): cpu = 00:00:00.38 ; elapsed = 00:00:00.24 . Memory (MB): peak = 3004.762 ; gain = 0.000 ; free physical = 591 ; free virtual = 11103
Sweep | Checksum: 2d9fa409f
INFO: [Opt 31-389] Phase Sweep created 37 cells and removed 172 cells

Phase 6 BUFG optimization
Phase 6 BUFG optimization | Checksum: 2d9fa409f

Time (s): cpu = 00:00:00.4 ; elapsed = 00:00:00.25 . Memory (MB): peak = 3036.777 ; gain = 32.016 ; free physical = 587 ; free virtual = 11099
BUFG optimization | Checksum: 2d9fa409f
INFO: [Opt 31-662] Phase BUFG optimization created 0 cells of which 0 are BUFGs and removed 0 cells.

Phase 7 Shift Register Optimization
INFO: [Opt 31-1064] SRL Remap converted 0 SRLs to 0 registers and converted 0 registers of register chains to 0 SRLs
Phase 7 Shift Register Optimization | Checksum: 2d9fa409f

Time (s): cpu = 00:00:00.41 ; elapsed = 00:00:00.26 . Memory (MB): peak = 3036.777 ; gain = 32.016 ; free physical = 587 ; free virtual = 11099
Shift Register Optimization | Checksum: 2d9fa409f
INFO: [Opt 31-389] Phase Shift Register Optimization created 0 cells and removed 0 cells

Phase 8 Post Processing Netlist
Phase 8 Post Processing Netlist | Checksum: 2d9fa409f

Time (s): cpu = 00:00:00.41 ; elapsed = 00:00:00.26 . Memory (MB): peak = 3036.777 ; gain = 32.016 ; free physical = 587 ; free virtual = 11099
Post Processing Netlist | Checksum: 2d9fa409f
INFO: [Opt 31-389] Phase Post Processing Netlist created 0 cells and removed 0 cells

Phase 9 Finalization

Phase 9.1 Finalizing Design Cores and Updating Shapes
Phase 9.1 Finalizing Design Cores and Updating Shapes | Checksum: 2338b5315

Time (s): cpu = 00:00:00.56 ; elapsed = 00:00:00.29 . Memory (MB): peak = 3036.777 ; gain = 32.016 ; free physical = 587 ; free virtual = 11099

Phase 9.2 Verifying Netlist Connectivity

Starting Connectivity Check Task

Time (s): cpu = 00:00:00 ; elapsed = 00:00:00.01 . Memory (MB): peak = 3036.777 ; gain = 0.000 ; free physical = 587 ; free virtual = 11099
Phase 9.2 Verifying Netlist Connectivity | Checksum: 2338b5315

Time (s): cpu = 00:00:00.56 ; elapsed = 00:00:00.31 . Memory (MB): peak = 3036.777 ; gain = 32.016 ; free physical = 587 ; free virtual = 11099
Phase 9 Finalization | Checksum: 2338b5315

Time (s): cpu = 00:00:00.56 ; elapsed = 00:00:00.31 . Memory (MB): peak = 3036.777 ; gain = 32.016 ; free physical = 587 ; free virtual = 11099
Opt_design Change Summary
=========================


-------------------------------------------------------------------------------------------------------------------------
|  Phase                        |  #Cells created  |  #Cells Removed  |  #Constrained objects preventing optimizations  |
-------------------------------------------------------------------------------------------------------------------------
|  Retarget                     |              28  |              39  |                                              0  |
|  Constant propagation         |               0  |              65  |                                              0  |
|  Sweep                        |              37  |             172  |                                              0  |
|  BUFG optimization            |               0  |               0  |                                              0  |
|  Shift Register Optimization  |               0  |               0  |                                              0  |
|  Post Processing Netlist      |               0  |               0  |                                              0  |
-------------------------------------------------------------------------------------------------------------------------


Ending Logic Optimization Task | Checksum: 2338b5315

Time (s): cpu = 00:00:00.56 ; elapsed = 00:00:00.31 . Memory (MB): peak = 3036.777 ; gain = 32.016 ; free physical = 587 ; free virtual = 11099

Starting Power Optimization Task
INFO: [Pwropt 34-132] Skipping clock gating for clocks with a period < 2.00 ns.
INFO: [Timing 38-35] Done setting XDC timing constraints.
Running Vector-less Activity Propagation...

Finished Running Vector-less Activity Propagation
INFO: [Pwropt 34-9] Applying IDT optimizations ...
INFO: [Pwropt 34-10] Applying ODC optimizations ...


Starting PowerOpt Patch Enables Task
INFO: [Pwropt 34-162] WRITE_MODE attribute of 46 BRAM(s) out of a total of 59 has been updated to save power. Run report_power_opt to get a complete listing of the BRAMs updated.
INFO: [Pwropt 34-201] Structural ODC has moved 0 WE to EN ports
Number of BRAM Ports augmented: 95 newly gated: 11 Total Ports: 118
Number of Flops added for Enable Generation: 2

Ending PowerOpt Patch Enables Task | Checksum: 27d3f5e98

Time (s): cpu = 00:00:00.13 ; elapsed = 00:00:00.13 . Memory (MB): peak = 3307.684 ; gain = 0.000 ; free physical = 473 ; free virtual = 10985
Ending Power Optimization Task | Checksum: 27d3f5e98

Time (s): cpu = 00:00:04 ; elapsed = 00:00:03 . Memory (MB): peak = 3307.684 ; gain = 270.906 ; free physical = 473 ; free virtual = 10985

Starting Final Cleanup Task

Starting Logic Optimization Task
INFO: [Timing 38-35] Done setting XDC timing constraints.
Ending Logic Optimization Task | Checksum: 26431f03d

Time (s): cpu = 00:00:00.23 ; elapsed = 00:00:00.12 . Memory (MB): peak = 3307.684 ; gain = 0.000 ; free physical = 474 ; free virtual = 10986
Ending Final Cleanup Task | Checksum: 26431f03d

Time (s): cpu = 00:00:02 ; elapsed = 00:00:02 . Memory (MB): peak = 3307.684 ; gain = 0.000 ; free physical = 474 ; free virtual = 10986

Starting Netlist Obfuscation Task
Netlist sorting complete. Time (s): cpu = 00:00:00 ; elapsed = 00:00:00 . Memory (MB): peak = 3307.684 ; gain = 0.000 ; free physical = 474 ; free virtual = 10986
Ending Netlist Obfuscation Task | Checksum: 26431f03d

Time (s): cpu = 00:00:00 ; elapsed = 00:00:00 . Memory (MB): peak = 3307.684 ; gain = 0.000 ; free physical = 474 ; free virtual = 10986
INFO: [Common 17-83] Releasing license: Implementation
38 Infos, 0 Warnings, 0 Critical Warnings and 0 Errors encountered.
opt_design completed successfully
opt_design: Time (s): cpu = 00:00:12 ; elapsed = 00:00:11 . Memory (MB): peak = 3307.684 ; gain = 1110.613 ; free physical = 474 ; free virtual = 10986
INFO: [Vivado 12-24828] Executing command : report_drc -file top_drc_opted.rpt -pb top_drc_opted.pb -rpx top_drc_opted.rpx
Command: report_drc -file top_drc_opted.rpt -pb top_drc_opted.pb -rpx top_drc_opted.rpx
INFO: [IP_Flow 19-1839] IP Catalog is up to date.
INFO: [DRC 23-27] Running DRC with 8 threads
INFO: [Vivado_Tcl 2-168] The results of DRC are in file /home/leopm2/risc-v/risc-v/risc-v.runs/impl_1/top_drc_opted.rpt.
report_drc completed successfully
INFO: [Timing 38-480] Writing timing data to binary archive.
Write ShapeDB Complete: Time (s): cpu = 00:00:00 ; elapsed = 00:00:00 . Memory (MB): peak = 3307.684 ; gain = 0.000 ; free physical = 476 ; free virtual = 10988
Wrote PlaceDB: Time (s): cpu = 00:00:00 ; elapsed = 00:00:00 . Memory (MB): peak = 3307.684 ; gain = 0.000 ; free physical = 476 ; free virtual = 10988
Wrote PulsedLatchDB: Time (s): cpu = 00:00:00 ; elapsed = 00:00:00 . Memory (MB): peak = 3307.684 ; gain = 0.000 ; free physical = 472 ; free virtual = 10984
Writing XDEF routing.
Writing XDEF routing logical nets.
Writing XDEF routing special nets.
Wrote RouteStorage: Time (s): cpu = 00:00:00.03 ; elapsed = 00:00:00.01 . Memory (MB): peak = 3307.684 ; gain = 0.000 ; free physical = 466 ; free virtual = 10978
Wrote Netlist Cache: Time (s): cpu = 00:00:00 ; elapsed = 00:00:00 . Memory (MB): peak = 3307.684 ; gain = 0.000 ; free physical = 465 ; free virtual = 10977
Wrote Device Cache: Time (s): cpu = 00:00:00.01 ; elapsed = 00:00:00.01 . Memory (MB): peak = 3307.684 ; gain = 0.000 ; free physical = 465 ; free virtual = 10977
Write Physdb Complete: Time (s): cpu = 00:00:00.11 ; elapsed = 00:00:00.06 . Memory (MB): peak = 3307.684 ; gain = 0.000 ; free physical = 465 ; free virtual = 10978
INFO: [Common 17-1381] The checkpoint '/home/leopm2/risc-v/risc-v/risc-v.runs/impl_1/top_opt.dcp' has been generated.
Command: place_design
Attempting to get a license for feature 'Implementation' and/or device 'xc7s50'
INFO: [Common 17-349] Got license for feature 'Implementation' and/or device 'xc7s50'
INFO: [Common 17-83] Releasing license: Implementation
INFO: [DRC 23-27] Running DRC with 8 threads
INFO: [Vivado_Tcl 4-198] DRC finished with 0 Errors
INFO: [Vivado_Tcl 4-199] Please refer to the DRC report (report_drc) for more information.
Running DRC as a precondition to command place_design
INFO: [DRC 23-27] Running DRC with 8 threads
INFO: [Vivado_Tcl 4-198] DRC finished with 0 Errors
INFO: [Vivado_Tcl 4-199] Please refer to the DRC report (report_drc) for more information.
INFO: [Place 30-611] Multithreading enabled for place_design using a maximum of 8 CPUs

Starting Placer Task

Phase 1 Placer Initialization

Phase 1.1 Placer Initialization Netlist Sorting
Netlist sorting complete. Time (s): cpu = 00:00:00 ; elapsed = 00:00:00 . Memory (MB): peak = 3307.684 ; gain = 0.000 ; free physical = 467 ; free virtual = 10980
Phase 1.1 Placer Initialization Netlist Sorting | Checksum: 220d7549b

Time (s): cpu = 00:00:00 ; elapsed = 00:00:00 . Memory (MB): peak = 3307.684 ; gain = 0.000 ; free physical = 467 ; free virtual = 10980
Netlist sorting complete. Time (s): cpu = 00:00:00 ; elapsed = 00:00:00.01 . Memory (MB): peak = 3307.684 ; gain = 0.000 ; free physical = 467 ; free virtual = 10980

Phase 1.2 IO Placement/ Clock Placement/ Build Placer Device
INFO: [Timing 38-35] Done setting XDC timing constraints.
Phase 1.2 IO Placement/ Clock Placement/ Build Placer Device | Checksum: 22696a844

Time (s): cpu = 00:00:00.76 ; elapsed = 00:00:00.18 . Memory (MB): peak = 3307.684 ; gain = 0.000 ; free physical = 466 ; free virtual = 10978

Phase 1.3 Build Placer Netlist Model
Phase 1.3 Build Placer Netlist Model | Checksum: 30f55f53c

Time (s): cpu = 00:00:02 ; elapsed = 00:00:00.41 . Memory (MB): peak = 3307.684 ; gain = 0.000 ; free physical = 467 ; free virtual = 10979

Phase 1.4 Constrain Clocks/Macros
Phase 1.4 Constrain Clocks/Macros | Checksum: 30f55f53c

Time (s): cpu = 00:00:02 ; elapsed = 00:00:00.42 . Memory (MB): peak = 3307.684 ; gain = 0.000 ; free physical = 467 ; free virtual = 10979
Phase 1 Placer Initialization | Checksum: 30f55f53c

Time (s): cpu = 00:00:02 ; elapsed = 00:00:00.42 . Memory (MB): peak = 3307.684 ; gain = 0.000 ; free physical = 467 ; free virtual = 10979

Phase 2 Global Placement

Phase 2.1 Floorplanning
Phase 2.1 Floorplanning | Checksum: 240175f2e

Time (s): cpu = 00:00:02 ; elapsed = 00:00:00.52 . Memory (MB): peak = 3307.684 ; gain = 0.000 ; free physical = 473 ; free virtual = 10985

Phase 2.2 Update Timing before SLR Path Opt
Phase 2.2 Update Timing before SLR Path Opt | Checksum: 2d981915a

Time (s): cpu = 00:00:02 ; elapsed = 00:00:00.58 . Memory (MB): peak = 3307.684 ; gain = 0.000 ; free physical = 473 ; free virtual = 10985

Phase 2.3 Post-Processing in Floorplanning
Phase 2.3 Post-Processing in Floorplanning | Checksum: 2d981915a

Time (s): cpu = 00:00:02 ; elapsed = 00:00:00.58 . Memory (MB): peak = 3307.684 ; gain = 0.000 ; free physical = 473 ; free virtual = 10985

Phase 2.4 Global Place Phase1
Phase 2.4 Global Place Phase1 | Checksum: 1d99aaa36

Time (s): cpu = 00:00:09 ; elapsed = 00:00:02 . Memory (MB): peak = 3307.684 ; gain = 0.000 ; free physical = 479 ; free virtual = 10991

Phase 2.5 Global Place Phase2

Phase 2.5.1 UpdateTiming Before Physical Synthesis
Phase 2.5.1 UpdateTiming Before Physical Synthesis | Checksum: 2b8aea202

Time (s): cpu = 00:00:09 ; elapsed = 00:00:02 . Memory (MB): peak = 3307.684 ; gain = 0.000 ; free physical = 478 ; free virtual = 10991

Phase 2.5.2 Physical Synthesis In Placer
INFO: [Physopt 32-1035] Found 0 LUTNM shape to break, 120 LUT instances to create LUTNM shape
INFO: [Physopt 32-1044] Break lutnm for timing: one critical 0, two critical 0, total 0, new lutff created 0
INFO: [Physopt 32-1138] End 1 Pass. Optimized 51 nets or LUTs. Breaked 0 LUT, combined 51 existing LUTs and moved 0 existing LUT
INFO: [Physopt 32-65] No nets found for high-fanout optimization.
INFO: [Physopt 32-232] Optimized 0 net. Created 0 new instance.
INFO: [Physopt 32-775] End 1 Pass. Optimized 0 net or cell. Created 0 new cell, deleted 0 existing cell and moved 0 existing cell
INFO: [Physopt 32-456] No candidate cells for DSP register optimization found in the design.
INFO: [Physopt 32-775] End 2 Pass. Optimized 0 net or cell. Created 0 new cell, deleted 0 existing cell and moved 0 existing cell
INFO: [Physopt 32-1123] No candidate cells found for Shift Register to Pipeline optimization
INFO: [Physopt 32-775] End 2 Pass. Optimized 0 net or cell. Created 0 new cell, deleted 0 existing cell and moved 0 existing cell
INFO: [Physopt 32-1401] No candidate cells found for Shift Register optimization.
INFO: [Physopt 32-677] No candidate cells for Shift Register optimization found in the design
INFO: [Physopt 32-775] End 1 Pass. Optimized 0 net or cell. Created 0 new cell, deleted 0 existing cell and moved 0 existing cell
INFO: [Physopt 32-526] No candidate cells for BRAM register optimization found in the design
INFO: [Physopt 32-775] End 1 Pass. Optimized 0 net or cell. Created 0 new cell, deleted 0 existing cell and moved 0 existing cell
INFO: [Physopt 32-846] No candidate cells for URAM register optimization found in the design
INFO: [Physopt 32-775] End 1 Pass. Optimized 0 net or cell. Created 0 new cell, deleted 0 existing cell and moved 0 existing cell
INFO: [Physopt 32-846] No candidate cells for URAM register optimization found in the design
INFO: [Physopt 32-775] End 1 Pass. Optimized 0 net or cell. Created 0 new cell, deleted 0 existing cell and moved 0 existing cell
INFO: [Physopt 32-949] No candidate nets found for dynamic/static region interface net replication
INFO: [Physopt 32-775] End 1 Pass. Optimized 0 net or cell. Created 0 new cell, deleted 0 existing cell and moved 0 existing cell
Netlist sorting complete. Time (s): cpu = 00:00:00 ; elapsed = 00:00:00 . Memory (MB): peak = 3307.684 ; gain = 0.000 ; free physical = 479 ; free virtual = 10991

Summary of Physical Synthesis Optimizations
============================================


-----------------------------------------------------------------------------------------------------------------------------------------------------------
|  Optimization                                     |  Added Cells  |  Removed Cells  |  Optimized Cells/Nets  |  Dont Touch  |  Iterations  |  Elapsed   |
-----------------------------------------------------------------------------------------------------------------------------------------------------------
|  LUT Combining                                    |            0  |             51  |                    51  |           0  |           1  |  00:00:00  |
|  Retime                                           |            0  |              0  |                     0  |           0  |           1  |  00:00:00  |
|  Very High Fanout                                 |            0  |              0  |                     0  |           0  |           1  |  00:00:00  |
|  DSP Register                                     |            0  |              0  |                     0  |           0  |           1  |  00:00:00  |
|  Shift Register to Pipeline                       |            0  |              0  |                     0  |           0  |           1  |  00:00:00  |
|  Shift Register                                   |            0  |              0  |                     0  |           0  |           1  |  00:00:00  |
|  BRAM Register                                    |            0  |              0  |                     0  |           0  |           1  |  00:00:00  |
|  URAM Register                                    |            0  |              0  |                     0  |           0  |           1  |  00:00:00  |
|  Dynamic/Static Region Interface Net Replication  |            0  |              0  |                     0  |           0  |           1  |  00:00:00  |
|  Total                                            |            0  |             51  |                    51  |           0  |           9  |  00:00:00  |
-----------------------------------------------------------------------------------------------------------------------------------------------------------


Phase 2.5.2 Physical Synthesis In Placer | Checksum: 25652ac2c

Time (s): cpu = 00:00:10 ; elapsed = 00:00:03 . Memory (MB): peak = 3307.684 ; gain = 0.000 ; free physical = 478 ; free virtual = 10991
Phase 2.5 Global Place Phase2 | Checksum: 297b3e669

Time (s): cpu = 00:00:10 ; elapsed = 00:00:03 . Memory (MB): peak = 3307.684 ; gain = 0.000 ; free physical = 476 ; free virtual = 10989
Phase 2 Global Placement | Checksum: 297b3e669

Time (s): cpu = 00:00:10 ; elapsed = 00:00:03 . Memory (MB): peak = 3307.684 ; gain = 0.000 ; free physical = 476 ; free virtual = 10989

Phase 3 Detail Placement

Phase 3.1 Commit Multi Column Macros
Phase 3.1 Commit Multi Column Macros | Checksum: 2424b7824

Time (s): cpu = 00:00:11 ; elapsed = 00:00:03 . Memory (MB): peak = 3307.684 ; gain = 0.000 ; free physical = 476 ; free virtual = 10989

Phase 3.2 Commit Most Macros & LUTRAMs
Phase 3.2 Commit Most Macros & LUTRAMs | Checksum: 2936472b1

Time (s): cpu = 00:00:11 ; elapsed = 00:00:03 . Memory (MB): peak = 3307.684 ; gain = 0.000 ; free physical = 476 ; free virtual = 10989

Phase 3.3 Area Swap Optimization
Phase 3.3 Area Swap Optimization | Checksum: 296f08a5b

Time (s): cpu = 00:00:11 ; elapsed = 00:00:03 . Memory (MB): peak = 3307.684 ; gain = 0.000 ; free physical = 476 ; free virtual = 10989

Phase 3.4 Pipeline Register Optimization
Phase 3.4 Pipeline Register Optimization | Checksum: 234664f9b

Time (s): cpu = 00:00:11 ; elapsed = 00:00:03 . Memory (MB): peak = 3307.684 ; gain = 0.000 ; free physical = 476 ; free virtual = 10989

Phase 3.5 Fast Optimization
Phase 3.5 Fast Optimization | Checksum: 1f434b159

Time (s): cpu = 00:00:12 ; elapsed = 00:00:04 . Memory (MB): peak = 3307.684 ; gain = 0.000 ; free physical = 471 ; free virtual = 10984

Phase 3.6 Small Shape Detail Placement
Phase 3.6 Small Shape Detail Placement | Checksum: 2c410f550

Time (s): cpu = 00:00:13 ; elapsed = 00:00:04 . Memory (MB): peak = 3307.684 ; gain = 0.000 ; free physical = 471 ; free virtual = 10984

Phase 3.7 Re-assign LUT pins
Phase 3.7 Re-assign LUT pins | Checksum: 1f31d6edf

Time (s): cpu = 00:00:13 ; elapsed = 00:00:04 . Memory (MB): peak = 3307.684 ; gain = 0.000 ; free physical = 471 ; free virtual = 10984

Phase 3.8 Pipeline Register Optimization
Phase 3.8 Pipeline Register Optimization | Checksum: 290551c7a

Time (s): cpu = 00:00:13 ; elapsed = 00:00:04 . Memory (MB): peak = 3307.684 ; gain = 0.000 ; free physical = 471 ; free virtual = 10984

Phase 3.9 Fast Optimization
Phase 3.9 Fast Optimization | Checksum: 1b1d95e29

Time (s): cpu = 00:00:15 ; elapsed = 00:00:05 . Memory (MB): peak = 3307.684 ; gain = 0.000 ; free physical = 471 ; free virtual = 10983
Phase 3 Detail Placement | Checksum: 1b1d95e29

Time (s): cpu = 00:00:15 ; elapsed = 00:00:05 . Memory (MB): peak = 3307.684 ; gain = 0.000 ; free physical = 471 ; free virtual = 10983

Phase 4 Post Placement Optimization and Clean-Up

Phase 4.1 Post Commit Optimization
INFO: [Timing 38-35] Done setting XDC timing constraints.

Phase 4.1.1 Post Placement Optimization
Post Placement Optimization Initialization | Checksum: 1c0f528d2

Phase 4.1.1.1 BUFG Insertion

Starting Physical Synthesis Task

Phase 1 Physical Synthesis Initialization
INFO: [Physopt 32-721] Multithreading enabled for phys_opt_design using a maximum of 8 CPUs
INFO: [Physopt 32-619] Estimated Timing Summary | WNS=-0.459 | TNS=-15.029 |
Phase 1 Physical Synthesis Initialization | Checksum: 12cb53537

Time (s): cpu = 00:00:00.07 ; elapsed = 00:00:00.02 . Memory (MB): peak = 3307.684 ; gain = 0.000 ; free physical = 471 ; free virtual = 10983
INFO: [Place 46-56] BUFG insertion identified 0 candidate nets. Inserted BUFG: 0, Replicated BUFG Driver: 0, Skipped due to Placement/Routing Conflicts: 0, Skipped due to Timing Degradation: 0, Skipped due to netlist editing failed: 0.
Ending Physical Synthesis Task | Checksum: 17a45514d

Time (s): cpu = 00:00:00.09 ; elapsed = 00:00:00.03 . Memory (MB): peak = 3307.684 ; gain = 0.000 ; free physical = 471 ; free virtual = 10983
Phase 4.1.1.1 BUFG Insertion | Checksum: 1c0f528d2

Time (s): cpu = 00:00:16 ; elapsed = 00:00:05 . Memory (MB): peak = 3307.684 ; gain = 0.000 ; free physical = 471 ; free virtual = 10983

Phase 4.1.1.2 Post Placement Timing Optimization
INFO: [Place 30-746] Post Placement Timing Summary WNS=-0.138. For the most accurate timing information please run report_timing.
Phase 4.1.1.2 Post Placement Timing Optimization | Checksum: 2470a8392

Time (s): cpu = 00:00:23 ; elapsed = 00:00:13 . Memory (MB): peak = 3307.684 ; gain = 0.000 ; free physical = 472 ; free virtual = 10985

Time (s): cpu = 00:00:23 ; elapsed = 00:00:13 . Memory (MB): peak = 3307.684 ; gain = 0.000 ; free physical = 472 ; free virtual = 10985
Phase 4.1 Post Commit Optimization | Checksum: 2470a8392

Time (s): cpu = 00:00:23 ; elapsed = 00:00:13 . Memory (MB): peak = 3307.684 ; gain = 0.000 ; free physical = 472 ; free virtual = 10985

Phase 4.2 Post Placement Cleanup
Phase 4.2 Post Placement Cleanup | Checksum: 2470a8392

Time (s): cpu = 00:00:23 ; elapsed = 00:00:13 . Memory (MB): peak = 3307.684 ; gain = 0.000 ; free physical = 472 ; free virtual = 10985

Phase 4.3 Placer Reporting

Phase 4.3.1 Print Estimated Congestion
INFO: [Place 30-612] Post-Placement Estimated Congestion 
 ____________________________________________________
|           | Global Congestion | Short Congestion  |
| Direction | Region Size       | Region Size       |
|___________|___________________|___________________|
|      North|                1x1|                2x2|
|___________|___________________|___________________|
|      South|                1x1|                1x1|
|___________|___________________|___________________|
|       East|                1x1|                1x1|
|___________|___________________|___________________|
|       West|                1x1|                1x1|
|___________|___________________|___________________|

Phase 4.3.1 Print Estimated Congestion | Checksum: 2470a8392

Time (s): cpu = 00:00:23 ; elapsed = 00:00:13 . Memory (MB): peak = 3307.684 ; gain = 0.000 ; free physical = 472 ; free virtual = 10985
Phase 4.3 Placer Reporting | Checksum: 2470a8392

Time (s): cpu = 00:00:23 ; elapsed = 00:00:13 . Memory (MB): peak = 3307.684 ; gain = 0.000 ; free physical = 472 ; free virtual = 10985

Phase 4.4 Final Placement Cleanup
Netlist sorting complete. Time (s): cpu = 00:00:00 ; elapsed = 00:00:00 . Memory (MB): peak = 3307.684 ; gain = 0.000 ; free physical = 472 ; free virtual = 10985

Time (s): cpu = 00:00:23 ; elapsed = 00:00:13 . Memory (MB): peak = 3307.684 ; gain = 0.000 ; free physical = 472 ; free virtual = 10985
Phase 4 Post Placement Optimization and Clean-Up | Checksum: 2d7e64041

Time (s): cpu = 00:00:23 ; elapsed = 00:00:13 . Memory (MB): peak = 3307.684 ; gain = 0.000 ; free physical = 472 ; free virtual = 10985
Ending Placer Task | Checksum: 214e0823c

Time (s): cpu = 00:00:23 ; elapsed = 00:00:13 . Memory (MB): peak = 3307.684 ; gain = 0.000 ; free physical = 472 ; free virtual = 10985
81 Infos, 0 Warnings, 0 Critical Warnings and 0 Errors encountered.
place_design completed successfully
place_design: Time (s): cpu = 00:00:25 ; elapsed = 00:00:13 . Memory (MB): peak = 3307.684 ; gain = 0.000 ; free physical = 472 ; free virtual = 10985
INFO: [Vivado 12-24838] Running report commands "report_control_sets, report_io, report_utilization" in parallel.
Running report generation with 3 threads.
INFO: [Vivado 12-24828] Executing command : report_control_sets -verbose -file top_control_sets_placed.rpt
report_control_sets: Time (s): cpu = 00:00:00.06 ; elapsed = 00:00:00.05 . Memory (MB): peak = 3307.684 ; gain = 0.000 ; free physical = 464 ; free virtual = 10976
INFO: [Vivado 12-24828] Executing command : report_utilization -file top_utilization_placed.rpt -pb top_utilization_placed.pb
INFO: [Vivado 12-24828] Executing command : report_io -file top_io_placed.rpt
report_io: Time (s): cpu = 00:00:00.11 ; elapsed = 00:00:00.12 . Memory (MB): peak = 3307.684 ; gain = 0.000 ; free physical = 459 ; free virtual = 10972
INFO: [Timing 38-480] Writing timing data to binary archive.
Write ShapeDB Complete: Time (s): cpu = 00:00:00 ; elapsed = 00:00:00.01 . Memory (MB): peak = 3307.684 ; gain = 0.000 ; free physical = 455 ; free virtual = 10968
Wrote PlaceDB: Time (s): cpu = 00:00:00.27 ; elapsed = 00:00:00.09 . Memory (MB): peak = 3307.684 ; gain = 0.000 ; free physical = 444 ; free virtual = 10959
Wrote PulsedLatchDB: Time (s): cpu = 00:00:00 ; elapsed = 00:00:00 . Memory (MB): peak = 3307.684 ; gain = 0.000 ; free physical = 436 ; free virtual = 10951
Writing XDEF routing.
Writing XDEF routing logical nets.
Writing XDEF routing special nets.
Wrote RouteStorage: Time (s): cpu = 00:00:00.01 ; elapsed = 00:00:00.01 . Memory (MB): peak = 3307.684 ; gain = 0.000 ; free physical = 430 ; free virtual = 10945
Wrote Netlist Cache: Time (s): cpu = 00:00:00 ; elapsed = 00:00:00.01 . Memory (MB): peak = 3307.684 ; gain = 0.000 ; free physical = 427 ; free virtual = 10943
Wrote Device Cache: Time (s): cpu = 00:00:00 ; elapsed = 00:00:00 . Memory (MB): peak = 3307.684 ; gain = 0.000 ; free physical = 427 ; free virtual = 10943
Write Physdb Complete: Time (s): cpu = 00:00:00.33 ; elapsed = 00:00:00.16 . Memory (MB): peak = 3307.684 ; gain = 0.000 ; free physical = 429 ; free virtual = 10946
INFO: [Common 17-1381] The checkpoint '/home/leopm2/risc-v/risc-v/risc-v.runs/impl_1/top_placed.dcp' has been generated.
Command: phys_opt_design
Attempting to get a license for feature 'Implementation' and/or device 'xc7s50'
INFO: [Common 17-349] Got license for feature 'Implementation' and/or device 'xc7s50'

Starting Initial Update Timing Task

Time (s): cpu = 00:00:00.36 ; elapsed = 00:00:00.13 . Memory (MB): peak = 3307.684 ; gain = 0.000 ; free physical = 411 ; free virtual = 10925
INFO: [Vivado_Tcl 4-1435] PhysOpt_Tcl_Interface Runtime Before Starting Physical Synthesis Task | CPU: 0.40s |  WALL: 0.15s
Netlist sorting complete. Time (s): cpu = 00:00:00 ; elapsed = 00:00:00 . Memory (MB): peak = 3307.684 ; gain = 0.000 ; free physical = 411 ; free virtual = 10925

Starting Physical Synthesis Task

Phase 1 Physical Synthesis Initialization
INFO: [Physopt 32-721] Multithreading enabled for phys_opt_design using a maximum of 8 CPUs
INFO: [Physopt 32-619] Estimated Timing Summary | WNS=-0.138 | TNS=-1.142 |
Phase 1 Physical Synthesis Initialization | Checksum: 1f7a01684

Time (s): cpu = 00:00:00.55 ; elapsed = 00:00:00.2 . Memory (MB): peak = 3307.684 ; gain = 0.000 ; free physical = 410 ; free virtual = 10924
INFO: [Physopt 32-619] Estimated Timing Summary | WNS=-0.138 | TNS=-1.142 |

Phase 2 DSP Register Optimization
INFO: [Physopt 32-456] No candidate cells for DSP register optimization found in the design.
INFO: [Physopt 32-775] End 2 Pass. Optimized 0 net or cell. Created 0 new cell, deleted 0 existing cell and moved 0 existing cell
Phase 2 DSP Register Optimization | Checksum: 1f7a01684

Time (s): cpu = 00:00:00.6 ; elapsed = 00:00:00.21 . Memory (MB): peak = 3307.684 ; gain = 0.000 ; free physical = 410 ; free virtual = 10924

Phase 3 Critical Path Optimization
INFO: [Physopt 32-619] Estimated Timing Summary | WNS=-0.138 | TNS=-1.142 |
INFO: [Physopt 32-702] Processed net u_execute/sll[21]. Optimizations did not improve timing on the net.
INFO: [Physopt 32-702] Processed net u_decode/register_file_reg_1_0[2]. Optimizations did not improve timing on the net.
INFO: [Physopt 32-663] Processed net u_decode/sll[23]_i_2_n_0.  Re-placed instance u_decode/sll[23]_i_2
INFO: [Physopt 32-735] Processed net u_decode/sll[23]_i_2_n_0. Optimization improves timing on the net.
INFO: [Physopt 32-619] Estimated Timing Summary | WNS=-0.134 | TNS=-0.982 |
INFO: [Physopt 32-702] Processed net u_execute/srl[7]. Optimizations did not improve timing on the net.
INFO: [Physopt 32-663] Processed net u_decode/srl[8]_i_2_n_0.  Re-placed instance u_decode/srl[8]_i_2
INFO: [Physopt 32-735] Processed net u_decode/srl[8]_i_2_n_0. Optimization improves timing on the net.
INFO: [Physopt 32-619] Estimated Timing Summary | WNS=-0.101 | TNS=-0.841 |
INFO: [Physopt 32-702] Processed net u_execute/sra[21]. Optimizations did not improve timing on the net.
INFO: [Physopt 32-81] Processed net u_decode/sra[24]_i_2_n_0. Replicated 1 times.
INFO: [Physopt 32-735] Processed net u_decode/sra[24]_i_2_n_0. Optimization improves timing on the net.
INFO: [Physopt 32-619] Estimated Timing Summary | WNS=-0.093 | TNS=-0.762 |
INFO: [Physopt 32-702] Processed net u_execute/sra[10]. Optimizations did not improve timing on the net.
INFO: [Physopt 32-702] Processed net u_decode/register_file_reg_1_0[3]. Optimizations did not improve timing on the net.
INFO: [Physopt 32-702] Processed net u_decode/sra[13]_i_2_n_0. Optimizations did not improve timing on the net.
INFO: [Physopt 32-608] Optimized 1 net.  Swapped 23 pins.
INFO: [Physopt 32-735] Processed net u_decode/u_execute/p_0_in__0[3]. Optimization improves timing on the net.
INFO: [Physopt 32-619] Estimated Timing Summary | WNS=-0.074 | TNS=-0.570 |
INFO: [Physopt 32-702] Processed net u_execute/srl[2]. Optimizations did not improve timing on the net.
INFO: [Physopt 32-608] Optimized 1 net.  Swapped 24 pins.
INFO: [Physopt 32-735] Processed net u_decode/srl[5]_i_2_n_0. Optimization improves timing on the net.
INFO: [Physopt 32-619] Estimated Timing Summary | WNS=-0.062 | TNS=-0.525 |
INFO: [Physopt 32-702] Processed net u_execute/srl[0]. Optimizations did not improve timing on the net.
INFO: [Physopt 32-608] Optimized 1 net.  Swapped 24 pins.
INFO: [Physopt 32-735] Processed net u_decode/sra[3]_i_2_n_0. Optimization improves timing on the net.
INFO: [Physopt 32-619] Estimated Timing Summary | WNS=-0.058 | TNS=-0.486 |
INFO: [Physopt 32-702] Processed net u_execute/srl[1]. Optimizations did not improve timing on the net.
INFO: [Physopt 32-702] Processed net u_decode/srl[4]_i_2_n_0. Optimizations did not improve timing on the net.
INFO: [Physopt 32-608] Optimized 1 net.  Swapped 21 pins.
INFO: [Physopt 32-735] Processed net u_decode/u_execute/p_0_in__0[2]. Optimization improves timing on the net.
INFO: [Physopt 32-619] Estimated Timing Summary | WNS=-0.039 | TNS=-0.210 |
INFO: [Physopt 32-702] Processed net u_execute/sll[23]. Optimizations did not improve timing on the net.
INFO: [Physopt 32-702] Processed net u_decode/DOADO[0]. Optimizations did not improve timing on the net.
INFO: [Physopt 32-608] Optimized 1 net.  Swapped 18 pins.
INFO: [Physopt 32-735] Processed net u_decode/sll[23]_i_2_n_0. Optimization improves timing on the net.
INFO: [Physopt 32-619] Estimated Timing Summary | WNS=-0.029 | TNS=-0.171 |
INFO: [Physopt 32-702] Processed net u_decode/DOBDO[1]. Optimizations did not improve timing on the net.
INFO: [Physopt 32-608] Optimized 1 net.  Swapped 24 pins.
INFO: [Physopt 32-735] Processed net u_decode/srl[5]_i_2_n_0. Optimization improves timing on the net.
INFO: [Physopt 32-619] Estimated Timing Summary | WNS=-0.023 | TNS=-0.142 |
INFO: [Physopt 32-702] Processed net u_decode/register_file_reg_2_n_20. Optimizations did not improve timing on the net.
INFO: [Physopt 32-608] Optimized 1 net.  Swapped 24 pins.
INFO: [Physopt 32-735] Processed net u_decode/sra[3]_i_2_n_0. Optimization improves timing on the net.
INFO: [Physopt 32-619] Estimated Timing Summary | WNS=-0.021 | TNS=-0.119 |
INFO: [Physopt 32-702] Processed net u_decode/register_file_reg_1_0[4]. Optimizations did not improve timing on the net.
INFO: [Physopt 32-608] Optimized 1 net.  Swapped 24 pins.
INFO: [Physopt 32-735] Processed net u_decode/srl[8]_i_2_n_0. Optimization improves timing on the net.
INFO: [Physopt 32-619] Estimated Timing Summary | WNS=-0.021 | TNS=-0.119 |
INFO: [Physopt 32-702] Processed net u_decode/register_file_reg_2_n_17. Optimizations did not improve timing on the net.
INFO: [Physopt 32-702] Processed net u_decode/srl[10]_i_2_n_0. Optimizations did not improve timing on the net.
INFO: [Physopt 32-81] Processed net u_decode/sra[14]_i_3_n_0. Replicated 1 times.
INFO: [Physopt 32-735] Processed net u_decode/sra[14]_i_3_n_0. Optimization improves timing on the net.
INFO: [Physopt 32-619] Estimated Timing Summary | WNS=-0.019 | TNS=-0.104 |
INFO: [Physopt 32-702] Processed net u_execute/srl[16]. Optimizations did not improve timing on the net.
INFO: [Physopt 32-702] Processed net u_decode/register_file_reg_2_n_24. Optimizations did not improve timing on the net.
INFO: [Physopt 32-608] Optimized 1 net.  Swapped 24 pins.
INFO: [Physopt 32-735] Processed net u_decode/srl[19]_i_2_n_0. Optimization improves timing on the net.
INFO: [Physopt 32-619] Estimated Timing Summary | WNS=-0.019 | TNS=-0.085 |
INFO: [Physopt 32-702] Processed net u_execute/srl[8]. Optimizations did not improve timing on the net.
INFO: [Physopt 32-608] Optimized 1 net.  Swapped 24 pins.
INFO: [Physopt 32-735] Processed net u_decode/srl[9]_i_2_n_0. Optimization improves timing on the net.
INFO: [Physopt 32-619] Estimated Timing Summary | WNS=-0.016 | TNS=-0.082 |
INFO: [Physopt 32-608] Optimized 1 net.  Swapped 23 pins.
INFO: [Physopt 32-735] Processed net u_decode/srl[11]_i_2_n_0. Optimization improves timing on the net.
INFO: [Physopt 32-619] Estimated Timing Summary | WNS=-0.012 | TNS=-0.066 |
INFO: [Physopt 32-702] Processed net u_execute/sll[22]. Optimizations did not improve timing on the net.
INFO: [Physopt 32-702] Processed net u_decode/DOADO[15]. Optimizations did not improve timing on the net.
INFO: [Physopt 32-663] Processed net u_decode/sll[22]_i_2_n_0.  Re-placed instance u_decode/sll[22]_i_2
INFO: [Physopt 32-735] Processed net u_decode/sll[22]_i_2_n_0. Optimization improves timing on the net.
INFO: [Physopt 32-619] Estimated Timing Summary | WNS=-0.011 | TNS=-0.055 |
INFO: [Physopt 32-702] Processed net u_execute/sll[18]. Optimizations did not improve timing on the net.
INFO: [Physopt 32-702] Processed net u_decode/DOADO[11]. Optimizations did not improve timing on the net.
INFO: [Physopt 32-702] Processed net u_decode/sll[18]_i_2_n_0. Optimizations did not improve timing on the net.
INFO: [Physopt 32-663] Processed net u_decode/sll[26]_i_3_n_0.  Re-placed instance u_decode/sll[26]_i_3
INFO: [Physopt 32-735] Processed net u_decode/sll[26]_i_3_n_0. Optimization improves timing on the net.
INFO: [Physopt 32-619] Estimated Timing Summary | WNS=-0.008 | TNS=-0.044 |
INFO: [Physopt 32-702] Processed net u_execute/sll[19]. Optimizations did not improve timing on the net.
INFO: [Physopt 32-702] Processed net u_decode/sll[19]_i_2_n_0. Optimizations did not improve timing on the net.
INFO: [Physopt 32-663] Processed net u_decode/sll[31]_i_8_n_0.  Re-placed instance u_decode/sll[31]_i_8
INFO: [Physopt 32-735] Processed net u_decode/sll[31]_i_8_n_0. Optimization improves timing on the net.
INFO: [Physopt 32-619] Estimated Timing Summary | WNS=-0.008 | TNS=-0.036 |
INFO: [Physopt 32-702] Processed net u_decode/DOBDO[2]. Optimizations did not improve timing on the net.
INFO: [Physopt 32-81] Processed net u_decode/srl[18]_i_5_n_0. Replicated 1 times.
INFO: [Physopt 32-735] Processed net u_decode/srl[18]_i_5_n_0. Optimization improves timing on the net.
INFO: [Physopt 32-619] Estimated Timing Summary | WNS=-0.007 | TNS=-0.028 |
INFO: [Physopt 32-702] Processed net u_execute/sltu[0]. Optimizations did not improve timing on the net.
INFO: [Physopt 32-702] Processed net u_decode/register_file_reg_1_0[14]. Optimizations did not improve timing on the net.
INFO: [Physopt 32-702] Processed net u_decode/register_file_reg_2_36[3]. Optimizations did not improve timing on the net.
INFO: [Physopt 32-663] Processed net u_decode/u_execute/p_0_in__0[14].  Re-placed instance u_decode/slt2_carry__0_i_9
INFO: [Physopt 32-735] Processed net u_decode/u_execute/p_0_in__0[14]. Optimization improves timing on the net.
INFO: [Physopt 32-619] Estimated Timing Summary | WNS=-0.007 | TNS=-0.021 |
INFO: [Physopt 32-702] Processed net u_execute/srl[1]. Optimizations did not improve timing on the net.
INFO: [Physopt 32-702] Processed net u_decode/register_file_reg_2_n_17. Optimizations did not improve timing on the net.
INFO: [Physopt 32-702] Processed net u_decode/sra[2]_i_2_n_0. Optimizations did not improve timing on the net.
INFO: [Physopt 32-608] Optimized 1 net.  Swapped 21 pins.
INFO: [Physopt 32-735] Processed net u_decode/sra[14]_i_3_n_0. Optimization improves timing on the net.
INFO: [Physopt 32-619] Estimated Timing Summary | WNS=-0.006 | TNS=-0.014 |
INFO: [Physopt 32-702] Processed net u_execute/srl[11]. Optimizations did not improve timing on the net.
INFO: [Physopt 32-702] Processed net u_decode/DOBDO[0]. Optimizations did not improve timing on the net.
INFO: [Physopt 32-663] Processed net u_decode/srl[12]_i_2_n_0.  Re-placed instance u_decode/srl[12]_i_2
INFO: [Physopt 32-735] Processed net u_decode/srl[12]_i_2_n_0. Optimization improves timing on the net.
INFO: [Physopt 32-619] Estimated Timing Summary | WNS=-0.004 | TNS=-0.009 |
INFO: [Physopt 32-702] Processed net u_execute/sra[17]. Optimizations did not improve timing on the net.
INFO: [Physopt 32-702] Processed net u_decode/DOBDO[3]. Optimizations did not improve timing on the net.
INFO: [Physopt 32-608] Optimized 1 net.  Swapped 22 pins.
INFO: [Physopt 32-735] Processed net u_decode/sra[18]_i_2_n_0. Optimization improves timing on the net.
INFO: [Physopt 32-619] Estimated Timing Summary | WNS=-0.003 | TNS=-0.005 |
INFO: [Physopt 32-702] Processed net u_execute/srl[15]. Optimizations did not improve timing on the net.
INFO: [Physopt 32-702] Processed net u_decode/register_file_reg_2_n_27. Optimizations did not improve timing on the net.
INFO: [Physopt 32-663] Processed net u_decode/srl[16]_i_2_n_0.  Re-placed instance u_decode/srl[16]_i_2
INFO: [Physopt 32-735] Processed net u_decode/srl[16]_i_2_n_0. Optimization improves timing on the net.
INFO: [Physopt 32-619] Estimated Timing Summary | WNS=-0.002 | TNS=-0.002 |
INFO: [Physopt 32-702] Processed net u_execute/sll[13]. Optimizations did not improve timing on the net.
INFO: [Physopt 32-702] Processed net u_decode/DOADO[4]. Optimizations did not improve timing on the net.
INFO: [Physopt 32-663] Processed net u_decode/sll[15]_i_2_n_0.  Re-placed instance u_decode/sll[15]_i_2
INFO: [Physopt 32-735] Processed net u_decode/sll[15]_i_2_n_0. Optimization improves timing on the net.
INFO: [Physopt 32-619] Estimated Timing Summary | WNS=0.002 | TNS=0.000 |
INFO: [Physopt 32-619] Estimated Timing Summary | WNS=0.002 | TNS=0.000 |
Netlist sorting complete. Time (s): cpu = 00:00:00.03 ; elapsed = 00:00:00 . Memory (MB): peak = 3307.684 ; gain = 0.000 ; free physical = 410 ; free virtual = 10924
Phase 3 Critical Path Optimization | Checksum: 2ad5705ce

Time (s): cpu = 00:00:12 ; elapsed = 00:00:03 . Memory (MB): peak = 3307.684 ; gain = 0.000 ; free physical = 410 ; free virtual = 10924

Phase 4 Critical Path Optimization
INFO: [Physopt 32-619] Estimated Timing Summary | WNS=0.002 | TNS=0.000 |
INFO: [Physopt 32-619] Estimated Timing Summary | WNS=0.002 | TNS=0.000 |
Netlist sorting complete. Time (s): cpu = 00:00:00 ; elapsed = 00:00:00 . Memory (MB): peak = 3307.684 ; gain = 0.000 ; free physical = 410 ; free virtual = 10924
Phase 4 Critical Path Optimization | Checksum: 2ad5705ce

Time (s): cpu = 00:00:12 ; elapsed = 00:00:03 . Memory (MB): peak = 3307.684 ; gain = 0.000 ; free physical = 410 ; free virtual = 10924
Netlist sorting complete. Time (s): cpu = 00:00:00 ; elapsed = 00:00:00 . Memory (MB): peak = 3307.684 ; gain = 0.000 ; free physical = 410 ; free virtual = 10924
INFO: [Physopt 32-603] Post Physical Optimization Timing Summary | WNS=0.002 | TNS=0.000 |

Summary of Physical Synthesis Optimizations
============================================


-------------------------------------------------------------------------------------------------------------------------------------------------------------
|  Optimization   |  WNS Gain (ns)  |  TNS Gain (ns)  |  Added Cells  |  Removed Cells  |  Optimized Cells/Nets  |  Dont Touch  |  Iterations  |  Elapsed   |
-------------------------------------------------------------------------------------------------------------------------------------------------------------
|  DSP Register   |          0.000  |          0.000  |            0  |              0  |                     0  |           0  |           1  |  00:00:00  |
|  Critical Path  |          0.140  |          1.142  |            3  |              0  |                    25  |           0  |           2  |  00:00:02  |
|  Total          |          0.140  |          1.142  |            3  |              0  |                    25  |           0  |           3  |  00:00:02  |
-------------------------------------------------------------------------------------------------------------------------------------------------------------


Netlist sorting complete. Time (s): cpu = 00:00:00 ; elapsed = 00:00:00 . Memory (MB): peak = 3307.684 ; gain = 0.000 ; free physical = 410 ; free virtual = 10924
Ending Physical Synthesis Task | Checksum: 2915d3825

Time (s): cpu = 00:00:13 ; elapsed = 00:00:03 . Memory (MB): peak = 3307.684 ; gain = 0.000 ; free physical = 410 ; free virtual = 10924
INFO: [Common 17-83] Releasing license: Implementation
218 Infos, 0 Warnings, 0 Critical Warnings and 0 Errors encountered.
phys_opt_design completed successfully
INFO: [Timing 38-480] Writing timing data to binary archive.
Write ShapeDB Complete: Time (s): cpu = 00:00:00 ; elapsed = 00:00:00 . Memory (MB): peak = 3307.684 ; gain = 0.000 ; free physical = 398 ; free virtual = 10912
Wrote PlaceDB: Time (s): cpu = 00:00:00.28 ; elapsed = 00:00:00.09 . Memory (MB): peak = 3307.684 ; gain = 0.000 ; free physical = 397 ; free virtual = 10913
Wrote PulsedLatchDB: Time (s): cpu = 00:00:00 ; elapsed = 00:00:00 . Memory (MB): peak = 3307.684 ; gain = 0.000 ; free physical = 399 ; free virtual = 10916
Writing XDEF routing.
Writing XDEF routing logical nets.
Writing XDEF routing special nets.
Wrote RouteStorage: Time (s): cpu = 00:00:00 ; elapsed = 00:00:00 . Memory (MB): peak = 3307.684 ; gain = 0.000 ; free physical = 391 ; free virtual = 10908
Wrote Netlist Cache: Time (s): cpu = 00:00:00.01 ; elapsed = 00:00:00 . Memory (MB): peak = 3307.684 ; gain = 0.000 ; free physical = 391 ; free virtual = 10908
Wrote Device Cache: Time (s): cpu = 00:00:00 ; elapsed = 00:00:00 . Memory (MB): peak = 3307.684 ; gain = 0.000 ; free physical = 390 ; free virtual = 10907
Write Physdb Complete: Time (s): cpu = 00:00:00.34 ; elapsed = 00:00:00.16 . Memory (MB): peak = 3307.684 ; gain = 0.000 ; free physical = 391 ; free virtual = 10908
INFO: [Common 17-1381] The checkpoint '/home/leopm2/risc-v/risc-v/risc-v.runs/impl_1/top_physopt.dcp' has been generated.
Command: route_design
Attempting to get a license for feature 'Implementation' and/or device 'xc7s50'
INFO: [Common 17-349] Got license for feature 'Implementation' and/or device 'xc7s50'
INFO: [DRC 23-27] Running DRC with 8 threads
INFO: [Vivado_Tcl 4-198] DRC finished with 0 Errors
INFO: [Vivado_Tcl 4-199] Please refer to the DRC report (report_drc) for more information.


Starting Routing Task
INFO: [Route 35-254] Multithreading enabled for route_design using a maximum of 8 CPUs

Phase 1 Build RT Design
Checksum: PlaceDB: 111008a7 ConstDB: 0 ShapeSum: ed9075e7 RouteDB: aa913336
Post Restoration Checksum: NetGraph: 19e9595d | NumContArr: 5f984972 | Constraints: c2a8fa9d | Timing: c2a8fa9d
Phase 1 Build RT Design | Checksum: 1fed39809

Time (s): cpu = 00:00:11 ; elapsed = 00:00:10 . Memory (MB): peak = 3307.684 ; gain = 0.000 ; free physical = 357 ; free virtual = 10872

Phase 2 Router Initialization

Phase 2.1 Fix Topology Constraints
Phase 2.1 Fix Topology Constraints | Checksum: 1fed39809

Time (s): cpu = 00:00:11 ; elapsed = 00:00:10 . Memory (MB): peak = 3307.684 ; gain = 0.000 ; free physical = 357 ; free virtual = 10872

Phase 2.2 Pre Route Cleanup
Phase 2.2 Pre Route Cleanup | Checksum: 1fed39809

Time (s): cpu = 00:00:11 ; elapsed = 00:00:10 . Memory (MB): peak = 3307.684 ; gain = 0.000 ; free physical = 357 ; free virtual = 10872
 Number of Nodes with overlaps = 0

Phase 2.3 Update Timing
Phase 2.3 Update Timing | Checksum: 286953bb6

Time (s): cpu = 00:00:12 ; elapsed = 00:00:10 . Memory (MB): peak = 3307.684 ; gain = 0.000 ; free physical = 336 ; free virtual = 10851
INFO: [Route 35-416] Intermediate Timing Summary | WNS=-0.040 | TNS=-0.075 | WHS=-0.337 | THS=-26.199|


Phase 2.4 Soft Constraint Pins - Fast Budgeting
Phase 2.4 Soft Constraint Pins - Fast Budgeting | Checksum: 1e81f6c3d

Time (s): cpu = 00:00:12 ; elapsed = 00:00:10 . Memory (MB): peak = 3307.684 ; gain = 0.000 ; free physical = 328 ; free virtual = 10843

Router Utilization Summary
  Global Vertical Routing Utilization    = 0 %
  Global Horizontal Routing Utilization  = 0 %
  Routable Net Status*
  *Does not include unroutable nets such as driverless and loadless.
  Run report_route_status for detailed report.
  Number of Failed Nets               = 1911
    (Failed Nets is the sum of unrouted and partially routed nets)
  Number of Unrouted Nets             = 1911
  Number of Partially Routed Nets     = 0
  Number of Node Overlaps             = 0

Phase 2 Router Initialization | Checksum: 2266f1566

Time (s): cpu = 00:00:13 ; elapsed = 00:00:10 . Memory (MB): peak = 3307.684 ; gain = 0.000 ; free physical = 328 ; free virtual = 10843

Phase 3 Global Routing
Phase 3 Global Routing | Checksum: 2266f1566

Time (s): cpu = 00:00:13 ; elapsed = 00:00:10 . Memory (MB): peak = 3307.684 ; gain = 0.000 ; free physical = 328 ; free virtual = 10843

Phase 4 Initial Routing

Phase 4.1 Initial Net Routing Pass
Phase 4.1 Initial Net Routing Pass | Checksum: 17a1d35cb

Time (s): cpu = 00:00:15 ; elapsed = 00:00:11 . Memory (MB): peak = 3307.684 ; gain = 0.000 ; free physical = 263 ; free virtual = 10778
Phase 4 Initial Routing | Checksum: 17a1d35cb

Time (s): cpu = 00:00:15 ; elapsed = 00:00:11 . Memory (MB): peak = 3307.684 ; gain = 0.000 ; free physical = 263 ; free virtual = 10778

Phase 5 Rip-up And Reroute

Phase 5.1 Global Iteration 0
 Number of Nodes with overlaps = 957
 Number of Nodes with overlaps = 622
 Number of Nodes with overlaps = 360
 Number of Nodes with overlaps = 176
 Number of Nodes with overlaps = 92
 Number of Nodes with overlaps = 35
 Number of Nodes with overlaps = 25
 Number of Nodes with overlaps = 14
 Number of Nodes with overlaps = 9
 Number of Nodes with overlaps = 7
 Number of Nodes with overlaps = 8
 Number of Nodes with overlaps = 3
 Number of Nodes with overlaps = 6
 Number of Nodes with overlaps = 7
 Number of Nodes with overlaps = 2
 Number of Nodes with overlaps = 0
INFO: [Route 35-416] Intermediate Timing Summary | WNS=-0.293 | TNS=-4.738 | WHS=N/A    | THS=N/A    |

Phase 5.1 Global Iteration 0 | Checksum: 23ee59f03

Time (s): cpu = 00:00:32 ; elapsed = 00:00:20 . Memory (MB): peak = 3313.828 ; gain = 6.145 ; free physical = 260 ; free virtual = 10775

Phase 5.2 Global Iteration 1
 Number of Nodes with overlaps = 368
 Number of Nodes with overlaps = 183
 Number of Nodes with overlaps = 70
 Number of Nodes with overlaps = 48
 Number of Nodes with overlaps = 21
 Number of Nodes with overlaps = 10
 Number of Nodes with overlaps = 15
 Number of Nodes with overlaps = 8
 Number of Nodes with overlaps = 4
 Number of Nodes with overlaps = 2
 Number of Nodes with overlaps = 3
 Number of Nodes with overlaps = 1
 Number of Nodes with overlaps = 0
INFO: [Route 35-416] Intermediate Timing Summary | WNS=-0.315 | TNS=-4.163 | WHS=N/A    | THS=N/A    |

Phase 5.2 Global Iteration 1 | Checksum: 168405441

Time (s): cpu = 00:00:41 ; elapsed = 00:00:26 . Memory (MB): peak = 3313.828 ; gain = 6.145 ; free physical = 216 ; free virtual = 10722
Phase 5 Rip-up And Reroute | Checksum: 168405441

Time (s): cpu = 00:00:41 ; elapsed = 00:00:26 . Memory (MB): peak = 3313.828 ; gain = 6.145 ; free physical = 216 ; free virtual = 10722

Phase 6 Delay and Skew Optimization

Phase 6.1 Delay CleanUp

Phase 6.1.1 Update Timing
Phase 6.1.1 Update Timing | Checksum: 1990698ad

Time (s): cpu = 00:00:41 ; elapsed = 00:00:26 . Memory (MB): peak = 3313.828 ; gain = 6.145 ; free physical = 216 ; free virtual = 10722
INFO: [Route 35-416] Intermediate Timing Summary | WNS=-0.214 | TNS=-1.908 | WHS=N/A    | THS=N/A    |

 Number of Nodes with overlaps = 0
Phase 6.1 Delay CleanUp | Checksum: 2888700a7

Time (s): cpu = 00:00:42 ; elapsed = 00:00:26 . Memory (MB): peak = 3313.828 ; gain = 6.145 ; free physical = 216 ; free virtual = 10721

Phase 6.2 Clock Skew Optimization
Phase 6.2 Clock Skew Optimization | Checksum: 2888700a7

Time (s): cpu = 00:00:42 ; elapsed = 00:00:26 . Memory (MB): peak = 3313.828 ; gain = 6.145 ; free physical = 216 ; free virtual = 10721
Phase 6 Delay and Skew Optimization | Checksum: 2888700a7

Time (s): cpu = 00:00:42 ; elapsed = 00:00:26 . Memory (MB): peak = 3313.828 ; gain = 6.145 ; free physical = 216 ; free virtual = 10721

Phase 7 Post Hold Fix

Phase 7.1 Hold Fix Iter
INFO: [Route 35-416] Intermediate Timing Summary | WNS=-0.214 | TNS=-1.887 | WHS=0.036  | THS=0.000  |

Phase 7.1 Hold Fix Iter | Checksum: 21471d388

Time (s): cpu = 00:00:42 ; elapsed = 00:00:26 . Memory (MB): peak = 3313.828 ; gain = 6.145 ; free physical = 216 ; free virtual = 10721
Phase 7 Post Hold Fix | Checksum: 21471d388

Time (s): cpu = 00:00:42 ; elapsed = 00:00:26 . Memory (MB): peak = 3313.828 ; gain = 6.145 ; free physical = 216 ; free virtual = 10721

Phase 8 Route finalize

Router Utilization Summary
  Global Vertical Routing Utilization    = 1.76058 %
  Global Horizontal Routing Utilization  = 1.69664 %
  Routable Net Status*
  *Does not include unroutable nets such as driverless and loadless.
  Run report_route_status for detailed report.
  Number of Failed Nets               = 0
    (Failed Nets is the sum of unrouted and partially routed nets)
  Number of Unrouted Nets             = 0
  Number of Partially Routed Nets     = 0
  Number of Node Overlaps             = 0


--GLOBAL Congestion:
Utilization threshold used for congestion level computation: 0.85
Congestion Report
North Dir 1x1 Area, Max Cong = 65.7658%, No Congested Regions.
South Dir 1x1 Area, Max Cong = 66.6667%, No Congested Regions.
East Dir 1x1 Area, Max Cong = 72.0588%, No Congested Regions.
West Dir 1x1 Area, Max Cong = 86.7647%, Congestion bounded by tiles (Lower Left Tile -> Upper Right Tile):
   INT_L_X30Y43 -> INT_L_X30Y43

------------------------------
Reporting congestion hotspots
------------------------------
Direction: North
----------------
Congested clusters found at Level 0
Effective congestion level: 0 Aspect Ratio: 1 Sparse Ratio: 0
Direction: South
----------------
Congested clusters found at Level 0
Effective congestion level: 0 Aspect Ratio: 1 Sparse Ratio: 0
Direction: East
----------------
Congested clusters found at Level 0
Effective congestion level: 0 Aspect Ratio: 1 Sparse Ratio: 0
Direction: West
----------------
Congested clusters found at Level 0
Effective congestion level: 1 Aspect Ratio: 0.5 Sparse Ratio: 0.5

Phase 8 Route finalize | Checksum: 21471d388

Time (s): cpu = 00:00:42 ; elapsed = 00:00:26 . Memory (MB): peak = 3313.828 ; gain = 6.145 ; free physical = 215 ; free virtual = 10720

Phase 9 Verifying routed nets

 Verification completed successfully
Phase 9 Verifying routed nets | Checksum: 21471d388

Time (s): cpu = 00:00:42 ; elapsed = 00:00:26 . Memory (MB): peak = 3313.828 ; gain = 6.145 ; free physical = 213 ; free virtual = 10719

Phase 10 Depositing Routes
Phase 10 Depositing Routes | Checksum: 2377e5e89

Time (s): cpu = 00:00:42 ; elapsed = 00:00:26 . Memory (MB): peak = 3313.828 ; gain = 6.145 ; free physical = 216 ; free virtual = 10722

Phase 11 Post Process Routing
Phase 11 Post Process Routing | Checksum: 2377e5e89

Time (s): cpu = 00:00:42 ; elapsed = 00:00:26 . Memory (MB): peak = 3313.828 ; gain = 6.145 ; free physical = 216 ; free virtual = 10722

Phase 12 Post Router Timing
INFO: [Route 35-57] Estimated Timing Summary | WNS=-0.214 | TNS=-1.887 | WHS=0.036  | THS=0.000  |

WARNING: [Route 35-328] Router estimated timing not met.
Resolution: For a complete and accurate timing signoff, report_timing_summary must be run after route_design. Alternatively, route_design can be run with the -timing_summary option to enable a complete timing signoff at the end of route_design.
Phase 12 Post Router Timing | Checksum: 2377e5e89

Time (s): cpu = 00:00:42 ; elapsed = 00:00:26 . Memory (MB): peak = 3313.828 ; gain = 6.145 ; free physical = 216 ; free virtual = 10722
Total Elapsed time in route_design: 26 secs

Phase 13 Post-Route Event Processing
Phase 13 Post-Route Event Processing | Checksum: 15707e509

Time (s): cpu = 00:00:42 ; elapsed = 00:00:26 . Memory (MB): peak = 3313.828 ; gain = 6.145 ; free physical = 216 ; free virtual = 10722
INFO: [Route 35-16] Router Completed Successfully
Ending Routing Task | Checksum: 15707e509

Time (s): cpu = 00:00:42 ; elapsed = 00:00:26 . Memory (MB): peak = 3313.828 ; gain = 6.145 ; free physical = 216 ; free virtual = 10722

Routing Is Done.
INFO: [Common 17-83] Releasing license: Implementation
233 Infos, 1 Warnings, 0 Critical Warnings and 0 Errors encountered.
route_design completed successfully
route_design: Time (s): cpu = 00:00:43 ; elapsed = 00:00:26 . Memory (MB): peak = 3313.828 ; gain = 6.145 ; free physical = 216 ; free virtual = 10722
INFO: [Vivado 12-24828] Executing command : report_drc -file top_drc_routed.rpt -pb top_drc_routed.pb -rpx top_drc_routed.rpx
Command: report_drc -file top_drc_routed.rpt -pb top_drc_routed.pb -rpx top_drc_routed.rpx
INFO: [IP_Flow 19-1839] IP Catalog is up to date.
INFO: [DRC 23-27] Running DRC with 8 threads
INFO: [Vivado_Tcl 2-168] The results of DRC are in file /home/leopm2/risc-v/risc-v/risc-v.runs/impl_1/top_drc_routed.rpt.
report_drc completed successfully
INFO: [Vivado 12-24828] Executing command : report_methodology -file top_methodology_drc_routed.rpt -pb top_methodology_drc_routed.pb -rpx top_methodology_drc_routed.rpx
Command: report_methodology -file top_methodology_drc_routed.rpt -pb top_methodology_drc_routed.pb -rpx top_methodology_drc_routed.rpx
INFO: [Timing 38-35] Done setting XDC timing constraints.
INFO: [DRC 23-133] Running Methodology with 8 threads
INFO: [Vivado_Tcl 2-1520] The results of Report Methodology are in file /home/leopm2/risc-v/risc-v/risc-v.runs/impl_1/top_methodology_drc_routed.rpt.
report_methodology completed successfully
INFO: [Vivado 12-24828] Executing command : report_timing_summary -max_paths 10 -routable_nets -report_unconstrained -file top_timing_summary_routed.rpt -pb top_timing_summary_routed.pb -rpx top_timing_summary_routed.rpx -warn_on_violation 
INFO: [Timing 38-35] Done setting XDC timing constraints.
INFO: [Timing 38-91] UpdateTimingParams: Speed grade: -1IL, Delay Type: min_max.
INFO: [Timing 38-191] Multithreading enabled for timing update using a maximum of 8 CPUs
CRITICAL WARNING: [Timing 38-282] The design failed to meet the timing requirements. Please see the timing summary report for details on the timing violations.
INFO: [Vivado 12-24838] Running report commands "report_bus_skew, report_incremental_reuse, report_route_status" in parallel.
Running report generation with 3 threads.
INFO: [Vivado 12-24828] Executing command : report_incremental_reuse -file top_incremental_reuse_routed.rpt
INFO: [Vivado_Tcl 4-1062] Incremental flow is disabled. No incremental reuse Info to report.
INFO: [Vivado 12-24828] Executing command : report_route_status -file top_route_status.rpt -pb top_route_status.pb
INFO: [Vivado 12-24828] Executing command : report_bus_skew -warn_on_violation -file top_bus_skew_routed.rpt -pb top_bus_skew_routed.pb -rpx top_bus_skew_routed.rpx
INFO: [Timing 38-91] UpdateTimingParams: Speed grade: -1IL, Delay Type: min_max.
INFO: [Timing 38-191] Multithreading enabled for timing update using a maximum of 8 CPUs
INFO: [Vivado 12-24828] Executing command : report_power -file top_power_routed.rpt -pb top_power_summary_routed.pb -rpx top_power_routed.rpx
Command: report_power -file top_power_routed.rpt -pb top_power_summary_routed.pb -rpx top_power_routed.rpx
Running Vector-less Activity Propagation...

Finished Running Vector-less Activity Propagation
253 Infos, 1 Warnings, 1 Critical Warnings and 0 Errors encountered.
report_power completed successfully
INFO: [Vivado 12-24828] Executing command : report_clock_utilization -file top_clock_utilization_routed.rpt
INFO: [Timing 38-480] Writing timing data to binary archive.
Write ShapeDB Complete: Time (s): cpu = 00:00:00.01 ; elapsed = 00:00:00 . Memory (MB): peak = 3406.684 ; gain = 0.000 ; free physical = 243 ; free virtual = 10555
Wrote PlaceDB: Time (s): cpu = 00:00:00.29 ; elapsed = 00:00:00.09 . Memory (MB): peak = 3406.684 ; gain = 0.000 ; free physical = 241 ; free virtual = 10555
Wrote PulsedLatchDB: Time (s): cpu = 00:00:00 ; elapsed = 00:00:00 . Memory (MB): peak = 3406.684 ; gain = 0.000 ; free physical = 235 ; free virtual = 10550
Writing XDEF routing.
Writing XDEF routing logical nets.
Writing XDEF routing special nets.
Wrote RouteStorage: Time (s): cpu = 00:00:00.04 ; elapsed = 00:00:00.03 . Memory (MB): peak = 3406.684 ; gain = 0.000 ; free physical = 240 ; free virtual = 10555
Wrote Netlist Cache: Time (s): cpu = 00:00:00 ; elapsed = 00:00:00 . Memory (MB): peak = 3406.684 ; gain = 0.000 ; free physical = 243 ; free virtual = 10558
Wrote Device Cache: Time (s): cpu = 00:00:00 ; elapsed = 00:00:00 . Memory (MB): peak = 3406.684 ; gain = 0.000 ; free physical = 239 ; free virtual = 10555
Write Physdb Complete: Time (s): cpu = 00:00:00.39 ; elapsed = 00:00:00.18 . Memory (MB): peak = 3406.684 ; gain = 0.000 ; free physical = 240 ; free virtual = 10556
INFO: [Common 17-1381] The checkpoint '/home/leopm2/risc-v/risc-v/risc-v.runs/impl_1/top_routed.dcp' has been generated.
INFO: [Common 17-206] Exiting Vivado at Thu Apr  2 00:31:10 2026...
