srcscan starts
=============== Using precompiled files for SV std libs ===========
INFO: The Verilog library search path for library "std" is now "/software/xilinx-2025.1/2025.1/Vivado/data/precomp_hsv/sv/std" (VERI-1509)
INFO: The Verilog library search path for library "uvm" is now "/software/xilinx-2025.1/2025.1/Vivado/data/precomp_hsv/sv/uvm" (VERI-1509)
INFO: analyzing module decode_stage (VERI-9002)
INFO: analyzing module execute_stage (VERI-9002)
/home/rohankr2/projects/risc-v/risc-v/risc-v.srcs/sources_1/new/execute_stage.sv(86): ERROR: 'mem_addr_I_co' is not declared (VERI-1128)
/home/rohankr2/projects/risc-v/risc-v/risc-v.srcs/sources_1/new/execute_stage.sv(87): ERROR: 'mem_addr_S_co' is not declared (VERI-1128)
/home/rohankr2/projects/risc-v/risc-v/risc-v.srcs/sources_1/new/execute_stage.sv(93): ERROR: 'mem_addr_I_co' is not declared (VERI-1128)
/home/rohankr2/projects/risc-v/risc-v/risc-v.srcs/sources_1/new/execute_stage.sv(93): ERROR: 'mem_add_I_sum_lower' is not declared (VERI-1128)
/home/rohankr2/projects/risc-v/risc-v/risc-v.srcs/sources_1/new/execute_stage.sv(94): ERROR: 'mem_addr_S_co' is not declared (VERI-1128)
/home/rohankr2/projects/risc-v/risc-v/risc-v.srcs/sources_1/new/execute_stage.sv(94): ERROR: 'mem_add_S_sum_lower' is not declared (VERI-1128)
/home/rohankr2/projects/risc-v/risc-v/risc-v.srcs/sources_1/new/execute_stage.sv(164): WARNING: concatenation with an unsized literal will be treated as 32 bits (VERI-1320)
/home/rohankr2/projects/risc-v/risc-v/risc-v.srcs/sources_1/new/execute_stage.sv(165): WARNING: concatenation with an unsized literal will be treated as 32 bits (VERI-1320)
/home/rohankr2/projects/risc-v/risc-v/risc-v.srcs/sources_1/new/execute_stage.sv(166): WARNING: concatenation with an unsized literal will be treated as 32 bits (VERI-1320)
/home/rohankr2/projects/risc-v/risc-v/risc-v.srcs/sources_1/new/execute_stage.sv(167): WARNING: concatenation with an unsized literal will be treated as 32 bits (VERI-1320)
/home/rohankr2/projects/risc-v/risc-v/risc-v.srcs/sources_1/new/execute_stage.sv(168): WARNING: concatenation with an unsized literal will be treated as 32 bits (VERI-1320)
/home/rohankr2/projects/risc-v/risc-v/risc-v.srcs/sources_1/new/execute_stage.sv(169): WARNING: concatenation with an unsized literal will be treated as 32 bits (VERI-1320)
/home/rohankr2/projects/risc-v/risc-v/risc-v.srcs/sources_1/new/execute_stage.sv(170): WARNING: concatenation with an unsized literal will be treated as 32 bits (VERI-1320)
/home/rohankr2/projects/risc-v/risc-v/risc-v.srcs/sources_1/new/execute_stage.sv(171): WARNING: concatenation with an unsized literal will be treated as 32 bits (VERI-1320)
INFO: analyzing module fetch_stage (VERI-9002)
INFO: analyzing module instruction_memory (VERI-9002)
INFO: analyzing module main_memory (VERI-9002)
INFO: analyzing module memory_stage (VERI-9002)
INFO: analyzing module tb_top (VERI-9002)
INFO: analyzing module top (VERI-9002)
INFO: analyzing module writeback_stage (VERI-9002)
Listing tops:
VeriTop library:xil_defaultlib mod:tb_top
END of tops
/home/rohankr2/projects/risc-v/risc-v/risc-v.srcs/sources_1/new/tb_top.sv(3): INFO: compiling module 'tb_top_default' (VERI-1018)
/home/rohankr2/projects/risc-v/risc-v/risc-v.srcs/sources_1/new/instruction_memory.sv(37): WARNING: Module <blk_mem_gen_0> not found while processing module instance <i_mem> (VERI-1063)
/home/rohankr2/projects/risc-v/risc-v/risc-v.srcs/sources_1/new/main_memory.sv(38): WARNING: Module <blk_mem_gen_1> not found while processing module instance <main_mem_block> (VERI-1063)
srcscan exits with return value 0
