
*** Running vivado
    with args -log top.vds -m64 -product Vivado -mode batch -messageDb vivado.pb -notrace -source top.tcl


****** Vivado v2025.1 (64-bit)
  **** SW Build 6140274 on Wed May 21 22:58:25 MDT 2025
  **** IP Build 6138677 on Thu May 22 03:10:11 MDT 2025
  **** SharedData Build 6139179 on Tue May 20 17:58:58 MDT 2025
  **** Start of session at: Wed Mar  4 22:44:20 2026
    ** Copyright 1986-2022 Xilinx, Inc. All Rights Reserved.
    ** Copyright 2022-2025 Advanced Micro Devices, Inc. All Rights Reserved.

source top.tcl -notrace
Command: read_checkpoint -auto_incremental -incremental /home/srn6/pprojs/risc-v/risc-v/risc-v.srcs/utils_1/imports/synth_1/instruction_memory.dcp
INFO: [Vivado 12-5825] Read reference checkpoint from /home/srn6/pprojs/risc-v/risc-v/risc-v.srcs/utils_1/imports/synth_1/instruction_memory.dcp for incremental synthesis
INFO: [Vivado 12-7989] Please ensure there are no constraint changes
Command: synth_design -top top -part xc7s50csga324-1IL
Starting synth_design
Attempting to get a license for feature 'Synthesis' and/or device 'xc7s50'
INFO: [Common 17-349] Got license for feature 'Synthesis' and/or device 'xc7s50'
INFO: [Device 21-403] Loading part xc7s50csga324-1IL
INFO: [Designutils 20-5440] No compile time benefit to using incremental synthesis; A full resynthesis will be run
INFO: [Designutils 20-4379] Flow is switching to default flow due to incremental criteria not met. If you would like to alter this behaviour and have the flow terminate instead, please set the following parameter config_implementation {autoIncr.Synth.RejectBehavior Terminate}
INFO: [Synth 8-7079] Multithreading enabled for synth_design using a maximum of 7 processes.
INFO: [Synth 8-7078] Launching helper process for spawning children vivado processes
INFO: [Synth 8-7075] Helper process launched with PID 1007896
---------------------------------------------------------------------------------
Starting RTL Elaboration : Time (s): cpu = 00:00:03 ; elapsed = 00:00:03 . Memory (MB): peak = 2425.379 ; gain = 441.734 ; free physical = 905 ; free virtual = 11447
---------------------------------------------------------------------------------
INFO: [Synth 8-6157] synthesizing module 'top' [/home/srn6/pprojs/risc-v/risc-v/risc-v.srcs/sources_1/new/top.sv:3]
INFO: [Synth 8-6157] synthesizing module 'fetch_stage' [/home/srn6/pprojs/risc-v/risc-v/risc-v.srcs/sources_1/new/fetch_stage.sv:6]
INFO: [Synth 8-6157] synthesizing module 'instruction_memory' [/home/srn6/pprojs/risc-v/risc-v/risc-v.srcs/sources_1/new/instruction_memory.sv:22]
INFO: [Synth 8-6157] synthesizing module 'blk_mem_gen_0' [/home/srn6/pprojs/risc-v/risc-v/risc-v.runs/synth_1/.Xil/Vivado-1007783-gelib-4e-37.ews.illinois.edu/realtime/blk_mem_gen_0_stub.v:6]
INFO: [Synth 8-6155] done synthesizing module 'blk_mem_gen_0' (0#1) [/home/srn6/pprojs/risc-v/risc-v/risc-v.runs/synth_1/.Xil/Vivado-1007783-gelib-4e-37.ews.illinois.edu/realtime/blk_mem_gen_0_stub.v:6]
INFO: [Synth 8-6155] done synthesizing module 'instruction_memory' (0#1) [/home/srn6/pprojs/risc-v/risc-v/risc-v.srcs/sources_1/new/instruction_memory.sv:22]
INFO: [Synth 8-6155] done synthesizing module 'fetch_stage' (0#1) [/home/srn6/pprojs/risc-v/risc-v/risc-v.srcs/sources_1/new/fetch_stage.sv:6]
INFO: [Synth 8-6157] synthesizing module 'decode_stage' [/home/srn6/pprojs/risc-v/risc-v/risc-v.srcs/sources_1/new/decode_stage.sv:3]
INFO: [Synth 8-6155] done synthesizing module 'decode_stage' (0#1) [/home/srn6/pprojs/risc-v/risc-v/risc-v.srcs/sources_1/new/decode_stage.sv:3]
INFO: [Synth 8-6157] synthesizing module 'execute_stage' [/home/srn6/pprojs/risc-v/risc-v/risc-v.srcs/sources_1/new/execute_stage.sv:3]
INFO: [Synth 8-226] default block is never used [/home/srn6/pprojs/risc-v/risc-v/risc-v.srcs/sources_1/new/execute_stage.sv:28]
INFO: [Synth 8-6155] done synthesizing module 'execute_stage' (0#1) [/home/srn6/pprojs/risc-v/risc-v/risc-v.srcs/sources_1/new/execute_stage.sv:3]
INFO: [Synth 8-6157] synthesizing module 'memory_stage' [/home/srn6/pprojs/risc-v/risc-v/risc-v.srcs/sources_1/new/memory_stage.sv:23]
INFO: [Synth 8-6157] synthesizing module 'main_memory' [/home/srn6/pprojs/risc-v/risc-v/risc-v.srcs/sources_1/new/main_memory.sv:23]
INFO: [Synth 8-6157] synthesizing module 'blk_mem_gen_1' [/home/srn6/pprojs/risc-v/risc-v/risc-v.runs/synth_1/.Xil/Vivado-1007783-gelib-4e-37.ews.illinois.edu/realtime/blk_mem_gen_1_stub.v:6]
INFO: [Synth 8-6155] done synthesizing module 'blk_mem_gen_1' (0#1) [/home/srn6/pprojs/risc-v/risc-v/risc-v.runs/synth_1/.Xil/Vivado-1007783-gelib-4e-37.ews.illinois.edu/realtime/blk_mem_gen_1_stub.v:6]
INFO: [Synth 8-6155] done synthesizing module 'main_memory' (0#1) [/home/srn6/pprojs/risc-v/risc-v/risc-v.srcs/sources_1/new/main_memory.sv:23]
INFO: [Synth 8-6155] done synthesizing module 'memory_stage' (0#1) [/home/srn6/pprojs/risc-v/risc-v/risc-v.srcs/sources_1/new/memory_stage.sv:23]
INFO: [Synth 8-6157] synthesizing module 'writeback_stage' [/home/srn6/pprojs/risc-v/risc-v/risc-v.srcs/sources_1/new/writeback_stage.sv:3]
INFO: [Synth 8-6155] done synthesizing module 'writeback_stage' (0#1) [/home/srn6/pprojs/risc-v/risc-v/risc-v.srcs/sources_1/new/writeback_stage.sv:3]
INFO: [Synth 8-6155] done synthesizing module 'top' (0#1) [/home/srn6/pprojs/risc-v/risc-v/risc-v.srcs/sources_1/new/top.sv:3]
WARNING: [Synth 8-7137] Register mem_wb_reg[valid] in module memory_stage has both Set and reset with same priority. This may cause simulation mismatches. Consider rewriting code  [/home/srn6/pprojs/risc-v/risc-v/risc-v.srcs/sources_1/new/memory_stage.sv:95]
WARNING: [Synth 8-7137] Register mem_wb_reg[rd_addr] in module memory_stage has both Set and reset with same priority. This may cause simulation mismatches. Consider rewriting code  [/home/srn6/pprojs/risc-v/risc-v/risc-v.srcs/sources_1/new/memory_stage.sv:95]
WARNING: [Synth 8-7137] Register mem_wb_reg[opcode] in module memory_stage has both Set and reset with same priority. This may cause simulation mismatches. Consider rewriting code  [/home/srn6/pprojs/risc-v/risc-v/risc-v.srcs/sources_1/new/memory_stage.sv:95]
WARNING: [Synth 8-7137] Register mem_wb_reg[func3] in module memory_stage has both Set and reset with same priority. This may cause simulation mismatches. Consider rewriting code  [/home/srn6/pprojs/risc-v/risc-v/risc-v.srcs/sources_1/new/memory_stage.sv:95]
WARNING: [Synth 8-7137] Register mem_wb_reg[func7] in module memory_stage has both Set and reset with same priority. This may cause simulation mismatches. Consider rewriting code  [/home/srn6/pprojs/risc-v/risc-v/risc-v.srcs/sources_1/new/memory_stage.sv:95]
WARNING: [Synth 8-7137] Register mem_wb_reg[read_data] in module memory_stage has both Set and reset with same priority. This may cause simulation mismatches. Consider rewriting code  [/home/srn6/pprojs/risc-v/risc-v/risc-v.srcs/sources_1/new/memory_stage.sv:95]
WARNING: [Synth 8-7137] Register mem_wb_reg[execute_out] in module memory_stage has both Set and reset with same priority. This may cause simulation mismatches. Consider rewriting code  [/home/srn6/pprojs/risc-v/risc-v/risc-v.srcs/sources_1/new/memory_stage.sv:95]
WARNING: [Synth 8-7137] Register opcode_pr2_reg in module memory_stage has both Set and reset with same priority. This may cause simulation mismatches. Consider rewriting code  [/home/srn6/pprojs/risc-v/risc-v/risc-v.srcs/sources_1/new/memory_stage.sv:97]
WARNING: [Synth 8-7137] Register func3_pr2_reg in module memory_stage has both Set and reset with same priority. This may cause simulation mismatches. Consider rewriting code  [/home/srn6/pprojs/risc-v/risc-v/risc-v.srcs/sources_1/new/memory_stage.sv:98]
WARNING: [Synth 8-7137] Register func7_pr2_reg in module memory_stage has both Set and reset with same priority. This may cause simulation mismatches. Consider rewriting code  [/home/srn6/pprojs/risc-v/risc-v/risc-v.srcs/sources_1/new/memory_stage.sv:99]
WARNING: [Synth 8-7137] Register rd_addr_pr2_reg in module memory_stage has both Set and reset with same priority. This may cause simulation mismatches. Consider rewriting code  [/home/srn6/pprojs/risc-v/risc-v/risc-v.srcs/sources_1/new/memory_stage.sv:100]
WARNING: [Synth 8-7137] Register execute_out_pr2_reg in module memory_stage has both Set and reset with same priority. This may cause simulation mismatches. Consider rewriting code  [/home/srn6/pprojs/risc-v/risc-v/risc-v.srcs/sources_1/new/memory_stage.sv:101]
WARNING: [Synth 8-7137] Register opcode_pr1_reg in module memory_stage has both Set and reset with same priority. This may cause simulation mismatches. Consider rewriting code  [/home/srn6/pprojs/risc-v/risc-v/risc-v.srcs/sources_1/new/memory_stage.sv:104]
WARNING: [Synth 8-7137] Register func3_pr1_reg in module memory_stage has both Set and reset with same priority. This may cause simulation mismatches. Consider rewriting code  [/home/srn6/pprojs/risc-v/risc-v/risc-v.srcs/sources_1/new/memory_stage.sv:105]
WARNING: [Synth 8-7137] Register func7_pr1_reg in module memory_stage has both Set and reset with same priority. This may cause simulation mismatches. Consider rewriting code  [/home/srn6/pprojs/risc-v/risc-v/risc-v.srcs/sources_1/new/memory_stage.sv:106]
WARNING: [Synth 8-7137] Register rd_addr_pr1_reg in module memory_stage has both Set and reset with same priority. This may cause simulation mismatches. Consider rewriting code  [/home/srn6/pprojs/risc-v/risc-v/risc-v.srcs/sources_1/new/memory_stage.sv:107]
WARNING: [Synth 8-7137] Register execute_out_pr1_reg in module memory_stage has both Set and reset with same priority. This may cause simulation mismatches. Consider rewriting code  [/home/srn6/pprojs/risc-v/risc-v/risc-v.srcs/sources_1/new/memory_stage.sv:108]
WARNING: [Synth 8-7129] Port rst_n in module writeback_stage is either unconnected or has no load
WARNING: [Synth 8-7129] Port mem_wb[func7][6] in module writeback_stage is either unconnected or has no load
WARNING: [Synth 8-7129] Port mem_wb[func7][5] in module writeback_stage is either unconnected or has no load
WARNING: [Synth 8-7129] Port mem_wb[func7][4] in module writeback_stage is either unconnected or has no load
WARNING: [Synth 8-7129] Port mem_wb[func7][3] in module writeback_stage is either unconnected or has no load
WARNING: [Synth 8-7129] Port mem_wb[func7][2] in module writeback_stage is either unconnected or has no load
WARNING: [Synth 8-7129] Port mem_wb[func7][1] in module writeback_stage is either unconnected or has no load
WARNING: [Synth 8-7129] Port mem_wb[func7][0] in module writeback_stage is either unconnected or has no load
WARNING: [Synth 8-7129] Port mem_wb[read_data][31] in module writeback_stage is either unconnected or has no load
WARNING: [Synth 8-7129] Port mem_wb[read_data][30] in module writeback_stage is either unconnected or has no load
WARNING: [Synth 8-7129] Port mem_wb[read_data][29] in module writeback_stage is either unconnected or has no load
WARNING: [Synth 8-7129] Port mem_wb[read_data][28] in module writeback_stage is either unconnected or has no load
WARNING: [Synth 8-7129] Port mem_wb[read_data][27] in module writeback_stage is either unconnected or has no load
WARNING: [Synth 8-7129] Port mem_wb[read_data][26] in module writeback_stage is either unconnected or has no load
WARNING: [Synth 8-7129] Port mem_wb[read_data][25] in module writeback_stage is either unconnected or has no load
WARNING: [Synth 8-7129] Port mem_wb[read_data][24] in module writeback_stage is either unconnected or has no load
WARNING: [Synth 8-7129] Port mem_wb[read_data][23] in module writeback_stage is either unconnected or has no load
WARNING: [Synth 8-7129] Port mem_wb[read_data][22] in module writeback_stage is either unconnected or has no load
WARNING: [Synth 8-7129] Port mem_wb[read_data][21] in module writeback_stage is either unconnected or has no load
WARNING: [Synth 8-7129] Port mem_wb[read_data][20] in module writeback_stage is either unconnected or has no load
WARNING: [Synth 8-7129] Port mem_wb[read_data][19] in module writeback_stage is either unconnected or has no load
WARNING: [Synth 8-7129] Port mem_wb[read_data][18] in module writeback_stage is either unconnected or has no load
WARNING: [Synth 8-7129] Port mem_wb[read_data][17] in module writeback_stage is either unconnected or has no load
WARNING: [Synth 8-7129] Port mem_wb[read_data][16] in module writeback_stage is either unconnected or has no load
WARNING: [Synth 8-7129] Port mem_wb[read_data][15] in module writeback_stage is either unconnected or has no load
WARNING: [Synth 8-7129] Port mem_wb[read_data][14] in module writeback_stage is either unconnected or has no load
WARNING: [Synth 8-7129] Port mem_wb[read_data][13] in module writeback_stage is either unconnected or has no load
WARNING: [Synth 8-7129] Port mem_wb[read_data][12] in module writeback_stage is either unconnected or has no load
WARNING: [Synth 8-7129] Port mem_wb[read_data][11] in module writeback_stage is either unconnected or has no load
WARNING: [Synth 8-7129] Port mem_wb[read_data][10] in module writeback_stage is either unconnected or has no load
WARNING: [Synth 8-7129] Port mem_wb[read_data][9] in module writeback_stage is either unconnected or has no load
WARNING: [Synth 8-7129] Port mem_wb[read_data][8] in module writeback_stage is either unconnected or has no load
WARNING: [Synth 8-7129] Port mem_wb[read_data][7] in module writeback_stage is either unconnected or has no load
WARNING: [Synth 8-7129] Port mem_wb[read_data][6] in module writeback_stage is either unconnected or has no load
WARNING: [Synth 8-7129] Port mem_wb[read_data][5] in module writeback_stage is either unconnected or has no load
WARNING: [Synth 8-7129] Port mem_wb[read_data][4] in module writeback_stage is either unconnected or has no load
WARNING: [Synth 8-7129] Port mem_wb[read_data][3] in module writeback_stage is either unconnected or has no load
WARNING: [Synth 8-7129] Port mem_wb[read_data][2] in module writeback_stage is either unconnected or has no load
WARNING: [Synth 8-7129] Port mem_wb[read_data][1] in module writeback_stage is either unconnected or has no load
WARNING: [Synth 8-7129] Port mem_wb[execute_out][31] in module writeback_stage is either unconnected or has no load
WARNING: [Synth 8-7129] Port mem_wb[execute_out][30] in module writeback_stage is either unconnected or has no load
WARNING: [Synth 8-7129] Port mem_wb[execute_out][29] in module writeback_stage is either unconnected or has no load
WARNING: [Synth 8-7129] Port mem_wb[execute_out][28] in module writeback_stage is either unconnected or has no load
WARNING: [Synth 8-7129] Port mem_wb[execute_out][27] in module writeback_stage is either unconnected or has no load
WARNING: [Synth 8-7129] Port mem_wb[execute_out][26] in module writeback_stage is either unconnected or has no load
WARNING: [Synth 8-7129] Port mem_wb[execute_out][25] in module writeback_stage is either unconnected or has no load
WARNING: [Synth 8-7129] Port mem_wb[execute_out][24] in module writeback_stage is either unconnected or has no load
WARNING: [Synth 8-7129] Port mem_wb[execute_out][23] in module writeback_stage is either unconnected or has no load
WARNING: [Synth 8-7129] Port mem_wb[execute_out][22] in module writeback_stage is either unconnected or has no load
WARNING: [Synth 8-7129] Port mem_wb[execute_out][21] in module writeback_stage is either unconnected or has no load
WARNING: [Synth 8-7129] Port mem_wb[execute_out][20] in module writeback_stage is either unconnected or has no load
WARNING: [Synth 8-7129] Port mem_wb[execute_out][19] in module writeback_stage is either unconnected or has no load
WARNING: [Synth 8-7129] Port mem_wb[execute_out][18] in module writeback_stage is either unconnected or has no load
WARNING: [Synth 8-7129] Port mem_wb[execute_out][17] in module writeback_stage is either unconnected or has no load
WARNING: [Synth 8-7129] Port mem_wb[execute_out][16] in module writeback_stage is either unconnected or has no load
WARNING: [Synth 8-7129] Port mem_wb[execute_out][15] in module writeback_stage is either unconnected or has no load
WARNING: [Synth 8-7129] Port mem_wb[execute_out][14] in module writeback_stage is either unconnected or has no load
WARNING: [Synth 8-7129] Port mem_wb[execute_out][13] in module writeback_stage is either unconnected or has no load
WARNING: [Synth 8-7129] Port mem_wb[execute_out][12] in module writeback_stage is either unconnected or has no load
WARNING: [Synth 8-7129] Port mem_wb[execute_out][11] in module writeback_stage is either unconnected or has no load
WARNING: [Synth 8-7129] Port mem_wb[execute_out][10] in module writeback_stage is either unconnected or has no load
WARNING: [Synth 8-7129] Port mem_wb[execute_out][9] in module writeback_stage is either unconnected or has no load
WARNING: [Synth 8-7129] Port mem_wb[execute_out][8] in module writeback_stage is either unconnected or has no load
WARNING: [Synth 8-7129] Port mem_wb[execute_out][7] in module writeback_stage is either unconnected or has no load
WARNING: [Synth 8-7129] Port mem_wb[execute_out][6] in module writeback_stage is either unconnected or has no load
WARNING: [Synth 8-7129] Port mem_wb[execute_out][5] in module writeback_stage is either unconnected or has no load
WARNING: [Synth 8-7129] Port mem_wb[execute_out][4] in module writeback_stage is either unconnected or has no load
WARNING: [Synth 8-7129] Port mem_wb[execute_out][3] in module writeback_stage is either unconnected or has no load
WARNING: [Synth 8-7129] Port mem_wb[execute_out][2] in module writeback_stage is either unconnected or has no load
WARNING: [Synth 8-7129] Port mem_wb[execute_out][1] in module writeback_stage is either unconnected or has no load
WARNING: [Synth 8-7129] Port ex_mem[func7][6] in module memory_stage is either unconnected or has no load
WARNING: [Synth 8-7129] Port ex_mem[func7][5] in module memory_stage is either unconnected or has no load
WARNING: [Synth 8-7129] Port ex_mem[func7][4] in module memory_stage is either unconnected or has no load
WARNING: [Synth 8-7129] Port ex_mem[func7][3] in module memory_stage is either unconnected or has no load
WARNING: [Synth 8-7129] Port rst_n in module execute_stage is either unconnected or has no load
WARNING: [Synth 8-7129] Port id_ex[pc][31] in module execute_stage is either unconnected or has no load
WARNING: [Synth 8-7129] Port id_ex[pc][30] in module execute_stage is either unconnected or has no load
WARNING: [Synth 8-7129] Port id_ex[pc][29] in module execute_stage is either unconnected or has no load
WARNING: [Synth 8-7129] Port id_ex[pc][28] in module execute_stage is either unconnected or has no load
WARNING: [Synth 8-7129] Port id_ex[pc][27] in module execute_stage is either unconnected or has no load
WARNING: [Synth 8-7129] Port id_ex[pc][26] in module execute_stage is either unconnected or has no load
WARNING: [Synth 8-7129] Port id_ex[pc][25] in module execute_stage is either unconnected or has no load
WARNING: [Synth 8-7129] Port id_ex[pc][24] in module execute_stage is either unconnected or has no load
WARNING: [Synth 8-7129] Port id_ex[pc][23] in module execute_stage is either unconnected or has no load
WARNING: [Synth 8-7129] Port id_ex[pc][22] in module execute_stage is either unconnected or has no load
WARNING: [Synth 8-7129] Port id_ex[pc][21] in module execute_stage is either unconnected or has no load
WARNING: [Synth 8-7129] Port id_ex[pc][20] in module execute_stage is either unconnected or has no load
WARNING: [Synth 8-7129] Port id_ex[pc][19] in module execute_stage is either unconnected or has no load
WARNING: [Synth 8-7129] Port id_ex[pc][18] in module execute_stage is either unconnected or has no load
WARNING: [Synth 8-7129] Port id_ex[pc][17] in module execute_stage is either unconnected or has no load
WARNING: [Synth 8-7129] Port id_ex[pc][16] in module execute_stage is either unconnected or has no load
WARNING: [Synth 8-7129] Port id_ex[pc][15] in module execute_stage is either unconnected or has no load
WARNING: [Synth 8-7129] Port id_ex[pc][14] in module execute_stage is either unconnected or has no load
WARNING: [Synth 8-7129] Port id_ex[pc][13] in module execute_stage is either unconnected or has no load
WARNING: [Synth 8-7129] Port id_ex[pc][12] in module execute_stage is either unconnected or has no load
WARNING: [Synth 8-7129] Port id_ex[pc][11] in module execute_stage is either unconnected or has no load
WARNING: [Synth 8-7129] Port id_ex[pc][10] in module execute_stage is either unconnected or has no load
WARNING: [Synth 8-7129] Port id_ex[pc][9] in module execute_stage is either unconnected or has no load
WARNING: [Synth 8-7129] Port id_ex[pc][8] in module execute_stage is either unconnected or has no load
WARNING: [Synth 8-7129] Port id_ex[pc][7] in module execute_stage is either unconnected or has no load
INFO: [Common 17-14] Message 'Synth 8-7129' appears 100 times and further instances of the messages will be disabled. Use the Tcl command set_msg_config to change the current settings.
---------------------------------------------------------------------------------
Finished RTL Elaboration : Time (s): cpu = 00:00:04 ; elapsed = 00:00:04 . Memory (MB): peak = 2503.348 ; gain = 519.703 ; free physical = 823 ; free virtual = 11367
---------------------------------------------------------------------------------
---------------------------------------------------------------------------------
Start Handling Custom Attributes
---------------------------------------------------------------------------------
---------------------------------------------------------------------------------
Finished Handling Custom Attributes : Time (s): cpu = 00:00:04 ; elapsed = 00:00:04 . Memory (MB): peak = 2521.160 ; gain = 537.516 ; free physical = 812 ; free virtual = 11357
---------------------------------------------------------------------------------
---------------------------------------------------------------------------------
Finished RTL Optimization Phase 1 : Time (s): cpu = 00:00:04 ; elapsed = 00:00:04 . Memory (MB): peak = 2521.160 ; gain = 537.516 ; free physical = 812 ; free virtual = 11357
---------------------------------------------------------------------------------
Netlist sorting complete. Time (s): cpu = 00:00:00.01 ; elapsed = 00:00:00.01 . Memory (MB): peak = 2521.160 ; gain = 0.000 ; free physical = 812 ; free virtual = 11357
INFO: [Project 1-570] Preparing netlist for logic optimization

Processing XDC Constraints
Initializing timing engine
Parsing XDC File [/home/srn6/pprojs/risc-v/risc-v/risc-v.gen/sources_1/ip/blk_mem_gen_0/blk_mem_gen_0/blk_mem_gen_0_in_context.xdc] for cell 'u_fetch/instr_mem/i_mem'
Finished Parsing XDC File [/home/srn6/pprojs/risc-v/risc-v/risc-v.gen/sources_1/ip/blk_mem_gen_0/blk_mem_gen_0/blk_mem_gen_0_in_context.xdc] for cell 'u_fetch/instr_mem/i_mem'
Parsing XDC File [/home/srn6/pprojs/risc-v/risc-v/risc-v.gen/sources_1/ip/blk_mem_gen_1/blk_mem_gen_1/blk_mem_gen_1_in_context.xdc] for cell 'u_memory/main_mem/main_mem_block'
Finished Parsing XDC File [/home/srn6/pprojs/risc-v/risc-v/risc-v.gen/sources_1/ip/blk_mem_gen_1/blk_mem_gen_1/blk_mem_gen_1_in_context.xdc] for cell 'u_memory/main_mem/main_mem_block'
Parsing XDC File [/home/srn6/pprojs/risc-v/risc-v/risc-v.srcs/constrs_1/new/constraints.xdc]
Finished Parsing XDC File [/home/srn6/pprojs/risc-v/risc-v/risc-v.srcs/constrs_1/new/constraints.xdc]
INFO: [Project 1-236] Implementation specific constraints were found while reading constraint file [/home/srn6/pprojs/risc-v/risc-v/risc-v.srcs/constrs_1/new/constraints.xdc]. These constraints will be ignored for synthesis but will be used in implementation. Impacted constraints are listed in the file [.Xil/top_propImpl.xdc].
Resolution: To avoid this warning, move constraints listed in [.Xil/top_propImpl.xdc] to another XDC file and exclude this new file from synthesis with the used_in_synthesis property (File Properties dialog in GUI) and re-run elaboration/synthesis.
Completed Processing XDC Constraints

Netlist sorting complete. Time (s): cpu = 00:00:00 ; elapsed = 00:00:00 . Memory (MB): peak = 2645.898 ; gain = 0.000 ; free physical = 734 ; free virtual = 11279
INFO: [Project 1-111] Unisim Transformation Summary:
No Unisim elements were transformed.

Constraint Validation Runtime : Time (s): cpu = 00:00:00.01 ; elapsed = 00:00:00.01 . Memory (MB): peak = 2645.934 ; gain = 0.000 ; free physical = 734 ; free virtual = 11277
WARNING: [Timing 38-316] Clock period '20.000' specified during out-of-context synthesis of instance 'u_fetch/instr_mem/i_mem' at clock pin 'clka' is different from the actual clock period '3.000', this can lead to different synthesis results.
WARNING: [Timing 38-316] Clock period '20.000' specified during out-of-context synthesis of instance 'u_memory/main_mem/main_mem_block' at clock pin 'clka' is different from the actual clock period '3.000', this can lead to different synthesis results.
INFO: [Designutils 20-5440] No compile time benefit to using incremental synthesis; A full resynthesis will be run
INFO: [Designutils 20-4379] Flow is switching to default flow due to incremental criteria not met. If you would like to alter this behaviour and have the flow terminate instead, please set the following parameter config_implementation {autoIncr.Synth.RejectBehavior Terminate}
---------------------------------------------------------------------------------
Finished Constraint Validation : Time (s): cpu = 00:00:08 ; elapsed = 00:00:09 . Memory (MB): peak = 2645.934 ; gain = 662.289 ; free physical = 783 ; free virtual = 11326
---------------------------------------------------------------------------------
---------------------------------------------------------------------------------
Start Loading Part and Timing Information
---------------------------------------------------------------------------------
Loading part: xc7s50csga324-1IL
---------------------------------------------------------------------------------
Finished Loading Part and Timing Information : Time (s): cpu = 00:00:08 ; elapsed = 00:00:09 . Memory (MB): peak = 2653.902 ; gain = 670.258 ; free physical = 783 ; free virtual = 11326
---------------------------------------------------------------------------------
---------------------------------------------------------------------------------
Start Applying 'set_property' XDC Constraints
---------------------------------------------------------------------------------
---------------------------------------------------------------------------------
Finished applying 'set_property' XDC Constraints : Time (s): cpu = 00:00:08 ; elapsed = 00:00:09 . Memory (MB): peak = 2653.902 ; gain = 670.258 ; free physical = 783 ; free virtual = 11326
---------------------------------------------------------------------------------
INFO: [Synth 8-3971] The signal "decode_stage:/register_file_reg" was recognized as a true dual port RAM template.
---------------------------------------------------------------------------------
Finished RTL Optimization Phase 2 : Time (s): cpu = 00:00:08 ; elapsed = 00:00:09 . Memory (MB): peak = 2653.902 ; gain = 670.258 ; free physical = 783 ; free virtual = 11327
---------------------------------------------------------------------------------
---------------------------------------------------------------------------------
Start RTL Component Statistics 
---------------------------------------------------------------------------------
Detailed RTL Component Info : 
+---Adders : 
	   3 Input   32 Bit       Adders := 1     
	   2 Input   32 Bit       Adders := 1     
+---XORs : 
	   2 Input     32 Bit         XORs := 1     
+---Registers : 
	               32 Bit    Registers := 18    
	                7 Bit    Registers := 8     
	                5 Bit    Registers := 6     
	                3 Bit    Registers := 7     
	                1 Bit    Registers := 13    
+---RAMs : 
	             1024 Bit	(32 X 32 bit)          RAMs := 1     
+---Muxes : 
	   2 Input    4 Bit        Muxes := 1     
	   3 Input    4 Bit        Muxes := 1     
	   2 Input    1 Bit        Muxes := 2     
---------------------------------------------------------------------------------
Finished RTL Component Statistics 
---------------------------------------------------------------------------------
---------------------------------------------------------------------------------
Start Part Resource Summary
---------------------------------------------------------------------------------
Part Resources:
DSPs: 120 (col length:60)
BRAMs: 150 (col length: RAMB18 60 RAMB36 30)
---------------------------------------------------------------------------------
Finished Part Resource Summary
---------------------------------------------------------------------------------
---------------------------------------------------------------------------------
Start Cross Boundary and Area Optimization
---------------------------------------------------------------------------------
WARNING: [Synth 8-7080] Parallel synthesis criteria is not met
INFO: [Synth 8-3971] The signal "top/u_decode/register_file_reg" was recognized as a true dual port RAM template.
---------------------------------------------------------------------------------
Finished Cross Boundary and Area Optimization : Time (s): cpu = 00:00:09 ; elapsed = 00:00:11 . Memory (MB): peak = 2653.902 ; gain = 670.258 ; free physical = 775 ; free virtual = 11322
---------------------------------------------------------------------------------
---------------------------------------------------------------------------------
Start ROM, RAM, DSP, Shift Register and Retiming Reporting
---------------------------------------------------------------------------------

Block RAM: Preliminary Mapping Report (see note below)
-------NONE-------
Note: The table above is a preliminary report that shows the Block RAMs at the current stage of the synthesis flow. Some Block RAMs may be reimplemented as non Block RAM primitives later in the synthesis flow. Multiple instantiated Block RAMs are reported only once. 
---------------------------------------------------------------------------------
Finished ROM, RAM, DSP, Shift Register and Retiming Reporting
---------------------------------------------------------------------------------
---------------------------------------------------------------------------------
Start Applying XDC Timing Constraints
---------------------------------------------------------------------------------
---------------------------------------------------------------------------------
Finished Applying XDC Timing Constraints : Time (s): cpu = 00:00:12 ; elapsed = 00:00:14 . Memory (MB): peak = 2686.902 ; gain = 703.258 ; free physical = 759 ; free virtual = 11306
---------------------------------------------------------------------------------
---------------------------------------------------------------------------------
Start Timing Optimization
---------------------------------------------------------------------------------
INFO: [Synth 8-5584] The signal "top/u_decode/register_file_reg" is implemented as distributed LUT RAM for the following reason(s): The timing constraints suggest that the chosen mapping will yield better timing results.
---------------------------------------------------------------------------------
Finished Timing Optimization : Time (s): cpu = 00:00:12 ; elapsed = 00:00:14 . Memory (MB): peak = 2706.934 ; gain = 723.289 ; free physical = 742 ; free virtual = 11288
---------------------------------------------------------------------------------
---------------------------------------------------------------------------------
Start ROM, RAM, DSP, Shift Register and Retiming Reporting
---------------------------------------------------------------------------------

Distributed RAM: Final Mapping Report
-------NONE-------
---------------------------------------------------------------------------------
Finished ROM, RAM, DSP, Shift Register and Retiming Reporting
---------------------------------------------------------------------------------
---------------------------------------------------------------------------------
Start Technology Mapping
---------------------------------------------------------------------------------
---------------------------------------------------------------------------------
Finished Technology Mapping : Time (s): cpu = 00:00:12 ; elapsed = 00:00:14 . Memory (MB): peak = 2706.934 ; gain = 723.289 ; free physical = 741 ; free virtual = 11288
---------------------------------------------------------------------------------
---------------------------------------------------------------------------------
Start IO Insertion
---------------------------------------------------------------------------------
---------------------------------------------------------------------------------
Start Flattening Before IO Insertion
---------------------------------------------------------------------------------
---------------------------------------------------------------------------------
Finished Flattening Before IO Insertion
---------------------------------------------------------------------------------
---------------------------------------------------------------------------------
Start Final Netlist Cleanup
---------------------------------------------------------------------------------
---------------------------------------------------------------------------------
Finished Final Netlist Cleanup
---------------------------------------------------------------------------------
---------------------------------------------------------------------------------
Finished IO Insertion : Time (s): cpu = 00:00:15 ; elapsed = 00:00:16 . Memory (MB): peak = 2873.746 ; gain = 890.102 ; free physical = 599 ; free virtual = 11129
---------------------------------------------------------------------------------
---------------------------------------------------------------------------------
Start Renaming Generated Instances
---------------------------------------------------------------------------------
---------------------------------------------------------------------------------
Finished Renaming Generated Instances : Time (s): cpu = 00:00:15 ; elapsed = 00:00:16 . Memory (MB): peak = 2873.746 ; gain = 890.102 ; free physical = 599 ; free virtual = 11129
---------------------------------------------------------------------------------
---------------------------------------------------------------------------------
Start Rebuilding User Hierarchy
---------------------------------------------------------------------------------
---------------------------------------------------------------------------------
Finished Rebuilding User Hierarchy : Time (s): cpu = 00:00:15 ; elapsed = 00:00:16 . Memory (MB): peak = 2873.746 ; gain = 890.102 ; free physical = 599 ; free virtual = 11129
---------------------------------------------------------------------------------
---------------------------------------------------------------------------------
Start Renaming Generated Ports
---------------------------------------------------------------------------------
---------------------------------------------------------------------------------
Finished Renaming Generated Ports : Time (s): cpu = 00:00:15 ; elapsed = 00:00:16 . Memory (MB): peak = 2873.746 ; gain = 890.102 ; free physical = 599 ; free virtual = 11129
---------------------------------------------------------------------------------
---------------------------------------------------------------------------------
Start Handling Custom Attributes
---------------------------------------------------------------------------------
---------------------------------------------------------------------------------
Finished Handling Custom Attributes : Time (s): cpu = 00:00:15 ; elapsed = 00:00:16 . Memory (MB): peak = 2873.746 ; gain = 890.102 ; free physical = 600 ; free virtual = 11130
---------------------------------------------------------------------------------
---------------------------------------------------------------------------------
Start Renaming Generated Nets
---------------------------------------------------------------------------------
---------------------------------------------------------------------------------
Finished Renaming Generated Nets : Time (s): cpu = 00:00:15 ; elapsed = 00:00:16 . Memory (MB): peak = 2873.746 ; gain = 890.102 ; free physical = 599 ; free virtual = 11129
---------------------------------------------------------------------------------
---------------------------------------------------------------------------------
Start Writing Synthesis Report
---------------------------------------------------------------------------------

Report BlackBoxes: 
+------+--------------+----------+
|      |BlackBox name |Instances |
+------+--------------+----------+
|1     |blk_mem_gen_0 |         1|
|2     |blk_mem_gen_1 |         1|
+------+--------------+----------+

Report Cell Usage: 
+------+------------+------+
|      |Cell        |Count |
+------+------------+------+
|1     |blk_mem_gen |     2|
|3     |BUFG        |     1|
|4     |CARRY4      |    16|
|5     |LUT1        |     1|
|6     |LUT2        |     1|
|7     |LUT3        |     1|
|8     |LUT4        |     1|
|9     |LUT5        |     1|
|10    |LUT6        |     5|
|11    |FDRE        |   120|
|12    |IBUF        |     1|
|13    |OBUF        |    32|
+------+------------+------+
---------------------------------------------------------------------------------
Finished Writing Synthesis Report : Time (s): cpu = 00:00:15 ; elapsed = 00:00:16 . Memory (MB): peak = 2873.746 ; gain = 890.102 ; free physical = 599 ; free virtual = 11129
---------------------------------------------------------------------------------
Synthesis finished with 0 errors, 0 critical warnings and 139 warnings.
Synthesis Optimization Runtime : Time (s): cpu = 00:00:14 ; elapsed = 00:00:15 . Memory (MB): peak = 2873.746 ; gain = 765.328 ; free physical = 599 ; free virtual = 11129
Synthesis Optimization Complete : Time (s): cpu = 00:00:15 ; elapsed = 00:00:16 . Memory (MB): peak = 2873.754 ; gain = 890.102 ; free physical = 599 ; free virtual = 11129
INFO: [Project 1-571] Translating synthesized netlist
Netlist sorting complete. Time (s): cpu = 00:00:00 ; elapsed = 00:00:00.01 . Memory (MB): peak = 2873.754 ; gain = 0.000 ; free physical = 734 ; free virtual = 11264
INFO: [Netlist 29-17] Analyzing 16 Unisim elements for replacement
INFO: [Netlist 29-28] Unisim Transformation completed in 2 CPU seconds
INFO: [Project 1-570] Preparing netlist for logic optimization
INFO: [Opt 31-138] Pushed 0 inverter(s) to 0 load pin(s).
Netlist sorting complete. Time (s): cpu = 00:00:00 ; elapsed = 00:00:00 . Memory (MB): peak = 2873.754 ; gain = 0.000 ; free physical = 765 ; free virtual = 11295
INFO: [Project 1-111] Unisim Transformation Summary:
No Unisim elements were transformed.

Synth Design complete | Checksum: 6e324084
INFO: [Common 17-83] Releasing license: Synthesis
46 Infos, 120 Warnings, 0 Critical Warnings and 0 Errors encountered.
synth_design completed successfully
synth_design: Time (s): cpu = 00:00:20 ; elapsed = 00:00:21 . Memory (MB): peak = 2873.781 ; gain = 1030.215 ; free physical = 765 ; free virtual = 11295
INFO: [Common 17-2834] synth_design peak Physical Memory [PSS] (MB): overall = 1872.956; main = 1863.617; forked = 283.467
INFO: [Common 17-2834] synth_design peak Virtual Memory [VSS] (MB): overall = 4240.770; main = 2873.750; forked = 1586.863
Write ShapeDB Complete: Time (s): cpu = 00:00:00 ; elapsed = 00:00:00 . Memory (MB): peak = 2897.758 ; gain = 0.000 ; free physical = 763 ; free virtual = 11292
INFO: [Common 17-1381] The checkpoint '/home/srn6/pprojs/risc-v/risc-v/risc-v.runs/synth_1/top.dcp' has been generated.
INFO: [Vivado 12-24828] Executing command : report_utilization -file top_utilization_synth.rpt -pb top_utilization_synth.pb
INFO: [Common 17-206] Exiting Vivado at Wed Mar  4 22:44:53 2026...
