INFO: [VRFC 10-2263] Analyzing Verilog file "/home/srn6/pprojs/risc-v/risc-v/risc-v.gen/sources_1/ip/blk_mem_gen_1_1/sim/blk_mem_gen_1.v" into library xil_defaultlib
INFO: [VRFC 10-311] analyzing module blk_mem_gen_1
INFO: [VRFC 10-2263] Analyzing Verilog file "/home/srn6/pprojs/risc-v/risc-v/risc-v.gen/sources_1/ip/blk_mem_gen_0_1/sim/blk_mem_gen_0.v" into library xil_defaultlib
INFO: [VRFC 10-311] analyzing module blk_mem_gen_0
INFO: [VRFC 10-2263] Analyzing SystemVerilog file "/home/srn6/pprojs/risc-v/risc-v/risc-v.srcs/sources_1/new/rv_pipe_pkg.sv" into library xil_defaultlib
INFO: [VRFC 10-2263] Analyzing SystemVerilog file "/home/srn6/pprojs/risc-v/risc-v/risc-v.srcs/sources_1/new/top.sv" into library xil_defaultlib
INFO: [VRFC 10-311] analyzing module top
INFO: [VRFC 10-2263] Analyzing SystemVerilog file "/home/srn6/pprojs/risc-v/risc-v/risc-v.srcs/sources_1/new/fetch_stage.sv" into library xil_defaultlib
INFO: [VRFC 10-311] analyzing module fetch_stage
INFO: [VRFC 10-2263] Analyzing SystemVerilog file "/home/srn6/pprojs/risc-v/risc-v/risc-v.srcs/sources_1/new/instruction_memory.sv" into library xil_defaultlib
INFO: [VRFC 10-311] analyzing module instruction_memory
INFO: [VRFC 10-2263] Analyzing SystemVerilog file "/home/srn6/pprojs/risc-v/risc-v/risc-v.srcs/sources_1/new/decode_stage.sv" into library xil_defaultlib
INFO: [VRFC 10-311] analyzing module decode_stage
INFO: [VRFC 10-2263] Analyzing SystemVerilog file "/home/srn6/pprojs/risc-v/risc-v/risc-v.srcs/sources_1/new/execute_stage.sv" into library xil_defaultlib
INFO: [VRFC 10-311] analyzing module execute_stage
INFO: [VRFC 10-2263] Analyzing SystemVerilog file "/home/srn6/pprojs/risc-v/risc-v/risc-v.srcs/sources_1/new/memory_stage.sv" into library xil_defaultlib
INFO: [VRFC 10-311] analyzing module memory_stage
INFO: [VRFC 10-2263] Analyzing SystemVerilog file "/home/srn6/pprojs/risc-v/risc-v/risc-v.srcs/sources_1/new/main_memory.sv" into library xil_defaultlib
INFO: [VRFC 10-311] analyzing module main_memory
INFO: [VRFC 10-2263] Analyzing SystemVerilog file "/home/srn6/pprojs/risc-v/risc-v/risc-v.srcs/sources_1/new/writeback_stage.sv" into library xil_defaultlib
INFO: [VRFC 10-311] analyzing module writeback_stage
INFO: [VRFC 10-2263] Analyzing SystemVerilog file "/home/srn6/pprojs/risc-v/risc-v/risc-v.srcs/sources_1/new/L1_instruction_cache.sv" into library xil_defaultlib
INFO: [VRFC 10-2263] Analyzing SystemVerilog file "/home/srn6/pprojs/risc-v/risc-v/risc-v.srcs/sources_1/new/tb_top.sv" into library xil_defaultlib
INFO: [VRFC 10-311] analyzing module tb_top
